Component: ARM Compiler 5.06 update 7 (build 960) Tool: armlink [4d3601]

==============================================================================

Section Cross References

    main.o(i.loop_oled) refers to systick.o(i.Millis) for Millis
    main.o(i.loop_oled) refers to oled.o(i.OLED_Clear) for OLED_Clear
    main.o(i.loop_oled) refers to oled.o(i.OLED_Print) for OLED_Print
    main.o(i.loop_oled) refers to main.o(.data) for last_tick
    main.o(i.loop_oled) refers to application.o(.data) for SetMode
    main.o(i.main) refers to application.o(i.setup_app) for setup_app
    main.o(i.main) refers to main.o(i.loop_oled) for loop_oled
    main.o(i.main) refers to application.o(i.loop_app) for loop_app
    global.o(i.abs_float) refers to cfrcmple.o(.text) for __aeabi_cfrcmple
    global.o(i.map) refers to fadd.o(.text) for __aeabi_fsub
    global.o(i.map) refers to fmul.o(.text) for __aeabi_fmul
    global.o(i.map) refers to fdiv.o(.text) for __aeabi_fdiv
    application.o(i.Led_Blink) refers to systick.o(i.Millis) for Millis
    application.o(i.Led_Blink) refers to stm32f10x_gpio.o(i.GPIO_ReadOutputDataBit) for GPIO_ReadOutputDataBit
    application.o(i.Led_Blink) refers to stm32f10x_gpio.o(i.GPIO_WriteBit) for GPIO_WriteBit
    application.o(i.Led_Blink) refers to application.o(.data) for systick_ms_bak_led
    application.o(i.LoopMode) refers to systick.o(i.Millis) for Millis
    application.o(i.LoopMode) refers to function.o(i.ColorTask) for ColorTask
    application.o(i.LoopMode) refers to uart.o(i.uart2_send_str) for uart2_send_str
    application.o(i.LoopMode) refers to function.o(i.JoystickTask) for JoystickTask
    application.o(i.LoopMode) refers to function.o(i.UsTask) for UsTask
    application.o(i.LoopMode) refers to function.o(i.SoundTouchTask) for SoundTouchTask
    application.o(i.LoopMode) refers to app_ps2.o(i.AppPs2Run) for AppPs2Run
    application.o(i.LoopMode) refers to application.o(.data) for systick_ms_bak_mode
    application.o(i.LoopVisionMode) refers to systick.o(i.Millis) for Millis
    application.o(i.LoopVisionMode) refers to uart.o(i.uart2_send_str) for uart2_send_str
    application.o(i.LoopVisionMode) refers to application.o(.data) for systick_ms_bak_mode
    application.o(i.Loop_Uart) refers to protocol.o(i.Parse_Group_Cmd) for Parse_Group_Cmd
    application.o(i.Loop_Uart) refers to protocol.o(i.Parse_Cmd) for Parse_Cmd
    application.o(i.Loop_Uart) refers to protocol.o(i.Parse_Action) for Parse_Action
    application.o(i.Loop_Uart) refers to protocol.o(i.Save_Action) for Save_Action
    application.o(i.Loop_Uart) refers to uart.o(.data) for Uart_GetOK
    application.o(i.Loop_Uart) refers to uart.o(.bss) for Uart_ReceiveBuf
    application.o(i.Parameter_Init) refers to spi_flash.o(i.SpiFlash_Read) for SpiFlash_Read
    application.o(i.Parameter_Init) refers to printfa.o(i.__0sprintf) for __2sprintf
    application.o(i.Parameter_Init) refers to uart.o(i.uart1_send_str) for uart1_send_str
    application.o(i.Parameter_Init) refers to protocol.o(.bss) for eeprom_info
    application.o(i.ServoState_Init) refers to ffltui.o(.text) for __aeabi_ui2f
    application.o(i.ServoState_Init) refers to protocol.o(.bss) for eeprom_info
    application.o(i.ServoState_Init) refers to pwmservo.o(.bss) for duoji_doing
    application.o(i.Uart_Init) refers to uart.o(i.Uart1_Init) for Uart1_Init
    application.o(i.Uart_Init) refers to uart.o(i.Uart2_Init) for Uart2_Init
    application.o(i.Uart_Init) refers to uart.o(i.Uart3_Init) for Uart3_Init
    application.o(i.loop_Joystick_key) refers to systick.o(i.Millis) for Millis
    application.o(i.loop_Joystick_key) refers to stm32f10x_gpio.o(i.GPIO_ResetBits) for GPIO_ResetBits
    application.o(i.loop_Joystick_key) refers to stm32f10x_gpio.o(i.GPIO_ReadInputDataBit) for GPIO_ReadInputDataBit
    application.o(i.loop_Joystick_key) refers to uart.o(i.SetPrintfUart) for SetPrintfUart
    application.o(i.loop_Joystick_key) refers to printfa.o(i.__0printf) for __2printf
    application.o(i.loop_Joystick_key) refers to stm32f10x_gpio.o(i.GPIO_SetBits) for GPIO_SetBits
    application.o(i.loop_Joystick_key) refers to uart.o(i.uart1_send_str) for uart1_send_str
    application.o(i.loop_Joystick_key) refers to application.o(.data) for SetMode
    application.o(i.loop_Joystick_key) refers to function.o(.data) for clampMode
    application.o(i.loop_app) refers to application.o(i.Led_Blink) for Led_Blink
    application.o(i.loop_app) refers to application.o(i.loop_key) for loop_key
    application.o(i.loop_app) refers to application.o(i.loop_Joystick_key) for loop_Joystick_key
    application.o(i.loop_app) refers to application.o(i.Loop_Uart) for Loop_Uart
    application.o(i.loop_app) refers to action.o(i.Loop_Action) for Loop_Action
    application.o(i.loop_app) refers to application.o(i.LoopMode) for LoopMode
    application.o(i.loop_app) refers to application.o(i.LoopVisionMode) for LoopVisionMode
[...]
    _fp_digits                               0x08005c81   Thumb Code   366  printfa.o(i._fp_digits)
    i._is_digit                              0x08005e04   Section        0  scanf_fp.o(i._is_digit)
    i._printf_core                           0x08005e14   Section        0  printfa.o(i._printf_core)
    _printf_core                             0x08005e15   Thumb Code  1704  printfa.o(i._printf_core)
    i._printf_post_padding                   0x080064c8   Section        0  printfa.o(i._printf_post_padding)
    _printf_post_padding                     0x080064c9   Thumb Code    36  printfa.o(i._printf_post_padding)
    i._printf_pre_padding                    0x080064ec   Section        0  printfa.o(i._printf_pre_padding)
    _printf_pre_padding                      0x080064ed   Thumb Code    46  printfa.o(i._printf_pre_padding)
    i._sputc                                 0x0800651a   Section        0  printfa.o(i._sputc)
    _sputc                                   0x0800651b   Thumb Code    10  printfa.o(i._sputc)
    i.abs_float                              0x08006524   Section        0  global.o(i.abs_float)
    i.abs_int                                0x0800653c   Section        0  global.o(i.abs_int)
    i.angle_to_PWM                           0x0800654c   Section        0  protocol.o(i.angle_to_PWM)
    i.atan2f                                 0x08006618   Section        0  atan2f.o(i.atan2f)
    i.cosf                                   0x080068bc   Section        0  cosf.o(i.cosf)
    i.fmax                                   0x08006a38   Section        0  fmax.o(i.fmax)
    i.fmin                                   0x08006a7a   Section        0  fmin.o(i.fmin)
    i.fputc                                  0x08006abc   Section        0  uart.o(i.fputc)
    i.inverseKinematics                      0x08006b34   Section        0  kinematics.o(i.inverseKinematics)
    i.loop_Joystick_key                      0x080072dc   Section        0  application.o(i.loop_Joystick_key)
    i.loop_app                               0x08007414   Section        0  application.o(i.loop_app)
    i.loop_key                               0x08007438   Section        0  application.o(i.loop_key)
    i.loop_oled                              0x080074f8   Section        0  main.o(i.loop_oled)
    i.main                                   0x080076dc   Section        0  main.o(i.main)
    i.setup_app                              0x080076ec   Section        0  application.o(i.setup_app)
    i.setup_run_action                       0x08007790   Section        0  application.o(i.setup_run_action)
    i.sinf                                   0x080077c0   Section        0  sinf.o(i.sinf)
    i.sqrtf                                  0x08007948   Section        0  sqrtf.o(i.sqrtf)
    i.uart1_send_str                         0x08007974   Section        0  uart.o(i.uart1_send_str)
    i.uart2_send_str                         0x080079a0   Section        0  uart.o(i.uart2_send_str)
    .constdata                               0x080079e4   Section       24  protocol.o(.constdata)
    .constdata                               0x080079fc   Section      144  kinematics.o(.constdata)
    .constdata                               0x08007a8c   Section       99  function.o(.constdata)
    color_map                                0x08007a8c   Data          99  function.o(.constdata)
    .constdata                               0x08007af0   Section     3364  oled.o(.constdata)
    .constdata                               0x08008814   Section       20  ps2.o(.constdata)
    .constdata                               0x08008828   Section       32  rredf.o(.constdata)
    twooverpi                                0x08008828   Data          32  rredf.o(.constdata)
    .constdata                               0x08008848   Section       64  ctype_c.o(.constdata)
    .conststring                             0x08008888   Section      645  app_ps2.o(.conststring)
    .data                                    0x20000000   Section     1029  main.o(.data)
    last_tick                                0x20000400   Data           4  main.o(.data)
    last_mode                                0x20000404   Data           1  main.o(.data)
    .data                                    0x20000408   Section       33  application.o(.data)
    systick_ms_bak_led                       0x2000040c   Data           4  application.o(.data)
    tick_bak                                 0x20000410   Data           4  application.o(.data)
    state                                    0x20000414   Data           1  application.o(.data)
    Joystick_tick_bak                        0x20000418   Data           4  application.o(.data)
    state1                                   0x2000041c   Data           1  application.o(.data)
    toggle                                   0x2000041d   Data           1  application.o(.data)
    systick_ms_bak_mode                      0x20000420   Data           4  application.o(.data)
    systick_ms_bak_mode                      0x20000424   Data           4  application.o(.data)
    last_mode                                0x20000428   Data           1  application.o(.data)
    .data                                    0x2000042c   Section       32  action.o(.data)
    systick_ms_bak                           0x20000448   Data           4  action.o(.data)
    .data                                    0x2000044c   Section       88  app_ps2.o(.data)
    pos_x                                    0x2000044c   Data           4  app_ps2.o(.data)
    pos_y                                    0x20000450   Data           4  app_ps2.o(.data)
    pos_z                                    0x20000454   Data           4  app_ps2.o(.data)
    systick_ms_bak                           0x20000498   Data           4  app_ps2.o(.data)
    psx_button_bak                           0x2000049c   Data           2  app_ps2.o(.data)
    bak                                      0x2000049e   Data           2  app_ps2.o(.data)
    temp                                     0x200004a0   Data           2  app_ps2.o(.data)
    temp2                                    0x200004a2   Data           2  app_ps2.o(.data)
    .data                                    0x200004a4   Section        1  protocol.o(.data)
    .data                                    0x200004a8   Section       40  function.o(.data)
    state                                    0x200004aa   Data           1  function.o(.data)
    last_tick                                0x200004ac   Data           4  function.o(.data)
    action_state                             0x200004b0   Data           1  function.o(.data)
    touch_tick_bak                           0x200004b4   Data           4  function.o(.data)
    key_state                                0x200004b8   Data           1  function.o(.data)
    joystick_tick_bak                        0x200004bc   Data           4  function.o(.data)
    kms_x                                    0x200004c0   Data           4  function.o(.data)
    kms_y                                    0x200004c4   Data           4  function.o(.data)
    last_clamp                               0x200004c8   Data           1  function.o(.data)
    last_tick                                0x200004cc   Data           4  function.o(.data)
    .data                                    0x200004d0   Section        4  pwmservo.o(.data)
    .data                                    0x200004d4   Section       10  uart.o(.data)
    buf_index                                0x200004dc   Data           2  uart.o(.data)
    .data                                    0x200004de   Section        5  spi_flash.o(.data)
    tmp                                      0x200004e2   Data           1  spi_flash.o(.data)
    .data                                    0x200004e4   Section        4  systick.o(.data)
    systick_ms                               0x200004e4   Data           4  systick.o(.data)
    .data                                    0x200004e8   Section        3  timer.o(.data)
    duoji_index2                             0x200004e8   Data           1  timer.o(.data)
    flag                                     0x200004e9   Data           1  timer.o(.data)
    duoji_index1                             0x200004ea   Data           1  timer.o(.data)
    .data                                    0x200004ec   Section       20  system_stm32f10x.o(.data)
    .data                                    0x20000500   Section       20  stm32f10x_rcc.o(.data)
    APBAHBPrescTable                         0x20000500   Data          16  stm32f10x_rcc.o(.data)
    ADCPrescTable                            0x20000510   Data           4  stm32f10x_rcc.o(.data)
    .data                                    0x20000514   Section        4  stdout.o(.data)
    .data                                    0x20000518   Section        4  errno.o(.data)
    _errno                                   0x20000518   Data           4  errno.o(.data)
    .bss                                     0x2000051c   Section     1284  protocol.o(.bss)
    .bss                                     0x20000a20   Section      224  pwmservo.o(.bss)
    .bss                                     0x20000b00   Section     3072  uart.o(.bss)
    .bss                                     0x20001700   Section        9  ps2.o(.bss)
    .bss                                     0x2000170a   Section     4114  spi_flash.o(.bss)
    STACK                                    0x20002720   Section     1024  startup_stm32f10x_md.o(STACK)

    Global Symbols

    Symbol Name                              Value     Ov Type        Size  Object(Section)

    BuildAttributes$$THM_ISAv4$P$D$K$B$S$PE$A:L22UL41UL21$X:L11$S22US41US21$IEEE1$IW$USESV6$~STKCKD$USESV7$~SHL$OTIME$ROPI$IEEEX$EBA8$MICROLIB$REQ8$PRES8$EABIv2 0x00000000   Number         0  anon$$obj.o ABSOLUTE
    __ARM_use_no_argv                        0x00000000   Number         0  main.o ABSOLUTE
    _printf_a                                0x00000000   Number         0  stubs.o ABSOLUTE
    _printf_c                                0x00000000   Number         0  stubs.o ABSOLUTE
    _printf_charcount                        0x00000000   Number         0  stubs.o ABSOLUTE
    _printf_d                                0x00000000   Number         0  stubs.o ABSOLUTE
    _printf_e                                0x00000000   Number         0  stubs.o ABSOLUTE
    _printf_f                                0x00000000   Number         0  stubs.o ABSOLUTE
    _printf_flags                            0x00000000   Number         0  stubs.o ABSOLUTE
    _printf_fp_dec                           0x00000000   Number         0  stubs.o ABSOLUTE
    _printf_fp_hex                           0x00000000   Number         0  stubs.o ABSOLUTE
    _printf_g                                0x00000000   Number         0  stubs.o ABSOLUTE
    _printf_i                                0x00000000   Number         0  stubs.o ABSOLUTE
    _printf_int_dec                          0x00000000   Number         0  stubs.o ABSOLUTE
    _printf_l                                0x00000000   Number         0  stubs.o ABSOLUTE
    _printf_lc                               0x00000000   Number         0  stubs.o ABSOLUTE
    _printf_ll                               0x00000000   Number         0  stubs.o ABSOLUTE
    _printf_lld                              0x00000000   Number         0  stubs.o ABSOLUTE
    _printf_lli                              0x00000000   Number         0  stubs.o ABSOLUTE
    _printf_llo                              0x00000000   Number         0  stubs.o ABSOLUTE
    _printf_llu                              0x00000000   Number         0  stubs.o ABSOLUTE
    _printf_llx                              0x00000000   Number         0  stubs.o ABSOLUTE
    _printf_longlong_dec                     0x00000000   Number         0  stubs.o ABSOLUTE
    _printf_longlong_hex                     0x00000000   Number         0  stubs.o ABSOLUTE
    _printf_longlong_oct                     0x00000000   Number         0  stubs.o ABSOLUTE
    _printf_ls                               0x00000000   Number         0  stubs.o ABSOLUTE
    _printf_mbtowc                           0x00000000   Number         0  stubs.o ABSOLUTE
    _printf_n                                0x00000000   Number         0  stubs.o ABSOLUTE
    _printf_o                                0x00000000   Number         0  stubs.o ABSOLUTE
    _printf_p                                0x00000000   Number         0  stubs.o ABSOLUTE
    _printf_percent                          0x00000000   Number         0  stubs.o ABSOLUTE
    _printf_pre_padding                      0x00000000   Number         0  stubs.o ABSOLUTE
    _printf_return_value                     0x00000000   Number         0  stubs.o ABSOLUTE
    _printf_s                                0x00000000   Number         0  stubs.o ABSOLUTE
    _printf_sizespec                         0x00000000   Number         0  stubs.o ABSOLUTE
    _printf_str                              0x00000000   Number         0  stubs.o ABSOLUTE
    _printf_truncate_signed                  0x00000000   Number         0  stubs.o ABSOLUTE
    _printf_truncate_unsigned                0x00000000   Number         0  stubs.o ABSOLUTE
    _printf_u                                0x00000000   Number         0  stubs.o ABSOLUTE
    _printf_wc                               0x00000000   Number         0  stubs.o ABSOLUTE
    _printf_wctomb                           0x00000000   Number         0  stubs.o ABSOLUTE
    _printf_widthprec                        0x00000000   Number         0  stubs.o ABSOLUTE
    _printf_x                                0x00000000   Number         0  stubs.o ABSOLUTE
    __arm_fini_                               - Undefined Weak Reference
    __cpp_initialize__aeabi_                  - Undefined Weak Reference
    __cxa_finalize                            - Undefined Weak Reference
    _clock_init                               - Undefined Weak Reference
    _microlib_exit                            - Undefined Weak Reference
    _scanf_longlong                           - Undefined Weak Reference
    _scanf_string                             - Undefined Weak Reference
    __Vectors_Size                           0x000000ec   Number         0  startup_stm32f10x_md.o ABSOLUTE
    __Vectors                                0x08000000   Data           4  startup_stm32f10x_md.o(RESET)
    __Vectors_End                            0x080000ec   Data           0  startup_stm32f10x_md.o(RESET)
    __main                                   0x080000ed   Thumb Code     0  entry.o(.ARM.Collect$$$$00000000)
    _main_stk                                0x080000ed   Thumb Code     0  entry2.o(.ARM.Collect$$$$00000001)
    _main_scatterload                        0x080000f1   Thumb Code     0  entry5.o(.ARM.Collect$$$$00000004)
    __main_after_scatterload                 0x080000f5   Thumb Code     0  entry5.o(.ARM.Collect$$$$00000004)
    _main_clock                              0x080000f5   Thumb Code     0  entry7b.o(.ARM.Collect$$$$00000008)
    _main_cpp_init                           0x080000f5   Thumb Code     0  entry8b.o(.ARM.Collect$$$$0000000A)
    _main_init                               0x080000f5   Thumb Code     0  entry9a.o(.ARM.Collect$$$$0000000B)
    __rt_lib_shutdown_fini                   0x080000fd   Thumb Code     0  entry12b.o(.ARM.Collect$$$$0000000E)
    __rt_final_cpp                           0x08000101   Thumb Code     0  entry10a.o(.ARM.Collect$$$$0000000F)
    __rt_final_exit                          0x08000101   Thumb Code     0  entry11a.o(.ARM.Collect$$$$00000011)
    Reset_Handler                            0x08000105   Thumb Code     8  startup_stm32f10x_md.o(.text)
    NMI_Handler                              0x0800010d   Thumb Code     2  startup_stm32f10x_md.o(.text)
    HardFault_Handler                        0x0800010f   Thumb Code     2  startup_stm32f10x_md.o(.text)
    MemManage_Handler                        0x08000111   Thumb Code     2  startup_stm32f10x_md.o(.text)
    BusFault_Handler                         0x08000113   Thumb Code     2  startup_stm32f10x_md.o(.text)
    UsageFault_Handler                       0x08000115   Thumb Code     2  startup_stm32f10x_md.o(.text)
    SVC_Handler                              0x08000117   Thumb Code     2  startup_stm32f10x_md.o(.text)
    DebugMon_Handler                         0x08000119   Thumb Code     2  startup_stm32f10x_md.o(.text)
    PendSV_Handler                           0x0800011b   Thumb Code     2  startup_stm32f10x_md.o(.text)
    ADC1_2_IRQHandler                        0x0800011f   Thumb Code     0  startup_stm32f10x_md.o(.text)
    CAN1_RX1_IRQHandler                      0x0800011f   Thumb Code     0  startup_stm32f10x_md.o(.text)
    CAN1_SCE_IRQHandler                      0x0800011f   Thumb Code     0  startup_stm32f10x_md.o(.text)
    DMA1_Channel1_IRQHandler                 0x0800011f   Thumb Code     0  startup_stm32f10x_md.o(.text)
    DMA1_Channel2_IRQHandler                 0x0800011f   Thumb Code     0  startup_stm32f10x_md.o(.text)
    DMA1_Channel3_IRQHandler                 0x0800011f   Thumb Code     0  startup_stm32f10x_md.o(.text)
    DMA1_Channel4_IRQHandler                 0x0800011f   Thumb Code     0  startup_stm32f10x_md.o(.text)
    DMA1_Channel5_IRQHandler                 0x0800011f   Thumb Code     0  startup_stm32f10x_md.o(.text)
    DMA1_Channel6_IRQHandler                 0x0800011f   Thumb Code     0  startup_stm32f10x_md.o(.text)
    DMA1_Channel7_IRQHandler                 0x0800011f   Thumb Code     0  startup_stm32f10x_md.o(.text)
    EXTI0_IRQHandler                         0x0800011f   Thumb Code     0  startup_stm32f10x_md.o(.text)
    EXTI15_10_IRQHandler                     0x0800011f   Thumb Code     0  startup_stm32f10x_md.o(.text)
    EXTI1_IRQHandler                         0x0800011f   Thumb Code     0  startup_stm32f10x_md.o(.text)
    EXTI2_IRQHandler                         0x0800011f   Thumb Code     0  startup_stm32f10x_md.o(.text)
    EXTI3_IRQHandler                         0x0800011f   Thumb Code     0  startup_stm32f10x_md.o(.text)
    EXTI4_IRQHandler                         0x0800011f   Thumb Code     0  startup_stm32f10x_md.o(.text)
    EXTI9_5_IRQHandler                       0x0800011f   Thumb Code     0  startup_stm32f10x_md.o(.text)
    FLASH_IRQHandler                         0x0800011f   Thumb Code     0  startup_stm32f10x_md.o(.text)
    I2C1_ER_IRQHandler                       0x0800011f   Thumb Code     0  startup_stm32f10x_md.o(.text)
    I2C1_EV_IRQHandler                       0x0800011f   Thumb Code     0  startup_stm32f10x_md.o(.text)
    I2C2_ER_IRQHandler                       0x0800011f   Thumb Code     0  startup_stm32f10x_md.o(.text)
    I2C2_EV_IRQHandler                       0x0800011f   Thumb Code     0  startup_stm32f10x_md.o(.text)
    PVD_IRQHandler                           0x0800011f   Thumb Code     0  startup_stm32f10x_md.o(.text)
    RCC_IRQHandler                           0x0800011f   Thumb Code     0  startup_stm32f10x_md.o(.text)
    RTCAlarm_IRQHandler                      0x0800011f   Thumb Code     0  startup_stm32f10x_md.o(.text)
    RTC_IRQHandler                           0x0800011f   Thumb Code     0  startup_stm32f10x_md.o(.text)
    SPI1_IRQHandler                          0x0800011f   Thumb Code     0  startup_stm32f10x_md.o(.text)
    SPI2_IRQHandler                          0x0800011f   Thumb Code     0  startup_stm32f10x_md.o(.text)
    TAMPER_IRQHandler                        0x0800011f   Thumb Code     0  startup_stm32f10x_md.o(.text)
    TIM1_BRK_IRQHandler                      0x0800011f   Thumb Code     0  startup_stm32f10x_md.o(.text)
    TIM1_CC_IRQHandler                       0x0800011f   Thumb Code     0  startup_stm32f10x_md.o(.text)
    TIM1_TRG_COM_IRQHandler                  0x0800011f   Thumb Code     0  startup_stm32f10x_md.o(.text)
    TIM1_UP_IRQHandler                       0x0800011f   Thumb Code     0  startup_stm32f10x_md.o(.text)
    TIM3_IRQHandler                          0x0800011f   Thumb Code     0  startup_stm32f10x_md.o(.text)
    TIM4_IRQHandler                          0x0800011f   Thumb Code     0  startup_stm32f10x_md.o(.text)
    USBWakeUp_IRQHandler                     0x0800011f   Thumb Code     0  startup_stm32f10x_md.o(.text)
    USB_HP_CAN1_TX_IRQHandler                0x0800011f   Thumb Code     0  startup_stm32f10x_md.o(.text)
    USB_LP_CAN1_RX0_IRQHandler               0x0800011f   Thumb Code     0  startup_stm32f10x_md.o(.text)
    WWDG_IRQHandler                          0x0800011f   Thumb Code     0  startup_stm32f10x_md.o(.text)
    __aeabi_memcpy                           0x08000129   Thumb Code    36  memcpya.o(.text)
    __aeabi_memcpy4                          0x08000129   Thumb Code     0  memcpya.o(.text)
    __aeabi_memcpy8                          0x08000129   Thumb Code     0  memcpya.o(.text)
    __aeabi_memset                           0x0800014d   Thumb Code    14  memseta.o(.text)
    __aeabi_memset4                          0x0800014d   Thumb Code     0  memseta.o(.text)
    __aeabi_memset8                          0x0800014d   Thumb Code     0  memseta.o(.text)
    __aeabi_memclr                           0x0800015b   Thumb Code     4  memseta.o(.text)
    __aeabi_memclr4                          0x0800015b   Thumb Code     0  memseta.o(.text)
    __aeabi_memclr8                          0x0800015b   Thumb Code     0  memseta.o(.text)
    _memset$wrapper                          0x0800015f   Thumb Code    18  memseta.o(.text)
    strlen                                   0x08000171   Thumb Code    14  strlen.o(.text)
    strcpy                                   0x0800017f   Thumb Code    18  strcpy.o(.text)
    __0sscanf                                0x08000191   Thumb Code    48  __0sscanf.o(.text)
    _scanf_int                               0x080001c9   Thumb Code   332  _scanf_int.o(.text)
    _scanf_real                              0x0800043d   Thumb Code     0  scanf_fp.o(.text)
    _scanf_really_real                       0x0800043d   Thumb Code   556  scanf_fp.o(.text)
    __aeabi_fadd                             0x08000675   Thumb Code   164  fadd.o(.text)
    __aeabi_fsub                             0x08000719   Thumb Code     6  fadd.o(.text)
    __aeabi_frsub                            0x0800071f   Thumb Code     6  fadd.o(.text)
    __aeabi_fmul                             0x08000725   Thumb Code   100  fmul.o(.text)
    __aeabi_fdiv                             0x08000789   Thumb Code   124  fdiv.o(.text)
    __aeabi_dadd                             0x08000805   Thumb Code   322  dadd.o(.text)
    __aeabi_dsub                             0x08000947   Thumb Code     6  dadd.o(.text)
    __aeabi_drsub                            0x0800094d   Thumb Code     6  dadd.o(.text)
    __aeabi_dmul                             0x08000953   Thumb Code   228  dmul.o(.text)
    __aeabi_ddiv                             0x08000a37   Thumb Code   222  ddiv.o(.text)
    __aeabi_i2f                              0x08000b15   Thumb Code    18  fflti.o(.text)
    __aeabi_ui2f                             0x08000b27   Thumb Code    10  ffltui.o(.text)
    __aeabi_f2iz                             0x08000b31   Thumb Code    50  ffixi.o(.text)
    __aeabi_f2uiz                            0x08000b63   Thumb Code    40  ffixui.o(.text)
    __aeabi_f2d                              0x08000b8b   Thumb Code    38  f2d.o(.text)
    __aeabi_d2f                              0x08000bb1   Thumb Code    56  d2f.o(.text)
    __aeabi_cfcmpeq                          0x08000be9   Thumb Code     0  cfcmple.o(.text)
    __aeabi_cfcmple                          0x08000be9   Thumb Code    20  cfcmple.o(.text)
    __aeabi_cfrcmple                         0x08000bfd   Thumb Code    20  cfrcmple.o(.text)
    __aeabi_uidiv                            0x08000c11   Thumb Code     0  uidiv.o(.text)
    __aeabi_uidivmod                         0x08000c11   Thumb Code    44  uidiv.o(.text)
    __aeabi_uldivmod                         0x08000c3d   Thumb Code    98  uldiv.o(.text)
    __aeabi_llsl                             0x08000c9f   Thumb Code    30  llshl.o(.text)
    _ll_shift_l                              0x08000c9f   Thumb Code     0  llshl.o(.text)
    __aeabi_lasr                             0x08000cbd   Thumb Code    36  llsshr.o(.text)
    _ll_sshift_r                             0x08000cbd   Thumb Code     0  llsshr.o(.text)
    _chval                                   0x08000ce1   Thumb Code    28  _chval.o(.text)
    __vfscanf_char                           0x08000d09   Thumb Code    20  scanf_char.o(.text)
    _sgetc                                   0x08000d25   Thumb Code    30  _sgetc.o(.text)
    _sbackspace                              0x08000d43   Thumb Code    34  _sgetc.o(.text)
    __I$use$fp                               0x08000d65   Thumb Code     0  iusefp.o(.text)
    _float_round                             0x08000d65   Thumb Code    18  fepilogue.o(.text)
    _float_epilogue                          0x08000d77   Thumb Code    92  fepilogue.o(.text)
    _fsqrt                                   0x08000dd3   Thumb Code    94  fsqrt.o(.text)
    _frnd                                    0x08000e31   Thumb Code    60  frnd.o(.text)
    _double_round                            0x08000e6d   Thumb Code    30  depilogue.o(.text)
    _double_epilogue                         0x08000e8b   Thumb Code   156  depilogue.o(.text)
    __aeabi_ul2d                             0x08000f27   Thumb Code    24  dfltul.o(.text)
    __aeabi_d2ulz                            0x08000f3f   Thumb Code    48  dfixul.o(.text)
    __aeabi_cdrcmple                         0x08000f71   Thumb Code    48  cdrcmple.o(.text)
    __ARM_dcmp4                              0x08000fa1   Thumb Code    96  dcmp4.o(.text)
    _dcmp4                                   0x08000fa1   Thumb Code     0  dcmp4.o(.text)
    __scatterload                            0x08001001   Thumb Code    28  init.o(.text)
    __scatterload_rt2                        0x08001001   Thumb Code     0  init.o(.text)
    __aeabi_llsr                             0x08001025   Thumb Code    32  llushr.o(.text)
    _ll_ushift_r                             0x08001025   Thumb Code     0  llushr.o(.text)
    isspace                                  0x08001045   Thumb Code    10  isspace_c.o(.text)
    __vfscanf                                0x08001051   Thumb Code   810  _scanf.o(.text)
    __ARM_scalbnf                            0x08001381   Thumb Code    24  fscalb.o(.text)
    scalbnf                                  0x08001381   Thumb Code     0  fscalb.o(.text)
    __ctype_lookup                           0x08001399   Thumb Code    34  ctype_c.o(.text)
    __decompress                             0x080013c1   Thumb Code     0  __dczerorl2.o(.text)
    __decompress1                            0x080013c1   Thumb Code    86  __dczerorl2.o(.text)
    ADC_Cmd                                  0x08001417   Thumb Code    22  stm32f10x_adc.o(i.ADC_Cmd)
    ADC_GetCalibrationStatus                 0x0800142d   Thumb Code    20  stm32f10x_adc.o(i.ADC_GetCalibrationStatus)
    ADC_GetConversionValue                   0x08001441   Thumb Code     8  stm32f10x_adc.o(i.ADC_GetConversionValue)
    ADC_GetFlagStatus                        0x08001449   Thumb Code    18  stm32f10x_adc.o(i.ADC_GetFlagStatus)
    ADC_GetResetCalibrationStatus            0x0800145b   Thumb Code    20  stm32f10x_adc.o(i.ADC_GetResetCalibrationStatus)
    ADC_Init                                 0x08001471   Thumb Code    70  stm32f10x_adc.o(i.ADC_Init)
    ADC_Joystick_Init                        0x080014c1   Thumb Code   142  joystick.o(i.ADC_Joystick_Init)
    ADC_RegularChannelConfig                 0x08001559   Thumb Code   184  stm32f10x_adc.o(i.ADC_RegularChannelConfig)
    ADC_ResetCalibration                     0x08001611   Thumb Code    10  stm32f10x_adc.o(i.ADC_ResetCalibration)
    ADC_SoftwareStartConvCmd                 0x0800161b   Thumb Code    22  stm32f10x_adc.o(i.ADC_SoftwareStartConvCmd)
    ADC_StartCalibration                     0x08001631   Thumb Code    10  stm32f10x_adc.o(i.ADC_StartCalibration)
    AppPs2Run                                0x0800163d   Thumb Code   358  app_ps2.o(i.AppPs2Run)
    Buzzer_Init                              0x080017d9   Thumb Code    46  beep.o(i.Buzzer_Init)
    Buzzer_times                             0x0800180d   Thumb Code    46  beep.o(i.Buzzer_times)
    ColorTask                                0x08001841   Thumb Code   126  function.o(i.ColorTask)
    DMA_Cmd                                  0x080018d1   Thumb Code    24  stm32f10x_dma.o(i.DMA_Cmd)
    DMA_DeInit                               0x080018e9   Thumb Code   324  stm32f10x_dma.o(i.DMA_DeInit)
    DMA_GetCurrDataCounter                   0x08001a35   Thumb Code     8  stm32f10x_dma.o(i.DMA_GetCurrDataCounter)
    DMA_Init                                 0x08001a3d   Thumb Code    60  stm32f10x_dma.o(i.DMA_Init)
    DMA_SetCurrDataCounter                   0x08001a79   Thumb Code     4  stm32f10x_dma.o(i.DMA_SetCurrDataCounter)
    Delay_ms                                 0x08001a7d   Thumb Code    32  systick.o(i.Delay_ms)
    Delay_us                                 0x08001a9d   Thumb Code    40  systick.o(i.Delay_us)
    DoGroup_Once                             0x08001ac5   Thumb Code    44  action.o(i.DoGroup_Once)
    GPIO_Init                                0x08001af9   Thumb Code   278  stm32f10x_gpio.o(i.GPIO_Init)
    GPIO_PinRemapConfig                      0x08001c11   Thumb Code   138  stm32f10x_gpio.o(i.GPIO_PinRemapConfig)
    GPIO_ReadInputDataBit                    0x08001ca1   Thumb Code    18  stm32f10x_gpio.o(i.GPIO_ReadInputDataBit)
    GPIO_ReadOutputDataBit                   0x08001cb3   Thumb Code    18  stm32f10x_gpio.o(i.GPIO_ReadOutputDataBit)
    GPIO_ResetBits                           0x08001cc5   Thumb Code     4  stm32f10x_gpio.o(i.GPIO_ResetBits)
    GPIO_SetBits                             0x08001cc9   Thumb Code     4  stm32f10x_gpio.o(i.GPIO_SetBits)
    GPIO_WriteBit                            0x08001ccd   Thumb Code    10  stm32f10x_gpio.o(i.GPIO_WriteBit)
    GY33T_Read                               0x08001cd7   Thumb Code    28  gy33t.o(i.GY33T_Read)
    GY33T_Write_Byte                         0x08001cf3   Thumb Code    20  gy33t.o(i.GY33T_Write_Byte)
    GetMaxTime                               0x08001d07   Thumb Code    92  action.o(i.GetMaxTime)
    Get_Adc_Joystick_Value                   0x08001d65   Thumb Code    72  joystick.o(i.Get_Adc_Joystick_Value)
    Get_Joystick_Percentage_value            0x08001db1   Thumb Code    66  joystick.o(i.Get_Joystick_Percentage_value)
    JoystickStatus                           0x08001dfd   Thumb Code    62  joystick.o(i.JoystickStatus)
    JoystickTask                             0x08001e3d   Thumb Code   368  function.o(i.JoystickTask)
    Joystick_Key_Init                        0x08001ffd   Thumb Code    34  joystick.o(i.Joystick_Key_Init)
    Joystick_LED_Init                        0x08002025   Thumb Code    50  joystick.o(i.Joystick_LED_Init)
    Key_Init                                 0x0800205d   Thumb Code    32  key.o(i.Key_Init)
    LED_Init                                 0x08002081   Thumb Code    50  led.o(i.LED_Init)
    Led_Blink                                0x080020b9   Thumb Code    60  application.o(i.Led_Blink)
    LoopMode                                 0x080020fd   Thumb Code   140  application.o(i.LoopMode)
    LoopVisionMode                           0x080021bd   Thumb Code   220  application.o(i.LoopVisionMode)
    Loop_Action                              0x08002391   Thumb Code   192  action.o(i.Loop_Action)
    Loop_Uart                                0x0800247d   Thumb Code    76  application.o(i.Loop_Uart)
    Millis                                   0x080024d5   Thumb Code     6  systick.o(i.Millis)
    NVIC_Init                                0x080024e1   Thumb Code   100  misc.o(i.NVIC_Init)
    OLED_Clear                               0x08002551   Thumb Code    64  oled.o(i.OLED_Clear)
    OLED_Init                                0x08002591   Thumb Code   226  oled.o(i.OLED_Init)
    OLED_Print                               0x08002675   Thumb Code   214  oled.o(i.OLED_Print)
    OLED_SetPos                              0x08002751   Thumb Code    42  oled.o(i.OLED_SetPos)
    OLED_ShowChar                            0x0800277d   Thumb Code   152  oled.o(i.OLED_ShowChar)
    OLED_WRByte                              0x0800281d   Thumb Code    34  oled.o(i.OLED_WRByte)
    Parameter_Init                           0x08002841   Thumb Code   164  application.o(i.Parameter_Init)
    ParsePsx_Buf                             0x08002915   Thumb Code   496  app_ps2.o(i.ParsePsx_Buf)
    Parse_Action                             0x08002b35   Thumb Code   742  protocol.o(i.Parse_Action)
    Parse_Cmd                                0x08002e5d   Thumb Code   906  protocol.o(i.Parse_Cmd)
    Parse_Group_Cmd                          0x08003411   Thumb Code    88  protocol.o(i.Parse_Group_Cmd)
    PidInit                                  0x08003499   Thumb Code    52  servopid.o(i.PidInit)
    Ps2_Init                                 0x0800353d   Thumb Code   250  ps2.o(i.Ps2_Init)
    Ps2_WriteRead                            0x08003645   Thumb Code    66  ps2.o(i.Ps2_WriteRead)
    PwmServoInit                             0x08003691   Thumb Code   192  pwmservo.o(i.PwmServoInit)
    PwmServoStop                             0x08003761   Thumb Code    88  pwmservo.o(i.PwmServoStop)
    PwmServo_DoingSet                        0x080037bd   Thumb Code   242  pwmservo.o(i.PwmServo_DoingSet)
    PwmServo_IncOffset                       0x080038bd   Thumb Code   176  pwmservo.o(i.PwmServo_IncOffset)
    PwmServo_PinSet                          0x08003971   Thumb Code   116  pwmservo.o(i.PwmServo_PinSet)
    PwmServo_SetAngle                        0x080039e9   Thumb Code   122  pwmservo.o(i.PwmServo_SetAngle)
    RCC_ADCCLKConfig                         0x08003a71   Thumb Code    18  stm32f10x_rcc.o(i.RCC_ADCCLKConfig)
    RCC_AHBPeriphClockCmd                    0x08003a89   Thumb Code    26  stm32f10x_rcc.o(i.RCC_AHBPeriphClockCmd)
    RCC_APB1PeriphClockCmd                   0x08003aa9   Thumb Code    26  stm32f10x_rcc.o(i.RCC_APB1PeriphClockCmd)
    RCC_APB1PeriphResetCmd                   0x08003ac9   Thumb Code    26  stm32f10x_rcc.o(i.RCC_APB1PeriphResetCmd)
    RCC_APB2PeriphClockCmd                   0x08003ae9   Thumb Code    26  stm32f10x_rcc.o(i.RCC_APB2PeriphClockCmd)
    RCC_APB2PeriphResetCmd                   0x08003b09   Thumb Code    26  stm32f10x_rcc.o(i.RCC_APB2PeriphResetCmd)
    RCC_DeInit                               0x08003b29   Thumb Code    64  stm32f10x_rcc.o(i.RCC_DeInit)
    RCC_GetClocksFreq                        0x08003b75   Thumb Code   192  stm32f10x_rcc.o(i.RCC_GetClocksFreq)
    RCC_GetFlagStatus                        0x08003c49   Thumb Code    56  stm32f10x_rcc.o(i.RCC_GetFlagStatus)
    RCC_GetSYSCLKSource                      0x08003c85   Thumb Code    10  stm32f10x_rcc.o(i.RCC_GetSYSCLKSource)
    RCC_HCLKConfig                           0x08003c95   Thumb Code    18  stm32f10x_rcc.o(i.RCC_HCLKConfig)
    RCC_HSEConfig                            0x08003cad   Thumb Code    70  stm32f10x_rcc.o(i.RCC_HSEConfig)
    RCC_PCLK1Config                          0x08003cf9   Thumb Code    18  stm32f10x_rcc.o(i.RCC_PCLK1Config)
    RCC_PCLK2Config                          0x08003d11   Thumb Code    20  stm32f10x_rcc.o(i.RCC_PCLK2Config)
    RCC_PLLCmd                               0x08003d29   Thumb Code     6  stm32f10x_rcc.o(i.RCC_PLLCmd)
    RCC_PLLConfig                            0x08003d35   Thumb Code    24  stm32f10x_rcc.o(i.RCC_PLLConfig)
    RCC_SYSCLKConfig                         0x08003d51   Thumb Code    18  stm32f10x_rcc.o(i.RCC_SYSCLKConfig)
    RCC_WaitForHSEStartUp                    0x08003d69   Thumb Code    56  stm32f10x_rcc.o(i.RCC_WaitForHSEStartUp)
    Rcc_Init                                 0x08003da1   Thumb Code    94  rcc.o(i.Rcc_Init)
    Read                                     0x08003e01   Thumb Code   102  soft_i2c.o(i.Read)
    Replace_Char                             0x08003e6d   Thumb Code    20  global.o(i.Replace_Char)
    Rewrite_Eeprom                           0x08003e81   Thumb Code    22  protocol.o(i.Rewrite_Eeprom)
    SPI_Cmd                                  0x08003ea1   Thumb Code    24  stm32f10x_spi.o(i.SPI_Cmd)
    SPI_I2S_GetFlagStatus                    0x08003eb9   Thumb Code    18  stm32f10x_spi.o(i.SPI_I2S_GetFlagStatus)
    SPI_I2S_ReceiveData                      0x08003ecb   Thumb Code     6  stm32f10x_spi.o(i.SPI_I2S_ReceiveData)
    SPI_I2S_SendData                         0x08003ed1   Thumb Code     4  stm32f10x_spi.o(i.SPI_I2S_SendData)
    SPI_Init                                 0x08003ed5   Thumb Code    60  stm32f10x_spi.o(i.SPI_Init)
    SWJGpio_Init                             0x08003f11   Thumb Code    20  sys.o(i.SWJGpio_Init)
    Save_Action                              0x08003f29   Thumb Code   244  protocol.o(i.Save_Action)
    Send                                     0x08004051   Thumb Code   114  soft_i2c.o(i.Send)
    Send_Ack                                 0x080040c9   Thumb Code   128  soft_i2c.o(i.Send_Ack)
    ServoState_Init                          0x0800414d   Thumb Code    80  application.o(i.ServoState_Init)
    SetPrintfUart                            0x080041a5   Thumb Code     6  uart.o(i.SetPrintfUart)
    SoftI2C_init                             0x08004299   Thumb Code    96  soft_i2c.o(i.SoftI2C_init)
    SoftI2C_read                             0x080042fd   Thumb Code   118  soft_i2c.o(i.SoftI2C_read)
    SoftI2C_write                            0x08004373   Thumb Code    88  soft_i2c.o(i.SoftI2C_write)
    Soft_Reset                               0x080043cd   Thumb Code    38  sys.o(i.Soft_Reset)
    SoundTouchTask                           0x080043fd   Thumb Code   182  function.o(i.SoundTouchTask)
    Sound_Touch_Key_Init                     0x080044d9   Thumb Code    64  key.o(i.Sound_Touch_Key_Init)
    SpiFlash_Erase_Sector                    0x0800451d   Thumb Code    70  spi_flash.o(i.SpiFlash_Erase_Sector)
    SpiFlash_Init                            0x08004569   Thumb Code   164  spi_flash.o(i.SpiFlash_Init)
    SpiFlash_Read                            0x0800461d   Thumb Code    84  spi_flash.o(i.SpiFlash_Read)
    SpiFlash_Read_SR                         0x08004675   Thumb Code    44  spi_flash.o(i.SpiFlash_Read_SR)
    SpiFlash_Wait_Busy                       0x080046a5   Thumb Code    18  spi_flash.o(i.SpiFlash_Wait_Busy)
    SpiFlash_Write_Enable                    0x080046b9   Thumb Code    32  spi_flash.o(i.SpiFlash_Write_Enable)
    SpiFlash_Write_No_Check                  0x080046dd   Thumb Code    70  spi_flash.o(i.SpiFlash_Write_No_Check)
    SpiFlash_Write_Page                      0x08004725   Thumb Code   102  spi_flash.o(i.SpiFlash_Write_Page)
    SpiFlash_Write_S                         0x08004791   Thumb Code   176  spi_flash.o(i.SpiFlash_Write_S)
    Spi_SetSpeed                             0x08004845   Thumb Code    26  spi_flash.o(i.Spi_SetSpeed)
    Spi_WriteRead                            0x08004869   Thumb Code    78  spi_flash.o(i.Spi_WriteRead)
    Start                                    0x080048bd   Thumb Code   106  soft_i2c.o(i.Start)
    Stop                                     0x0800492d   Thumb Code    88  soft_i2c.o(i.Stop)
    Str_Contain_Str                          0x08004989   Thumb Code    74  global.o(i.Str_Contain_Str)
    SysTickInit                              0x080049d5   Thumb Code    84  systick.o(i.SysTickInit)
    SysTick_Handler                          0x08004a35   Thumb Code    12  systick.o(i.SysTick_Handler)
    SystemInit                               0x08004a45   Thumb Code    78  system_stm32f10x.o(i.SystemInit)
    TIM1_Init                                0x08004aa5   Thumb Code    98  timer.o(i.TIM1_Init)
    TIM2_IRQHandler                          0x08004b0d   Thumb Code   148  timer.o(i.TIM2_IRQHandler)
    TIM2_Init                                0x08004bad   Thumb Code   102  timer.o(i.TIM2_Init)
    TIM_ARRPreloadConfig                     0x08004c13   Thumb Code    24  stm32f10x_tim.o(i.TIM_ARRPreloadConfig)
    TIM_ClearITPendingBit                    0x08004c2b   Thumb Code     6  stm32f10x_tim.o(i.TIM_ClearITPendingBit)
    TIM_Cmd                                  0x08004c31   Thumb Code    24  stm32f10x_tim.o(i.TIM_Cmd)
    TIM_GetCounter                           0x08004c49   Thumb Code     6  stm32f10x_tim.o(i.TIM_GetCounter)
    TIM_GetITStatus                          0x08004c4f   Thumb Code    34  stm32f10x_tim.o(i.TIM_GetITStatus)
    TIM_ITConfig                             0x08004c71   Thumb Code    18  stm32f10x_tim.o(i.TIM_ITConfig)
    TIM_SetCounter                           0x08004c83   Thumb Code     4  stm32f10x_tim.o(i.TIM_SetCounter)
    TIM_TimeBaseInit                         0x08004c89   Thumb Code   122  stm32f10x_tim.o(i.TIM_TimeBaseInit)
    USART1_IRQHandler                        0x08004d2d   Thumb Code   102  uart.o(i.USART1_IRQHandler)
    USART2_IRQHandler                        0x08004da1   Thumb Code    44  uart.o(i.USART2_IRQHandler)
    USART3_IRQHandler                        0x08004dd1   Thumb Code   114  uart.o(i.USART3_IRQHandler)
    USART_ClearITPendingBit                  0x08004e55   Thumb Code    30  stm32f10x_usart.o(i.USART_ClearITPendingBit)
    USART_Cmd                                0x08004e73   Thumb Code    24  stm32f10x_usart.o(i.USART_Cmd)
    USART_DMACmd                             0x08004e8b   Thumb Code    18  stm32f10x_usart.o(i.USART_DMACmd)
    USART_DeInit                             0x08004e9d   Thumb Code   134  stm32f10x_usart.o(i.USART_DeInit)
    USART_GetFlagStatus                      0x08004f39   Thumb Code    26  stm32f10x_usart.o(i.USART_GetFlagStatus)
    USART_GetITStatus                        0x08004f53   Thumb Code    84  stm32f10x_usart.o(i.USART_GetITStatus)
    USART_HalfDuplexCmd                      0x08004fa7   Thumb Code    24  stm32f10x_usart.o(i.USART_HalfDuplexCmd)
    USART_ITConfig                           0x08004fbf   Thumb Code    74  stm32f10x_usart.o(i.USART_ITConfig)
    USART_Init                               0x08005009   Thumb Code   210  stm32f10x_usart.o(i.USART_Init)
    USART_ReceiveData                        0x080050e1   Thumb Code    10  stm32f10x_usart.o(i.USART_ReceiveData)
    USART_SendData                           0x080050eb   Thumb Code     8  stm32f10x_usart.o(i.USART_SendData)
    USTimer_Init                             0x080050f5   Thumb Code    44  ultrasonic.o(i.USTimer_Init)
    US_DisRead                               0x08005125   Thumb Code   196  ultrasonic.o(i.US_DisRead)
    US_Init                                  0x08005201   Thumb Code    62  ultrasonic.o(i.US_Init)
    Uart1_Init                               0x08005245   Thumb Code   248  uart.o(i.Uart1_Init)
    Uart2_Init                               0x0800534d   Thumb Code   158  uart.o(i.Uart2_Init)
    Uart3_Init                               0x080053f5   Thumb Code   248  uart.o(i.Uart3_Init)
    UartAll_Printf                           0x080054fd   Thumb Code    48  uart.o(i.UartAll_Printf)
    Uart_DataParse                           0x08005531   Thumb Code   178  uart.o(i.Uart_DataParse)
    Uart_Init                                0x080055f5   Thumb Code    28  application.o(i.Uart_Init)
    UsTask                                   0x08005611   Thumb Code   210  function.o(i.UsTask)
    Voice_Cmd                                0x08005755   Thumb Code   354  protocol.o(i.Voice_Cmd)
    Wait_Ack                                 0x080059c9   Thumb Code   148  soft_i2c.o(i.Wait_Ack)
    __0printf                                0x08005a61   Thumb Code    22  printfa.o(i.__0printf)
    __1printf                                0x08005a61   Thumb Code     0  printfa.o(i.__0printf)
    __2printf                                0x08005a61   Thumb Code     0  printfa.o(i.__0printf)
    __c89printf                              0x08005a61   Thumb Code     0  printfa.o(i.__0printf)
    printf                                   0x08005a61   Thumb Code     0  printfa.o(i.__0printf)
    __0sprintf                               0x08005a81   Thumb Code    34  printfa.o(i.__0sprintf)
    __1sprintf                               0x08005a81   Thumb Code     0  printfa.o(i.__0sprintf)
    __2sprintf                               0x08005a81   Thumb Code     0  printfa.o(i.__0sprintf)
    __c89sprintf                             0x08005a81   Thumb Code     0  printfa.o(i.__0sprintf)
    sprintf                                  0x08005a81   Thumb Code     0  printfa.o(i.__0sprintf)
    __ARM_fpclassifyf                        0x08005aa9   Thumb Code    38  fpclassifyf.o(i.__ARM_fpclassifyf)
    __mathlib_flt_infnan                     0x08005acf   Thumb Code     6  funder.o(i.__mathlib_flt_infnan)
    __mathlib_flt_infnan2                    0x08005ad5   Thumb Code     4  funder.o(i.__mathlib_flt_infnan2)
    __mathlib_flt_invalid                    0x08005ad9   Thumb Code     8  funder.o(i.__mathlib_flt_invalid)
    __mathlib_flt_underflow                  0x08005ae1   Thumb Code    10  funder.o(i.__mathlib_flt_underflow)
    __mathlib_rredf2                         0x08005aed   Thumb Code   344  rredf.o(i.__mathlib_rredf2)
    __scatterload_copy                       0x08005c55   Thumb Code    14  handlers.o(i.__scatterload_copy)
    __scatterload_null                       0x08005c63   Thumb Code     2  handlers.o(i.__scatterload_null)
    __scatterload_zeroinit                   0x08005c65   Thumb Code    14  handlers.o(i.__scatterload_zeroinit)
    __set_errno                              0x08005c75   Thumb Code     6  errno.o(i.__set_errno)
    _is_digit                                0x08005e05   Thumb Code    14  scanf_fp.o(i._is_digit)
    abs_float                                0x08006525   Thumb Code    24  global.o(i.abs_float)
    abs_int                                  0x0800653d   Thumb Code    14  global.o(i.abs_int)
    angle_to_PWM                             0x0800654d   Thumb Code   184  protocol.o(i.angle_to_PWM)
    atan2f                                   0x08006619   Thumb Code   598  atan2f.o(i.atan2f)
    cosf                                     0x080068bd   Thumb Code   328  cosf.o(i.cosf)
    fmax                                     0x08006a39   Thumb Code    66  fmax.o(i.fmax)
    fmin                                     0x08006a7b   Thumb Code    66  fmin.o(i.fmin)
    fputc                                    0x08006abd   Thumb Code   102  uart.o(i.fputc)
    inverseKinematics                        0x08006b35   Thumb Code  1888  kinematics.o(i.inverseKinematics)
    loop_Joystick_key                        0x080072dd   Thumb Code   236  application.o(i.loop_Joystick_key)
    loop_app                                 0x08007415   Thumb Code    36  application.o(i.loop_app)
    loop_key                                 0x08007439   Thumb Code   160  application.o(i.loop_key)
    loop_oled                                0x080074f9   Thumb Code   282  main.o(i.loop_oled)
    main                                     0x080076dd   Thumb Code    16  main.o(i.main)
    setup_app                                0x080076ed   Thumb Code   140  application.o(i.setup_app)
    setup_run_action                         0x08007791   Thumb Code    40  application.o(i.setup_run_action)
    sinf                                     0x080077c1   Thumb Code   338  sinf.o(i.sinf)
    sqrtf                                    0x08007949   Thumb Code    44  sqrtf.o(i.sqrtf)
    uart1_send_str                           0x08007975   Thumb Code    38  uart.o(i.uart1_send_str)
    uart2_send_str                           0x080079a1   Thumb Code    62  uart.o(i.uart2_send_str)
    dh_params                                0x080079fc   Data          96  kinematics.o(.constdata)
    joint_limits                             0x08007a5c   Data          48  kinematics.o(.constdata)
    F6x8                                     0x08007af0   Data         552  oled.o(.constdata)
    F8X16                                    0x08007d18   Data        1520  oled.o(.constdata)
    CN16_Msk                                 0x08008308   Data        1292  oled.o(.constdata)
    __ctype_categories                       0x08008848   Data          64  ctype_c.o(.constdata)
    Region$$Table$$Base                      0x08008b10   Number         0  anon$$obj.o(Region$$Table)
    Region$$Table$$Limit                     0x08008b30   Number         0  anon$$obj.o(Region$$Table)
    BMP                                      0x20000000   Data        1024  main.o(.data)
    SetMode                                  0x20000408   Data           1  application.o(.data)
    UsMode                                   0x20000409   Data           1  application.o(.data)
    group_do_ok                              0x2000042c   Data           1  action.o(.data)
    do_start_index                           0x20000430   Data           4  action.o(.data)
    do_time                                  0x20000434   Data           4  action.o(.data)
    group_num_start                          0x20000438   Data           4  action.o(.data)
    group_num_end                            0x2000043c   Data           4  action.o(.data)
    group_num_times                          0x20000440   Data           4  action.o(.data)
    action_time                              0x20000444   Data           4  action.o(.data)
    pre_cmd_set_grn                          0x20000458   Data          64  app_ps2.o(.data)
    AI_mode                                  0x200004a4   Data           1  protocol.o(.data)
    Us_ok                                    0x200004a8   Data           1  function.o(.data)
    clampMode                                0x200004a9   Data           1  function.o(.data)
    fix_raio                                 0x200004d0   Data           4  pwmservo.o(.data)
    SW_Uart                                  0x200004d4   Data           1  uart.o(.data)
    Uart_ReceiveCount                        0x200004d6   Data           2  uart.o(.data)
    Uart_GetOK                               0x200004d8   Data           2  uart.o(.data)
    Uart_Mode                                0x200004da   Data           1  uart.o(.data)
    GPIO_InitStructure                       0x200004de   Data           4  spi_flash.o(.data)
    SystemCoreClock                          0x200004ec   Data           4  system_stm32f10x.o(.data)
    AHBPrescTable                            0x200004f0   Data          16  system_stm32f10x.o(.data)
    __stdout                                 0x20000514   Data           4  stdout.o(.data)
    pwm_value                                0x2000051c   Data          28  protocol.o(.bss)
    cmd_return                               0x20000538   Data        1024  protocol.o(.bss)
    eeprom_info                              0x20000938   Data         208  protocol.o(.bss)
    solutions                                0x20000a08   Data          24  protocol.o(.bss)
    duoji_doing                              0x20000a20   Data         128  pwmservo.o(.bss)
    pid_doing                                0x20000aa0   Data          96  pwmservo.o(.bss)
    Uart_ReceiveBuf                          0x20000b00   Data        1024  uart.o(.bss)
    Uart1_DMA_RX_BUF                         0x20000f00   Data        1024  uart.o(.bss)
    Uart3_DMA_RX_BUF                         0x20001300   Data        1024  uart.o(.bss)
    psx_buf                                  0x20001700   Data           9  ps2.o(.bss)
    SPI_InitStructure                        0x2000170a   Data          18  spi_flash.o(.bss)
    W25Q_BUF                                 0x2000171c   Data        4096  spi_flash.o(.bss)
    __initial_sp                             0x20002b20   Data           0  startup_stm32f10x_md.o(STACK)



==============================================================================

Memory Map of the image

  Image Entry point : 0x080000ed

  Load Region LR_IROM1 (Base: 0x08000000, Size: 0x0000904c, Max: 0x00010000, ABSOLUTE, COMPRESSED[0x00008c7c])

    Execution Region ER_IROM1 (Exec base: 0x08000000, Load base: 0x08000000, Size: 0x00008b30, Max: 0x00010000, ABSOLUTE)

    Exec Addr    Load Addr    Size         Type   Attr      Idx    E Section Name        Object

    0x08000000   0x08000000   0x000000ec   Data   RO         1354    RESET               startup_stm32f10x_md.o
    0x080000ec   0x080000ec   0x00000000   Code   RO         4396  * .ARM.Collect$$$$00000000  mc_w.l(entry.o)
    0x080000ec   0x080000ec   0x00000004   Code   RO         4727    .ARM.Collect$$$$00000001  mc_w.l(entry2.o)
    0x080000f0   0x080000f0   0x00000004   Code   RO         4730    .ARM.Collect$$$$00000004  mc_w.l(entry5.o)
    0x080000f4   0x080000f4   0x00000000   Code   RO         4732    .ARM.Collect$$$$00000008  mc_w.l(entry7b.o)
    0x080000f4   0x080000f4   0x00000000   Code   RO         4734    .ARM.Collect$$$$0000000A  mc_w.l(entry8b.o)
    0x080000f4   0x080000f4   0x00000008   Code   RO         4735    .ARM.Collect$$$$0000000B  mc_w.l(entry9a.o)
    0x080000fc   0x080000fc   0x00000004   Code   RO         4742    .ARM.Collect$$$$0000000E  mc_w.l(entry12b.o)
    0x08000100   0x08000100   0x00000000   Code   RO         4737    .ARM.Collect$$$$0000000F  mc_w.l(entry10a.o)
    0x08000100   0x08000100   0x00000000   Code   RO         4739    .ARM.Collect$$$$00000011  mc_w.l(entry11a.o)
    0x08000100   0x08000100   0x00000004   Code   RO         4728    .ARM.Collect$$$$00002712  mc_w.l(entry2.o)
    0x08000104   0x08000104   0x00000024   Code   RO         1355    .text               startup_stm32f10x_md.o
    0x08000128   0x08000128   0x00000024   Code   RO         4399    .text               mc_w.l(memcpya.o)
    0x0800014c   0x0800014c   0x00000024   Code   RO         4401    .text               mc_w.l(memseta.o)
    0x08000170   0x08000170   0x0000000e   Code   RO         4403    .text               mc_w.l(strlen.o)
    0x0800017e   0x0800017e   0x00000012   Code   RO         4405    .text               mc_w.l(strcpy.o)
    0x08000190   0x08000190   0x00000038   Code   RO         4670    .text               mc_w.l(__0sscanf.o)
    0x080001c8   0x080001c8   0x0000014c   Code   RO         4672    .text               mc_w.l(_scanf_int.o)
    0x08000314   0x08000314   0x00000360   Code   RO         4674    .text               mc_w.l(scanf_fp.o)
    0x08000674   0x08000674   0x000000b0   Code   RO         4678    .text               mf_w.l(fadd.o)
    0x08000724   0x08000724   0x00000064   Code   RO         4680    .text               mf_w.l(fmul.o)
    0x08000788   0x08000788   0x0000007c   Code   RO         4682    .text               mf_w.l(fdiv.o)
    0x08000804   0x08000804   0x0000014e   Code   RO         4684    .text               mf_w.l(dadd.o)
    0x08000952   0x08000952   0x000000e4   Code   RO         4686    .text               mf_w.l(dmul.o)
    0x08000a36   0x08000a36   0x000000de   Code   RO         4688    .text               mf_w.l(ddiv.o)
    0x08000b14   0x08000b14   0x00000012   Code   RO         4690    .text               mf_w.l(fflti.o)
    0x08000b26   0x08000b26   0x0000000a   Code   RO         4692    .text               mf_w.l(ffltui.o)
    0x08000b30   0x08000b30   0x00000032   Code   RO         4696    .text               mf_w.l(ffixi.o)
    0x08000b62   0x08000b62   0x00000028   Code   RO         4698    .text               mf_w.l(ffixui.o)
    0x08000b8a   0x08000b8a   0x00000026   Code   RO         4700    .text               mf_w.l(f2d.o)
    0x08000bb0   0x08000bb0   0x00000038   Code   RO         4702    .text               mf_w.l(d2f.o)
    0x08000be8   0x08000be8   0x00000014   Code   RO         4704    .text               mf_w.l(cfcmple.o)
    0x08000bfc   0x08000bfc   0x00000014   Code   RO         4706    .text               mf_w.l(cfrcmple.o)
    0x08000c10   0x08000c10   0x0000002c   Code   RO         4744    .text               mc_w.l(uidiv.o)
    0x08000c3c   0x08000c3c   0x00000062   Code   RO         4746    .text               mc_w.l(uldiv.o)
    0x08000c9e   0x08000c9e   0x0000001e   Code   RO         4748    .text               mc_w.l(llshl.o)
    0x08000cbc   0x08000cbc   0x00000024   Code   RO         4750    .text               mc_w.l(llsshr.o)
    0x08000ce0   0x08000ce0   0x0000001c   Code   RO         4759    .text               mc_w.l(_chval.o)
    0x08000cfc   0x08000cfc   0x00000028   Code   RO         4761    .text               mc_w.l(scanf_char.o)
    0x08000d24   0x08000d24   0x00000040   Code   RO         4763    .text               mc_w.l(_sgetc.o)
    0x08000d64   0x08000d64   0x00000000   Code   RO         4765    .text               mc_w.l(iusefp.o)
    0x08000d64   0x08000d64   0x0000006e   Code   RO         4766    .text               mf_w.l(fepilogue.o)
    0x08000dd2   0x08000dd2   0x0000005e   Code   RO         4768    .text               mf_w.l(fsqrt.o)
    0x08000e30   0x08000e30   0x0000003c   Code   RO         4770    .text               mf_w.l(frnd.o)
    0x08000e6c   0x08000e6c   0x000000ba   Code   RO         4772    .text               mf_w.l(depilogue.o)
    0x08000f26   0x08000f26   0x00000018   Code   RO         4774    .text               mf_w.l(dfltul.o)
    0x08000f3e   0x08000f3e   0x00000030   Code   RO         4776    .text               mf_w.l(dfixul.o)
    0x08000f6e   0x08000f6e   0x00000002   PAD
    0x08000f70   0x08000f70   0x00000030   Code   RO         4778    .text               mf_w.l(cdrcmple.o)
    0x08000fa0   0x08000fa0   0x00000060   Code   RO         4780    .text               mf_w.l(dcmp4.o)
    0x08001000   0x08001000   0x00000024   Code   RO         4782    .text               mc_w.l(init.o)
    0x08001024   0x08001024   0x00000020   Code   RO         4784    .text               mc_w.l(llushr.o)
    0x08001044   0x08001044   0x0000000a   Code   RO         4786    .text               mc_w.l(isspace_c.o)
    0x0800104e   0x0800104e   0x00000002   PAD
    0x08001050   0x08001050   0x00000330   Code   RO         4788    .text               mc_w.l(_scanf.o)
    0x08001380   0x08001380   0x00000018   Code   RO         4790    .text               mf_w.l(fscalb.o)
    0x08001398   0x08001398   0x00000028   Code   RO         4792    .text               mc_w.l(ctype_c.o)
    0x080013c0   0x080013c0   0x00000056   Code   RO         4803    .text               mc_w.l(__dczerorl2.o)
    0x08001416   0x08001416   0x00000016   Code   RO         1435    i.ADC_Cmd           stm32f10x_adc.o
    0x0800142c   0x0800142c   0x00000014   Code   RO         1443    i.ADC_GetCalibrationStatus  stm32f10x_adc.o
    0x08001440   0x08001440   0x00000008   Code   RO         1444    i.ADC_GetConversionValue  stm32f10x_adc.o
    0x08001448   0x08001448   0x00000012   Code   RO         1446    i.ADC_GetFlagStatus  stm32f10x_adc.o
    0x0800145a   0x0800145a   0x00000014   Code   RO         1449    i.ADC_GetResetCalibrationStatus  stm32f10x_adc.o
    0x0800146e   0x0800146e   0x00000002   PAD
    0x08001470   0x08001470   0x00000050   Code   RO         1453    i.ADC_Init          stm32f10x_adc.o
    0x080014c0   0x080014c0   0x00000098   Code   RO          747    i.ADC_Joystick_Init  joystick.o
    0x08001558   0x08001558   0x000000b8   Code   RO         1457    i.ADC_RegularChannelConfig  stm32f10x_adc.o
    0x08001610   0x08001610   0x0000000a   Code   RO         1458    i.ADC_ResetCalibration  stm32f10x_adc.o
    0x0800161a   0x0800161a   0x00000016   Code   RO         1460    i.ADC_SoftwareStartConvCmd  stm32f10x_adc.o
    0x08001630   0x08001630   0x0000000a   Code   RO         1462    i.ADC_StartCalibration  stm32f10x_adc.o
    0x0800163a   0x0800163a   0x00000002   PAD
    0x0800163c   0x0800163c   0x0000019c   Code   RO          430    i.AppPs2Run         app_ps2.o
    0x080017d8   0x080017d8   0x00000034   Code   RO          929    i.Buzzer_Init       beep.o
    0x0800180c   0x0800180c   0x00000034   Code   RO          930    i.Buzzer_times      beep.o
    0x08001840   0x08001840   0x00000090   Code   RO          578    i.ColorTask         function.o
    0x080018d0   0x080018d0   0x00000018   Code   RO         2120    i.DMA_Cmd           stm32f10x_dma.o
    0x080018e8   0x080018e8   0x0000014c   Code   RO         2121    i.DMA_DeInit        stm32f10x_dma.o
    0x08001a34   0x08001a34   0x00000008   Code   RO         2122    i.DMA_GetCurrDataCounter  stm32f10x_dma.o
    0x08001a3c   0x08001a3c   0x0000003c   Code   RO         2126    i.DMA_Init          stm32f10x_dma.o
    0x08001a78   0x08001a78   0x00000004   Code   RO         2127    i.DMA_SetCurrDataCounter  stm32f10x_dma.o
    0x08001a7c   0x08001a7c   0x00000020   Code   RO         1262    i.Delay_ms          systick.o
    0x08001a9c   0x08001a9c   0x00000028   Code   RO         1264    i.Delay_us          systick.o
    0x08001ac4   0x08001ac4   0x00000034   Code   RO          384    i.DoGroup_Once      action.o
    0x08001af8   0x08001af8   0x00000116   Code   RO         2544    i.GPIO_Init         stm32f10x_gpio.o
    0x08001c0e   0x08001c0e   0x00000002   PAD
    0x08001c10   0x08001c10   0x00000090   Code   RO         2546    i.GPIO_PinRemapConfig  stm32f10x_gpio.o
    0x08001ca0   0x08001ca0   0x00000012   Code   RO         2548    i.GPIO_ReadInputDataBit  stm32f10x_gpio.o
    0x08001cb2   0x08001cb2   0x00000012   Code   RO         2550    i.GPIO_ReadOutputDataBit  stm32f10x_gpio.o
    0x08001cc4   0x08001cc4   0x00000004   Code   RO         2551    i.GPIO_ResetBits    stm32f10x_gpio.o
    0x08001cc8   0x08001cc8   0x00000004   Code   RO         2552    i.GPIO_SetBits      stm32f10x_gpio.o
    0x08001ccc   0x08001ccc   0x0000000a   Code   RO         2555    i.GPIO_WriteBit     stm32f10x_gpio.o
    0x08001cd6   0x08001cd6   0x0000001c   Code   RO          729    i.GY33T_Read        gy33t.o
    0x08001cf2   0x08001cf2   0x00000014   Code   RO          730    i.GY33T_Write_Byte  gy33t.o
    0x08001d06   0x08001d06   0x0000005c   Code   RO          385    i.GetMaxTime        action.o
    0x08001d62   0x08001d62   0x00000002   PAD
    0x08001d64   0x08001d64   0x0000004c   Code   RO          748    i.Get_Adc_Joystick_Value  joystick.o
    0x08001db0   0x08001db0   0x0000004c   Code   RO          749    i.Get_Joystick_Percentage_value  joystick.o
    0x08001dfc   0x08001dfc   0x0000003e   Code   RO          750    i.JoystickStatus    joystick.o
    0x08001e3a   0x08001e3a   0x00000002   PAD
    0x08001e3c   0x08001e3c   0x000001c0   Code   RO          579    i.JoystickTask      function.o
    0x08001ffc   0x08001ffc   0x00000028   Code   RO          751    i.Joystick_Key_Init  joystick.o
    0x08002024   0x08002024   0x00000038   Code   RO          752    i.Joystick_LED_Init  joystick.o
    0x0800205c   0x0800205c   0x00000024   Code   RO          947    i.Key_Init          key.o
    0x08002080   0x08002080   0x00000038   Code   RO          978    i.LED_Init          led.o
    0x080020b8   0x080020b8   0x00000044   Code   RO          284    i.Led_Blink         application.o
    0x080020fc   0x080020fc   0x000000c0   Code   RO          285    i.LoopMode          application.o
    0x080021bc   0x080021bc   0x000001d4   Code   RO          286    i.LoopVisionMode    application.o
    0x08002390   0x08002390   0x000000ec   Code   RO          386    i.Loop_Action       action.o
    0x0800247c   0x0800247c   0x00000058   Code   RO          287    i.Loop_Uart         application.o
    0x080024d4   0x080024d4   0x0000000c   Code   RO         1265    i.Millis            systick.o
    0x080024e0   0x080024e0   0x00000070   Code   RO         1393    i.NVIC_Init         misc.o
    0x08002550   0x08002550   0x00000040   Code   RO          615    i.OLED_Clear        oled.o
    0x08002590   0x08002590   0x000000e2   Code   RO          620    i.OLED_Init         oled.o
    0x08002672   0x08002672   0x00000002   PAD
    0x08002674   0x08002674   0x000000dc   Code   RO          622    i.OLED_Print        oled.o
    0x08002750   0x08002750   0x0000002a   Code   RO          623    i.OLED_SetPos       oled.o
    0x0800277a   0x0800277a   0x00000002   PAD
    0x0800277c   0x0800277c   0x000000a0   Code   RO          624    i.OLED_ShowChar     oled.o
    0x0800281c   0x0800281c   0x00000022   Code   RO          627    i.OLED_WRByte       oled.o
    0x0800283e   0x0800283e   0x00000002   PAD
    0x08002840   0x08002840   0x000000d4   Code   RO          288    i.Parameter_Init    application.o
    0x08002914   0x08002914   0x00000220   Code   RO          431    i.ParsePsx_Buf      app_ps2.o
    0x08002b34   0x08002b34   0x00000328   Code   RO          465    i.Parse_Action      protocol.o
    0x08002e5c   0x08002e5c   0x000005b4   Code   RO          466    i.Parse_Cmd         protocol.o
    0x08003410   0x08003410   0x00000088   Code   RO          467    i.Parse_Group_Cmd   protocol.o
    0x08003498   0x08003498   0x0000003c   Code   RO          529    i.PidInit           servopid.o
    0x080034d4   0x080034d4   0x00000068   Code   RO          990    i.Ps2TransferByte   ps2.o
    0x0800353c   0x0800353c   0x00000108   Code   RO          991    i.Ps2_Init          ps2.o
    0x08003644   0x08003644   0x0000004c   Code   RO          992    i.Ps2_WriteRead     ps2.o
    0x08003690   0x08003690   0x000000d0   Code   RO          789    i.PwmServoInit      pwmservo.o
    0x08003760   0x08003760   0x0000005c   Code   RO          790    i.PwmServoStop      pwmservo.o
    0x080037bc   0x080037bc   0x00000100   Code   RO          792    i.PwmServo_DoingSet  pwmservo.o
    0x080038bc   0x080038bc   0x000000b4   Code   RO          793    i.PwmServo_IncOffset  pwmservo.o
    0x08003970   0x08003970   0x00000078   Code   RO          794    i.PwmServo_PinSet   pwmservo.o
    0x080039e8   0x080039e8   0x00000088   Code   RO          795    i.PwmServo_SetAngle  pwmservo.o
    0x08003a70   0x08003a70   0x00000018   Code   RO         2958    i.RCC_ADCCLKConfig  stm32f10x_rcc.o
    0x08003a88   0x08003a88   0x00000020   Code   RO         2959    i.RCC_AHBPeriphClockCmd  stm32f10x_rcc.o
    0x08003aa8   0x08003aa8   0x00000020   Code   RO         2960    i.RCC_APB1PeriphClockCmd  stm32f10x_rcc.o
    0x08003ac8   0x08003ac8   0x00000020   Code   RO         2961    i.RCC_APB1PeriphResetCmd  stm32f10x_rcc.o
    0x08003ae8   0x08003ae8   0x00000020   Code   RO         2962    i.RCC_APB2PeriphClockCmd  stm32f10x_rcc.o
    0x08003b08   0x08003b08   0x00000020   Code   RO         2963    i.RCC_APB2PeriphResetCmd  stm32f10x_rcc.o
    0x08003b28   0x08003b28   0x0000004c   Code   RO         2969    i.RCC_DeInit        stm32f10x_rcc.o
    0x08003b74   0x08003b74   0x000000d4   Code   RO         2970    i.RCC_GetClocksFreq  stm32f10x_rcc.o
    0x08003c48   0x08003c48   0x0000003c   Code   RO         2971    i.RCC_GetFlagStatus  stm32f10x_rcc.o
    0x08003c84   0x08003c84   0x00000010   Code   RO         2973    i.RCC_GetSYSCLKSource  stm32f10x_rcc.o
    0x08003c94   0x08003c94   0x00000018   Code   RO         2974    i.RCC_HCLKConfig    stm32f10x_rcc.o
    0x08003cac   0x08003cac   0x0000004c   Code   RO         2975    i.RCC_HSEConfig     stm32f10x_rcc.o
    0x08003cf8   0x08003cf8   0x00000018   Code   RO         2981    i.RCC_PCLK1Config   stm32f10x_rcc.o
    0x08003d10   0x08003d10   0x00000018   Code   RO         2982    i.RCC_PCLK2Config   stm32f10x_rcc.o
    0x08003d28   0x08003d28   0x0000000c   Code   RO         2983    i.RCC_PLLCmd        stm32f10x_rcc.o
    0x08003d34   0x08003d34   0x0000001c   Code   RO         2984    i.RCC_PLLConfig     stm32f10x_rcc.o
    0x08003d50   0x08003d50   0x00000018   Code   RO         2987    i.RCC_SYSCLKConfig  stm32f10x_rcc.o
    0x08003d68   0x08003d68   0x00000038   Code   RO         2989    i.RCC_WaitForHSEStartUp  stm32f10x_rcc.o
    0x08003da0   0x08003da0   0x0000005e   Code   RO         1222    i.Rcc_Init          rcc.o
    0x08003dfe   0x08003dfe   0x00000002   PAD
    0x08003e00   0x08003e00   0x0000006c   Code   RO         1156    i.Read              soft_i2c.o
    0x08003e6c   0x08003e6c   0x00000014   Code   RO          214    i.Replace_Char      global.o
    0x08003e80   0x08003e80   0x00000020   Code   RO          468    i.Rewrite_Eeprom    protocol.o
    0x08003ea0   0x08003ea0   0x00000018   Code   RO         3439    i.SPI_Cmd           stm32f10x_spi.o
    0x08003eb8   0x08003eb8   0x00000012   Code   RO         3447    i.SPI_I2S_GetFlagStatus  stm32f10x_spi.o
    0x08003eca   0x08003eca   0x00000006   Code   RO         3450    i.SPI_I2S_ReceiveData  stm32f10x_spi.o
    0x08003ed0   0x08003ed0   0x00000004   Code   RO         3451    i.SPI_I2S_SendData  stm32f10x_spi.o
    0x08003ed4   0x08003ed4   0x0000003c   Code   RO         3452    i.SPI_Init          stm32f10x_spi.o
    0x08003f10   0x08003f10   0x00000018   Code   RO         1235    i.SWJGpio_Init      sys.o
    0x08003f28   0x08003f28   0x00000128   Code   RO          469    i.Save_Action       protocol.o
    0x08004050   0x08004050   0x00000078   Code   RO         1157    i.Send              soft_i2c.o
    0x080040c8   0x080040c8   0x00000084   Code   RO         1158    i.Send_Ack          soft_i2c.o
    0x0800414c   0x0800414c   0x00000058   Code   RO          289    i.ServoState_Init   application.o
    0x080041a4   0x080041a4   0x0000000c   Code   RO          844    i.SetPrintfUart     uart.o
    0x080041b0   0x080041b0   0x00000008   Code   RO         1359    i.SetSysClock       system_stm32f10x.o
    0x080041b8   0x080041b8   0x000000e0   Code   RO         1360    i.SetSysClockTo72   system_stm32f10x.o
    0x08004298   0x08004298   0x00000064   Code   RO         1159    i.SoftI2C_init      soft_i2c.o
    0x080042fc   0x080042fc   0x00000076   Code   RO         1160    i.SoftI2C_read      soft_i2c.o
    0x08004372   0x08004372   0x00000058   Code   RO         1161    i.SoftI2C_write     soft_i2c.o
    0x080043ca   0x080043ca   0x00000002   PAD
    0x080043cc   0x080043cc   0x00000030   Code   RO         1236    i.Soft_Reset        sys.o
    0x080043fc   0x080043fc   0x000000dc   Code   RO          580    i.SoundTouchTask    function.o
    0x080044d8   0x080044d8   0x00000044   Code   RO          949    i.Sound_Touch_Key_Init  key.o
    0x0800451c   0x0800451c   0x0000004c   Code   RO         1021    i.SpiFlash_Erase_Sector  spi_flash.o
    0x08004568   0x08004568   0x000000b4   Code   RO         1022    i.SpiFlash_Init     spi_flash.o
    0x0800461c   0x0800461c   0x00000058   Code   RO         1024    i.SpiFlash_Read     spi_flash.o
    0x08004674   0x08004674   0x00000030   Code   RO         1027    i.SpiFlash_Read_SR  spi_flash.o
    0x080046a4   0x080046a4   0x00000012   Code   RO         1028    i.SpiFlash_Wait_Busy  spi_flash.o
    0x080046b6   0x080046b6   0x00000002   PAD
    0x080046b8   0x080046b8   0x00000024   Code   RO         1031    i.SpiFlash_Write_Enable  spi_flash.o
    0x080046dc   0x080046dc   0x00000046   Code   RO         1032    i.SpiFlash_Write_No_Check  spi_flash.o
    0x08004722   0x08004722   0x00000002   PAD
    0x08004724   0x08004724   0x0000006c   Code   RO         1033    i.SpiFlash_Write_Page  spi_flash.o
    0x08004790   0x08004790   0x000000b4   Code   RO         1034    i.SpiFlash_Write_S  spi_flash.o
    0x08004844   0x08004844   0x00000024   Code   RO         1039    i.Spi_SetSpeed      spi_flash.o
    0x08004868   0x08004868   0x00000054   Code   RO         1040    i.Spi_WriteRead     spi_flash.o
    0x080048bc   0x080048bc   0x00000070   Code   RO         1163    i.Start             soft_i2c.o
    0x0800492c   0x0800492c   0x0000005c   Code   RO         1164    i.Stop              soft_i2c.o
    0x08004988   0x08004988   0x0000004a   Code   RO          216    i.Str_Contain_Str   global.o
    0x080049d2   0x080049d2   0x00000002   PAD
    0x080049d4   0x080049d4   0x00000060   Code   RO         1266    i.SysTickInit       systick.o
    0x08004a34   0x08004a34   0x00000010   Code   RO         1267    i.SysTick_Handler   systick.o
    0x08004a44   0x08004a44   0x00000060   Code   RO         1362    i.SystemInit        system_stm32f10x.o
    0x08004aa4   0x08004aa4   0x00000068   Code   RO         1311    i.TIM1_Init         timer.o
    0x08004b0c   0x08004b0c   0x000000a0   Code   RO         1312    i.TIM2_IRQHandler   timer.o
    0x08004bac   0x08004bac   0x00000066   Code   RO         1313    i.TIM2_Init         timer.o
    0x08004c12   0x08004c12   0x00000018   Code   RO         3582    i.TIM_ARRPreloadConfig  stm32f10x_tim.o
    0x08004c2a   0x08004c2a   0x00000006   Code   RO         3589    i.TIM_ClearITPendingBit  stm32f10x_tim.o
    0x08004c30   0x08004c30   0x00000018   Code   RO         3594    i.TIM_Cmd           stm32f10x_tim.o
    0x08004c48   0x08004c48   0x00000006   Code   RO         3613    i.TIM_GetCounter    stm32f10x_tim.o
    0x08004c4e   0x08004c4e   0x00000022   Code   RO         3615    i.TIM_GetITStatus   stm32f10x_tim.o
    0x08004c70   0x08004c70   0x00000012   Code   RO         3619    i.TIM_ITConfig      stm32f10x_tim.o
    0x08004c82   0x08004c82   0x00000004   Code   RO         3659    i.TIM_SetCounter    stm32f10x_tim.o
    0x08004c86   0x08004c86   0x00000002   PAD
    0x08004c88   0x08004c88   0x000000a4   Code   RO         3665    i.TIM_TimeBaseInit  stm32f10x_tim.o
    0x08004d2c   0x08004d2c   0x00000074   Code   RO          845    i.USART1_IRQHandler  uart.o
    0x08004da0   0x08004da0   0x00000030   Code   RO          846    i.USART2_IRQHandler  uart.o
    0x08004dd0   0x08004dd0   0x00000084   Code   RO          847    i.USART3_IRQHandler  uart.o
    0x08004e54   0x08004e54   0x0000001e   Code   RO         4127    i.USART_ClearITPendingBit  stm32f10x_usart.o
    0x08004e72   0x08004e72   0x00000018   Code   RO         4130    i.USART_Cmd         stm32f10x_usart.o
    0x08004e8a   0x08004e8a   0x00000012   Code   RO         4131    i.USART_DMACmd      stm32f10x_usart.o
    0x08004e9c   0x08004e9c   0x0000009c   Code   RO         4132    i.USART_DeInit      stm32f10x_usart.o
    0x08004f38   0x08004f38   0x0000001a   Code   RO         4133    i.USART_GetFlagStatus  stm32f10x_usart.o
    0x08004f52   0x08004f52   0x00000054   Code   RO         4134    i.USART_GetITStatus  stm32f10x_usart.o
    0x08004fa6   0x08004fa6   0x00000018   Code   RO         4135    i.USART_HalfDuplexCmd  stm32f10x_usart.o
    0x08004fbe   0x08004fbe   0x0000004a   Code   RO         4136    i.USART_ITConfig    stm32f10x_usart.o
    0x08005008   0x08005008   0x000000d8   Code   RO         4137    i.USART_Init        stm32f10x_usart.o
    0x080050e0   0x080050e0   0x0000000a   Code   RO         4144    i.USART_ReceiveData  stm32f10x_usart.o
    0x080050ea   0x080050ea   0x00000008   Code   RO         4147    i.USART_SendData    stm32f10x_usart.o
    0x080050f2   0x080050f2   0x00000002   PAD
    0x080050f4   0x080050f4   0x00000030   Code   RO          705    i.USTimer_Init      ultrasonic.o
    0x08005124   0x08005124   0x000000dc   Code   RO          706    i.US_DisRead        ultrasonic.o
    0x08005200   0x08005200   0x00000044   Code   RO          707    i.US_Init           ultrasonic.o
    0x08005244   0x08005244   0x00000108   Code   RO          848    i.Uart1_Init        uart.o
    0x0800534c   0x0800534c   0x000000a8   Code   RO          849    i.Uart2_Init        uart.o
    0x080053f4   0x080053f4   0x00000108   Code   RO          850    i.Uart3_Init        uart.o
    0x080054fc   0x080054fc   0x00000034   Code   RO          851    i.UartAll_Printf    uart.o
    0x08005530   0x08005530   0x000000c4   Code   RO          852    i.Uart_DataParse    uart.o
    0x080055f4   0x080055f4   0x0000001c   Code   RO          290    i.Uart_Init         application.o
    0x08005610   0x08005610   0x00000144   Code   RO          581    i.UsTask            function.o
    0x08005754   0x08005754   0x00000274   Code   RO          470    i.Voice_Cmd         protocol.o
    0x080059c8   0x080059c8   0x00000098   Code   RO         1165    i.Wait_Ack          soft_i2c.o
    0x08005a60   0x08005a60   0x00000020   Code   RO         4642    i.__0printf         mc_w.l(printfa.o)
    0x08005a80   0x08005a80   0x00000028   Code   RO         4644    i.__0sprintf        mc_w.l(printfa.o)
    0x08005aa8   0x08005aa8   0x00000026   Code   RO         4708    i.__ARM_fpclassifyf  m_ws.l(fpclassifyf.o)
    0x08005ace   0x08005ace   0x00000006   Code   RO         4711    i.__mathlib_flt_infnan  m_ws.l(funder.o)
    0x08005ad4   0x08005ad4   0x00000004   Code   RO         4712    i.__mathlib_flt_infnan2  m_ws.l(funder.o)
    0x08005ad8   0x08005ad8   0x00000008   Code   RO         4713    i.__mathlib_flt_invalid  m_ws.l(funder.o)
    0x08005ae0   0x08005ae0   0x0000000a   Code   RO         4716    i.__mathlib_flt_underflow  m_ws.l(funder.o)
    0x08005aea   0x08005aea   0x00000002   PAD
    0x08005aec   0x08005aec   0x00000168   Code   RO         4724    i.__mathlib_rredf2  m_ws.l(rredf.o)
    0x08005c54   0x08005c54   0x0000000e   Code   RO         4797    i.__scatterload_copy  mc_w.l(handlers.o)
    0x08005c62   0x08005c62   0x00000002   Code   RO         4798    i.__scatterload_null  mc_w.l(handlers.o)
    0x08005c64   0x08005c64   0x0000000e   Code   RO         4799    i.__scatterload_zeroinit  mc_w.l(handlers.o)
    0x08005c72   0x08005c72   0x00000002   PAD
    0x08005c74   0x08005c74   0x0000000c   Code   RO         4754    i.__set_errno       mc_w.l(errno.o)
    0x08005c80   0x08005c80   0x00000184   Code   RO         4649    i._fp_digits        mc_w.l(printfa.o)
    0x08005e04   0x08005e04   0x0000000e   Code   RO         4676    i._is_digit         mc_w.l(scanf_fp.o)
    0x08005e12   0x08005e12   0x00000002   PAD
    0x08005e14   0x08005e14   0x000006b4   Code   RO         4650    i._printf_core      mc_w.l(printfa.o)
    0x080064c8   0x080064c8   0x00000024   Code   RO         4651    i._printf_post_padding  mc_w.l(printfa.o)
    0x080064ec   0x080064ec   0x0000002e   Code   RO         4652    i._printf_pre_padding  mc_w.l(printfa.o)
    0x0800651a   0x0800651a   0x0000000a   Code   RO         4654    i._sputc            mc_w.l(printfa.o)
    0x08006524   0x08006524   0x00000018   Code   RO          217    i.abs_float         global.o
    0x0800653c   0x0800653c   0x0000000e   Code   RO          218    i.abs_int           global.o
    0x0800654a   0x0800654a   0x00000002   PAD
    0x0800654c   0x0800654c   0x000000cc   Code   RO          471    i.angle_to_PWM      protocol.o
    0x08006618   0x08006618   0x000002a4   Code   RO         4361    i.atan2f            m_ws.l(atan2f.o)
    0x080068bc   0x080068bc   0x0000017c   Code   RO         4369    i.cosf              m_ws.l(cosf.o)
    0x08006a38   0x08006a38   0x00000042   Code   RO         4376    i.fmax              m_ws.l(fmax.o)
    0x08006a7a   0x08006a7a   0x00000042   Code   RO         4394    i.fmin              m_ws.l(fmin.o)
    0x08006abc   0x08006abc   0x00000078   Code   RO          853    i.fputc             uart.o
    0x08006b34   0x08006b34   0x000007a8   Code   RO          556    i.inverseKinematics  kinematics.o
    0x080072dc   0x080072dc   0x00000138   Code   RO          291    i.loop_Joystick_key  application.o
    0x08007414   0x08007414   0x00000024   Code   RO          292    i.loop_app          application.o
    0x08007438   0x08007438   0x000000c0   Code   RO          293    i.loop_key          application.o
    0x080074f8   0x080074f8   0x000001e4   Code   RO            1    i.loop_oled         main.o
    0x080076dc   0x080076dc   0x00000010   Code   RO            2    i.main              main.o
    0x080076ec   0x080076ec   0x000000a4   Code   RO          294    i.setup_app         application.o
    0x08007790   0x08007790   0x00000030   Code   RO          295    i.setup_run_action  application.o
    0x080077c0   0x080077c0   0x00000188   Code   RO         4379    i.sinf              m_ws.l(sinf.o)
    0x08007948   0x08007948   0x0000002c   Code   RO         4387    i.sqrtf             m_ws.l(sqrtf.o)
    0x08007974   0x08007974   0x0000002c   Code   RO          854    i.uart1_send_str    uart.o
    0x080079a0   0x080079a0   0x00000044   Code   RO          855    i.uart2_send_str    uart.o
    0x080079e4   0x080079e4   0x00000018   Data   RO          473    .constdata          protocol.o
    0x080079fc   0x080079fc   0x00000090   Data   RO          557    .constdata          kinematics.o
    0x08007a8c   0x08007a8c   0x00000063   Data   RO          582    .constdata          function.o
    0x08007aef   0x08007aef   0x00000001   PAD
    0x08007af0   0x08007af0   0x00000d24   Data   RO          628    .constdata          oled.o
    0x08008814   0x08008814   0x00000014   Data   RO          994    .constdata          ps2.o
    0x08008828   0x08008828   0x00000020   Data   RO         4725    .constdata          m_ws.l(rredf.o)
    0x08008848   0x08008848   0x00000040   Data   RO         4793    .constdata          mc_w.l(ctype_c.o)
    0x08008888   0x08008888   0x00000285   Data   RO          432    .conststring        app_ps2.o
    0x08008b0d   0x08008b0d   0x00000003   PAD
    0x08008b10   0x08008b10   0x00000020   Data   RO         4795    Region$$Table       anon$$obj.o


    Execution Region RW_IRAM1 (Exec base: 0x20000000, Load base: 0x08008b30, Size: 0x00002b20, Max: 0x00005000, ABSOLUTE, COMPRESSED[0x0000014c])

    Exec Addr    Load Addr    Size         Type   Attr      Idx    E Section Name        Object

    0x20000000   COMPRESSED   0x00000405   Data   RW            3    .data               main.o
    0x20000405   COMPRESSED   0x00000003   PAD
    0x20000408   COMPRESSED   0x00000021   Data   RW          296    .data               application.o
    0x20000429   COMPRESSED   0x00000003   PAD
    0x2000042c   COMPRESSED   0x00000020   Data   RW          387    .data               action.o
    0x2000044c   COMPRESSED   0x00000058   Data   RW          433    .data               app_ps2.o
    0x200004a4   COMPRESSED   0x00000001   Data   RW          474    .data               protocol.o
    0x200004a5   COMPRESSED   0x00000003   PAD
    0x200004a8   COMPRESSED   0x00000028   Data   RW          583    .data               function.o
    0x200004d0   COMPRESSED   0x00000004   Data   RW          797    .data               pwmservo.o
    0x200004d4   COMPRESSED   0x0000000a   Data   RW          857    .data               uart.o
    0x200004de   COMPRESSED   0x00000005   Data   RW         1042    .data               spi_flash.o
    0x200004e3   COMPRESSED   0x00000001   PAD
    0x200004e4   COMPRESSED   0x00000004   Data   RW         1268    .data               systick.o
    0x200004e8   COMPRESSED   0x00000003   Data   RW         1314    .data               timer.o
    0x200004eb   COMPRESSED   0x00000001   PAD
    0x200004ec   COMPRESSED   0x00000014   Data   RW         1363    .data               system_stm32f10x.o
    0x20000500   COMPRESSED   0x00000014   Data   RW         2990    .data               stm32f10x_rcc.o
    0x20000514   COMPRESSED   0x00000004   Data   RW         4743    .data               mc_w.l(stdout.o)
    0x20000518   COMPRESSED   0x00000004   Data   RW         4755    .data               mc_w.l(errno.o)
    0x2000051c        -       0x00000504   Zero   RW          472    .bss                protocol.o
    0x20000a20        -       0x000000e0   Zero   RW          796    .bss                pwmservo.o
    0x20000b00        -       0x00000c00   Zero   RW          856    .bss                uart.o
    0x20001700        -       0x00000009   Zero   RW          993    .bss                ps2.o
    0x20001709   COMPRESSED   0x00000001   PAD
    0x2000170a        -       0x00001012   Zero   RW         1041    .bss                spi_flash.o
    0x2000271c   COMPRESSED   0x00000004   PAD
    0x20002720        -       0x00000400   Zero   RW         1352    STACK               startup_stm32f10x_md.o


==============================================================================

Image component sizes


      Code (inc. data)   RO Data    RW Data    ZI Data      Debug   Object Name

       380         52          0         32          0       2289   action.o
       956        102        645         88          0       2869   app_ps2.o
      1896        526          0         33          0       7369   application.o
       104         12          0          0          0       1161   beep.o
         0          0          0          0          0         32   core_cm3.o
      1136        256         99         40          0       3751   function.o
       132          0          0          0          0     214042   global.o
        48          0          0          0          0       1604   gy33t.o
       462         36          0          0          0       4094   joystick.o
       104          8          0          0          0       1038   key.o
      1960        146        144          0          0       3493   kinematics.o
        56          6          0          0          0        503   led.o
       500        218          0       1029          0     283357   main.o
       112         12          0          0          0       1012   misc.o
       746         14       3364          0          0       4784   oled.o
      3564       1024         24          1       1284       7452   protocol.o
       444         32         20          0          9       2597   ps2.o
       992         64          0          4        224       6382   pwmservo.o
        94          0          0          0          0        539   rcc.o
        60          8          0          0          0        474   servopid.o
      1022         34          0          0          0       6249   soft_i2c.o
       924         60          0          5       4114       8247   spi_flash.o
        36          8        236          0       1024        828   startup_stm32f10x_md.o
       394         10          0          0          0       8057   stm32f10x_adc.o
       428          8          0          0          0       4548   stm32f10x_dma.o
       476          6          0          0          0       5711   stm32f10x_gpio.o
       816        116          0         20          0      12847   stm32f10x_rcc.o
       112          0          0          0          0       3842   stm32f10x_spi.o
       280         42          0          0          0       5191   stm32f10x_tim.o
       670         28          0          0          0       8595   stm32f10x_usart.o
        72         14          0          0          0      16179   sys.o
       328         28          0         20          0       2381   system_stm32f10x.o
       196         22          0          4          0      18118   systick.o
       366         18          0          3          0       2404   timer.o
      1484        136          0         10       3072       8598   uart.o
       336         34          0          0          0       1798   ultrasonic.o

    ----------------------------------------------------------------------
     21718       3080       4568       1300       9732     662435   Object Totals
         0          0         32          0          0          0   (incl. Generated)
        32          0          4         11          5          0   (incl. Padding)

    ----------------------------------------------------------------------

      Code (inc. data)   RO Data    RW Data    ZI Data      Debug   Library Member Name

       676         78          0          0          0        116   atan2f.o
       380         52          0          0          0        124   cosf.o
        66          0          0          0          0         84   fmax.o
        66          0          0          0          0         84   fmin.o
        38          0          0          0          0         68   fpclassifyf.o
        28          0          0          0          0        272   funder.o
       360         16         32          0          0         88   rredf.o
       392         54          0          0          0        124   sinf.o
        44          0          0          0          0         80   sqrtf.o
        56          8          0          0          0         84   __0sscanf.o
        86          0          0          0          0          0   __dczerorl2.o
        28          0          0          0          0         68   _chval.o
       816          6          0          0          0        112   _scanf.o
       332          0          0          0          0         96   _scanf_int.o
        64          0          0          0          0         84   _sgetc.o
        40          6         64          0          0         68   ctype_c.o
         0          0          0          0          0          0   entry.o
         0          0          0          0          0          0   entry10a.o
         0          0          0          0          0          0   entry11a.o
         4          0          0          0          0          0   entry12b.o
         8          4          0          0          0          0   entry2.o
         4          0          0          0          0          0   entry5.o
         0          0          0          0          0          0   entry7b.o
         0          0          0          0          0          0   entry8b.o
         8          4          0          0          0          0   entry9a.o
        12          6          0          4          0         68   errno.o
        30          0          0          0          0          0   handlers.o
        36          8          0          0          0         68   init.o
        10          0          0          0          0         68   isspace_c.o
         0          0          0          0          0          0   iusefp.o
        30          0          0          0          0         68   llshl.o
        36          0          0          0          0         68   llsshr.o
        32          0          0          0          0         68   llushr.o
        36          0          0          0          0         68   memcpya.o
        36          0          0          0          0        108   memseta.o
      2268         96          0          0          0        616   printfa.o
        40          8          0          0          0         84   scanf_char.o
       878         12          0          0          0        216   scanf_fp.o
         0          0          0          4          0          0   stdout.o
        18          0          0          0          0         68   strcpy.o
        14          0          0          0          0         68   strlen.o
        44          0          0          0          0         80   uidiv.o
        98          0          0          0          0         92   uldiv.o
        48          0          0          0          0         68   cdrcmple.o
        20          0          0          0          0         68   cfcmple.o
        20          0          0          0          0         68   cfrcmple.o
        56          0          0          0          0         88   d2f.o
       334          0          0          0          0        148   dadd.o
        96          0          0          0          0         80   dcmp4.o
       222          0          0          0          0        100   ddiv.o
       186          0          0          0          0        176   depilogue.o
        48          0          0          0          0         68   dfixul.o
        24          0          0          0          0         76   dfltul.o
       228          0          0          0          0         96   dmul.o
        38          0          0          0          0         68   f2d.o
       176          0          0          0          0        140   fadd.o
       124          0          0          0          0         88   fdiv.o
       110          0          0          0          0        168   fepilogue.o
        50          0          0          0          0         68   ffixi.o
        40          0          0          0          0         68   ffixui.o
        18          0          0          0          0         68   fflti.o
        10          0          0          0          0         68   ffltui.o
       100          0          0          0          0         76   fmul.o
        60          0          0          0          0         76   frnd.o
        24          0          0          0          0         68   fscalb.o
        94          0          0          0          0         96   fsqrt.o

    ----------------------------------------------------------------------
      9250        358         96          8          0       5448   Library Totals
        10          0          0          0          0          0   (incl. Padding)

    ----------------------------------------------------------------------

      Code (inc. data)   RO Data    RW Data    ZI Data      Debug   Library Name

      2050        200         32          0          0       1040   m_ws.l
      5064        158         64          8          0       2320   mc_w.l
      2126          0          0          0          0       2088   mf_w.l

    ----------------------------------------------------------------------
      9250        358         96          8          0       5448   Library Totals

    ----------------------------------------------------------------------

==============================================================================


      Code (inc. data)   RO Data    RW Data    ZI Data      Debug   

     30968       3438       4664       1308       9732     655895   Grand Totals
     30968       3438       4664        332       9732     655895   ELF Image Totals (compressed)
     30968       3438       4664        332          0          0   ROM Totals

==============================================================================

    Total RO  Size (Code + RO Data)                35632 (  34.80kB)
    Total RW  Size (RW Data + ZI Data)             11040 (  10.78kB)
    Total ROM Size (Code + RO Data + RW Data)      35964 (  35.12kB)

==============================================================================

