Component: ARM Compiler 5.06 update 7 (build 960) Tool: armlink [4d3601]

==============================================================================

Section Cross References

    main.o(i.loop_oled) refers to systick.o(i.Millis) for Millis
    main.o(i.loop_oled) refers to oled.o(i.OLED_Clear) for OLED_Clear
    main.o(i.loop_oled) refers to oled.o(i.OLED_Print) for OLED_Print
    main.o(i.loop_oled) refers to main.o(.data) for last_tick
    main.o(i.loop_oled) refers to application.o(.data) for SetMode
    main.o(i.main) refers to application.o(i.setup_app) for setup_app
    main.o(i.main) refers to main.o(i.loop_oled) for loop_oled
    main.o(i.main) refers to application.o(i.loop_app) for loop_app
    global.o(i.abs_float) refers to cfrcmple.o(.text) for __aeabi_cfrcmple
    global.o(i.map) refers to fadd.o(.text) for __aeabi_fsub
    global.o(i.map) refers to fmul.o(.text) for __aeabi_fmul
    global.o(i.map) refers to fdiv.o(.text) for __aeabi_fdiv
    application.o(i.Led_Blink) refers to systick.o(i.Millis) for Millis
    application.o(i.Led_Blink) refers to stm32f10x_gpio.o(i.GPIO_ReadOutputDataBit) for GPIO_ReadOutputDataBit
    application.o(i.Led_Blink) refers to stm32f10x_gpio.o(i.GPIO_WriteBit) for GPIO_WriteBit
    application.o(i.Led_Blink) refers to application.o(.data) for systick_ms_bak_led
    application.o(i.LoopMode) refers to systick.o(i.Millis) for Millis
    application.o(i.LoopMode) refers to function.o(i.ColorTask) for ColorTask
    application.o(i.LoopMode) refers to function.o(i.JoystickTask) for JoystickTask
    application.o(i.LoopMode) refers to function.o(i.UsTask) for UsTask
    application.o(i.LoopMode) refers to function.o(i.SoundTouchTask) for SoundTouchTask
    application.o(i.LoopMode) refers to application.o(.data) for systick_ms_bak_mode
    application.o(i.LoopVisionMode) refers to systick.o(i.Millis) for Millis
    application.o(i.LoopVisionMode) refers to uart.o(i.uart2_send_str) for uart2_send_str
    application.o(i.LoopVisionMode) refers to uart.o(i.uart1_send_str) for uart1_send_str
    application.o(i.LoopVisionMode) refers to application.o(.data) for systick_ms_bak_mode
    application.o(i.Loop_Uart) refers to protocol.o(i.Parse_Group_Cmd) for Parse_Group_Cmd
    application.o(i.Loop_Uart) refers to protocol.o(i.Parse_Cmd) for Parse_Cmd
    application.o(i.Loop_Uart) refers to protocol.o(i.Parse_Action) for Parse_Action
    application.o(i.Loop_Uart) refers to protocol.o(i.Save_Action) for Save_Action
    application.o(i.Loop_Uart) refers to uart.o(.data) for Uart_GetOK
    application.o(i.Loop_Uart) refers to uart.o(.bss) for Uart_ReceiveBuf
    application.o(i.Parameter_Init) refers to spi_flash.o(i.SpiFlash_Read) for SpiFlash_Read
    application.o(i.Parameter_Init) refers to printf6.o(i.__0sprintf$6) for __2sprintf
    application.o(i.Parameter_Init) refers to uart.o(i.uart1_send_str) for uart1_send_str
    application.o(i.Parameter_Init) refers to protocol.o(.bss) for eeprom_info
    application.o(i.ServoState_Init) refers to ffltui.o(.text) for __aeabi_ui2f
    application.o(i.ServoState_Init) refers to protocol.o(.bss) for eeprom_info
    application.o(i.ServoState_Init) refers to pwmservo.o(.bss) for duoji_doing
    application.o(i.Uart_Init) refers to uart.o(i.Uart1_Init) for Uart1_Init
    application.o(i.Uart_Init) refers to uart.o(i.Uart2_Init) for Uart2_Init
    application.o(i.Uart_Init) refers to uart.o(i.Uart3_Init) for Uart3_Init
    application.o(i.loop_Joystick_key) refers to systick.o(i.Millis) for Millis
    application.o(i.loop_Joystick_key) refers to stm32f10x_gpio.o(i.GPIO_ResetBits) for GPIO_ResetBits
    application.o(i.loop_Joystick_key) refers to stm32f10x_gpio.o(i.GPIO_ReadInputDataBit) for GPIO_ReadInputDataBit
    application.o(i.loop_Joystick_key) refers to stm32f10x_gpio.o(i.GPIO_SetBits) for GPIO_SetBits
    application.o(i.loop_Joystick_key) refers to uart.o(i.uart1_send_str) for uart1_send_str
    application.o(i.loop_Joystick_key) refers to application.o(.data) for SetMode
    application.o(i.loop_Joystick_key) refers to function.o(.data) for clampMode
    application.o(i.loop_app) refers to application.o(i.Led_Blink) for Led_Blink
    application.o(i.loop_app) refers to application.o(i.loop_key) for loop_key
    application.o(i.loop_app) refers to application.o(i.loop_Joystick_key) for loop_Joystick_key
    application.o(i.loop_app) refers to application.o(i.Loop_Uart) for Loop_Uart
    application.o(i.loop_app) refers to action.o(i.Loop_Action) for Loop_Action
    application.o(i.loop_app) refers to app_ps2.o(i.AppPs2Run) for AppPs2Run
    application.o(i.loop_app) refers to application.o(i.LoopMode) for LoopMode
    application.o(i.loop_app) refers to application.o(i.LoopVisionMode) for LoopVisionMode
    application.o(i.loop_key) refers to systick.o(i.Millis) for Millis
    application.o(i.loop_key) refers to stm32f10x_gpio.o(i.GPIO_ReadInputDataBit) for GPIO_ReadInputDataBit
[...]
    .constdata                               0x08007848   Section       99  function.o(.constdata)
    color_map                                0x08007848   Data          99  function.o(.constdata)
    .constdata                               0x080078ac   Section      252  protocolconversion.o(.constdata)
    cmd_table                                0x080078ac   Data         252  protocolconversion.o(.constdata)
    .constdata                               0x080079a8   Section     3296  oled.o(.constdata)
    .constdata                               0x08008688   Section       20  ps2.o(.constdata)
    .constdata                               0x0800869c   Section       32  rredf.o(.constdata)
    twooverpi                                0x0800869c   Data          32  rredf.o(.constdata)
    .constdata                               0x080086bc   Section       64  ctype_c.o(.constdata)
    .conststring                             0x080086fc   Section      637  app_ps2.o(.conststring)
    .conststring                             0x0800897c   Section      137  protocolconversion.o(.conststring)
    .data                                    0x20000000   Section     1029  main.o(.data)
    last_tick                                0x20000400   Data           4  main.o(.data)
    last_mode                                0x20000404   Data           1  main.o(.data)
    .data                                    0x20000408   Section       33  application.o(.data)
    systick_ms_bak_led                       0x2000040c   Data           4  application.o(.data)
    tick_bak                                 0x20000410   Data           4  application.o(.data)
    state                                    0x20000414   Data           1  application.o(.data)
    Joystick_tick_bak                        0x20000418   Data           4  application.o(.data)
    state1                                   0x2000041c   Data           1  application.o(.data)
    toggle                                   0x2000041d   Data           1  application.o(.data)
    systick_ms_bak_mode                      0x20000420   Data           4  application.o(.data)
    systick_ms_bak_mode                      0x20000424   Data           4  application.o(.data)
    last_mode                                0x20000428   Data           1  application.o(.data)
    .data                                    0x2000042c   Section       32  action.o(.data)
    systick_ms_bak                           0x20000448   Data           4  action.o(.data)
    .data                                    0x2000044c   Section       76  app_ps2.o(.data)
    systick_ms_bak                           0x2000048c   Data           4  app_ps2.o(.data)
    psx_button_bak                           0x20000490   Data           2  app_ps2.o(.data)
    bak                                      0x20000492   Data           2  app_ps2.o(.data)
    temp                                     0x20000494   Data           2  app_ps2.o(.data)
    temp2                                    0x20000496   Data           2  app_ps2.o(.data)
    .data                                    0x20000498   Section        1  protocol.o(.data)
    .data                                    0x2000049c   Section       40  function.o(.data)
    state                                    0x2000049e   Data           1  function.o(.data)
    last_tick                                0x200004a0   Data           4  function.o(.data)
    action_state                             0x200004a4   Data           1  function.o(.data)
    touch_tick_bak                           0x200004a8   Data           4  function.o(.data)
    key_state                                0x200004ac   Data           1  function.o(.data)
    joystick_tick_bak                        0x200004b0   Data           4  function.o(.data)
    kms_x                                    0x200004b4   Data           4  function.o(.data)
    kms_y                                    0x200004b8   Data           4  function.o(.data)
    last_clamp                               0x200004bc   Data           1  function.o(.data)
    last_tick                                0x200004c0   Data           4  function.o(.data)
    .data                                    0x200004c4   Section        4  pwmservo.o(.data)
    .data                                    0x200004c8   Section       10  uart.o(.data)
    buf_index                                0x200004d0   Data           2  uart.o(.data)
    .data                                    0x200004d2   Section        3  ps2.o(.data)
    ps2_hp_state                             0x200004d2   Data           1  ps2.o(.data)
    ps2_hp_loss                              0x200004d3   Data           1  ps2.o(.data)
    ps2_hp_stable                            0x200004d4   Data           1  ps2.o(.data)
    .data                                    0x200004d6   Section        5  spi_flash.o(.data)
    tmp                                      0x200004da   Data           1  spi_flash.o(.data)
    .data                                    0x200004dc   Section        4  systick.o(.data)
    systick_ms                               0x200004dc   Data           4  systick.o(.data)
    .data                                    0x200004e0   Section        3  timer.o(.data)
    duoji_index2                             0x200004e0   Data           1  timer.o(.data)
    flag                                     0x200004e1   Data           1  timer.o(.data)
    duoji_index1                             0x200004e2   Data           1  timer.o(.data)
    .data                                    0x200004e4   Section       20  system_stm32f10x.o(.data)
    .data                                    0x200004f8   Section       20  stm32f10x_rcc.o(.data)
    APBAHBPrescTable                         0x200004f8   Data          16  stm32f10x_rcc.o(.data)
    ADCPrescTable                            0x20000508   Data           4  stm32f10x_rcc.o(.data)
    .data                                    0x2000050c   Section        4  stdout.o(.data)
    .data                                    0x20000510   Section        4  errno.o(.data)
    _errno                                   0x20000510   Data           4  errno.o(.data)
    .bss                                     0x20000514   Section     1284  protocol.o(.bss)
    .bss                                     0x20000a18   Section      224  pwmservo.o(.bss)
    .bss                                     0x20000af8   Section     3072  uart.o(.bss)
    .bss                                     0x200016f8   Section        9  ps2.o(.bss)
    .bss                                     0x20001702   Section     4114  spi_flash.o(.bss)
    STACK                                    0x20002718   Section     1024  startup_stm32f10x_md.o(STACK)

    Global Symbols

    Symbol Name                              Value     Ov Type        Size  Object(Section)

    BuildAttributes$$THM_ISAv4$P$D$K$B$S$PE$A:L22UL41UL21$X:L11$S22US41US21$IEEE1$IW$USESV6$~STKCKD$USESV7$~SHL$OTIME$ROPI$IEEEX$EBA8$MICROLIB$REQ8$PRES8$EABIv2 0x00000000   Number         0  anon$$obj.o ABSOLUTE
    __ARM_use_no_argv                        0x00000000   Number         0  main.o ABSOLUTE
    _printf_a                                0x00000000   Number         0  stubs.o ABSOLUTE
    _printf_c                                0x00000000   Number         0  stubs.o ABSOLUTE
    _printf_charcount                        0x00000000   Number         0  stubs.o ABSOLUTE
    _printf_d                                0x00000000   Number         0  stubs.o ABSOLUTE
    _printf_e                                0x00000000   Number         0  stubs.o ABSOLUTE
    _printf_f                                0x00000000   Number         0  stubs.o ABSOLUTE
    _printf_flags                            0x00000000   Number         0  stubs.o ABSOLUTE
    _printf_fp_dec                           0x00000000   Number         0  stubs.o ABSOLUTE
    _printf_fp_hex                           0x00000000   Number         0  stubs.o ABSOLUTE
    _printf_g                                0x00000000   Number         0  stubs.o ABSOLUTE
    _printf_i                                0x00000000   Number         0  stubs.o ABSOLUTE
    _printf_int_dec                          0x00000000   Number         0  stubs.o ABSOLUTE
    _printf_l                                0x00000000   Number         0  stubs.o ABSOLUTE
    _printf_lc                               0x00000000   Number         0  stubs.o ABSOLUTE
    _printf_ll                               0x00000000   Number         0  stubs.o ABSOLUTE
    _printf_lld                              0x00000000   Number         0  stubs.o ABSOLUTE
    _printf_lli                              0x00000000   Number         0  stubs.o ABSOLUTE
    _printf_llo                              0x00000000   Number         0  stubs.o ABSOLUTE
    _printf_llu                              0x00000000   Number         0  stubs.o ABSOLUTE
    _printf_llx                              0x00000000   Number         0  stubs.o ABSOLUTE
    _printf_longlong_dec                     0x00000000   Number         0  stubs.o ABSOLUTE
    _printf_longlong_hex                     0x00000000   Number         0  stubs.o ABSOLUTE
    _printf_longlong_oct                     0x00000000   Number         0  stubs.o ABSOLUTE
    _printf_ls                               0x00000000   Number         0  stubs.o ABSOLUTE
    _printf_mbtowc                           0x00000000   Number         0  stubs.o ABSOLUTE
    _printf_n                                0x00000000   Number         0  stubs.o ABSOLUTE
    _printf_o                                0x00000000   Number         0  stubs.o ABSOLUTE
    _printf_p                                0x00000000   Number         0  stubs.o ABSOLUTE
    _printf_percent                          0x00000000   Number         0  stubs.o ABSOLUTE
    _printf_pre_padding                      0x00000000   Number         0  stubs.o ABSOLUTE
    _printf_return_value                     0x00000000   Number         0  stubs.o ABSOLUTE
    _printf_s                                0x00000000   Number         0  stubs.o ABSOLUTE
    _printf_sizespec                         0x00000000   Number         0  stubs.o ABSOLUTE
    _printf_str                              0x00000000   Number         0  stubs.o ABSOLUTE
    _printf_truncate_signed                  0x00000000   Number         0  stubs.o ABSOLUTE
    _printf_truncate_unsigned                0x00000000   Number         0  stubs.o ABSOLUTE
    _printf_u                                0x00000000   Number         0  stubs.o ABSOLUTE
    _printf_wc                               0x00000000   Number         0  stubs.o ABSOLUTE
    _printf_wctomb                           0x00000000   Number         0  stubs.o ABSOLUTE
    _printf_widthprec                        0x00000000   Number         0  stubs.o ABSOLUTE
    _printf_x                                0x00000000   Number         0  stubs.o ABSOLUTE
    __arm_fini_                               - Undefined Weak Reference
    __cpp_initialize__aeabi_                  - Undefined Weak Reference
    __cxa_finalize                            - Undefined Weak Reference
    _clock_init                               - Undefined Weak Reference
    _microlib_exit                            - Undefined Weak Reference
    _scanf_longlong                           - Undefined Weak Reference
    __Vectors_Size                           0x000000ec   Number         0  startup_stm32f10x_md.o ABSOLUTE
    __Vectors                                0x08000000   Data           4  startup_stm32f10x_md.o(RESET)
    __Vectors_End                            0x080000ec   Data           0  startup_stm32f10x_md.o(RESET)
    __main                                   0x080000ed   Thumb Code     0  entry.o(.ARM.Collect$$$$00000000)
    _main_stk                                0x080000ed   Thumb Code     0  entry2.o(.ARM.Collect$$$$00000001)
    _main_scatterload                        0x080000f1   Thumb Code     0  entry5.o(.ARM.Collect$$$$00000004)
    __main_after_scatterload                 0x080000f5   Thumb Code     0  entry5.o(.ARM.Collect$$$$00000004)
    _main_clock                              0x080000f5   Thumb Code     0  entry7b.o(.ARM.Collect$$$$00000008)
    _main_cpp_init                           0x080000f5   Thumb Code     0  entry8b.o(.ARM.Collect$$$$0000000A)
    _main_init                               0x080000f5   Thumb Code     0  entry9a.o(.ARM.Collect$$$$0000000B)
    __rt_lib_shutdown_fini                   0x080000fd   Thumb Code     0  entry12b.o(.ARM.Collect$$$$0000000E)
    __rt_final_cpp                           0x08000101   Thumb Code     0  entry10a.o(.ARM.Collect$$$$0000000F)
    __rt_final_exit                          0x08000101   Thumb Code     0  entry11a.o(.ARM.Collect$$$$00000011)
    Reset_Handler                            0x08000105   Thumb Code     8  startup_stm32f10x_md.o(.text)
    NMI_Handler                              0x0800010d   Thumb Code     2  startup_stm32f10x_md.o(.text)
    HardFault_Handler                        0x0800010f   Thumb Code     2  startup_stm32f10x_md.o(.text)
    MemManage_Handler                        0x08000111   Thumb Code     2  startup_stm32f10x_md.o(.text)
    BusFault_Handler                         0x08000113   Thumb Code     2  startup_stm32f10x_md.o(.text)
    UsageFault_Handler                       0x08000115   Thumb Code     2  startup_stm32f10x_md.o(.text)
    SVC_Handler                              0x08000117   Thumb Code     2  startup_stm32f10x_md.o(.text)
    DebugMon_Handler                         0x08000119   Thumb Code     2  startup_stm32f10x_md.o(.text)
    PendSV_Handler                           0x0800011b   Thumb Code     2  startup_stm32f10x_md.o(.text)
    ADC1_2_IRQHandler                        0x0800011f   Thumb Code     0  startup_stm32f10x_md.o(.text)
    CAN1_RX1_IRQHandler                      0x0800011f   Thumb Code     0  startup_stm32f10x_md.o(.text)
    CAN1_SCE_IRQHandler                      0x0800011f   Thumb Code     0  startup_stm32f10x_md.o(.text)
    DMA1_Channel1_IRQHandler                 0x0800011f   Thumb Code     0  startup_stm32f10x_md.o(.text)
    DMA1_Channel2_IRQHandler                 0x0800011f   Thumb Code     0  startup_stm32f10x_md.o(.text)
    DMA1_Channel3_IRQHandler                 0x0800011f   Thumb Code     0  startup_stm32f10x_md.o(.text)
    DMA1_Channel4_IRQHandler                 0x0800011f   Thumb Code     0  startup_stm32f10x_md.o(.text)
    DMA1_Channel5_IRQHandler                 0x0800011f   Thumb Code     0  startup_stm32f10x_md.o(.text)
    DMA1_Channel6_IRQHandler                 0x0800011f   Thumb Code     0  startup_stm32f10x_md.o(.text)
    DMA1_Channel7_IRQHandler                 0x0800011f   Thumb Code     0  startup_stm32f10x_md.o(.text)
    EXTI0_IRQHandler                         0x0800011f   Thumb Code     0  startup_stm32f10x_md.o(.text)
    EXTI15_10_IRQHandler                     0x0800011f   Thumb Code     0  startup_stm32f10x_md.o(.text)
    EXTI1_IRQHandler                         0x0800011f   Thumb Code     0  startup_stm32f10x_md.o(.text)
    EXTI2_IRQHandler                         0x0800011f   Thumb Code     0  startup_stm32f10x_md.o(.text)
    EXTI3_IRQHandler                         0x0800011f   Thumb Code     0  startup_stm32f10x_md.o(.text)
    EXTI4_IRQHandler                         0x0800011f   Thumb Code     0  startup_stm32f10x_md.o(.text)
    EXTI9_5_IRQHandler                       0x0800011f   Thumb Code     0  startup_stm32f10x_md.o(.text)
    FLASH_IRQHandler                         0x0800011f   Thumb Code     0  startup_stm32f10x_md.o(.text)
    I2C1_ER_IRQHandler                       0x0800011f   Thumb Code     0  startup_stm32f10x_md.o(.text)
    I2C1_EV_IRQHandler                       0x0800011f   Thumb Code     0  startup_stm32f10x_md.o(.text)
    I2C2_ER_IRQHandler                       0x0800011f   Thumb Code     0  startup_stm32f10x_md.o(.text)
    I2C2_EV_IRQHandler                       0x0800011f   Thumb Code     0  startup_stm32f10x_md.o(.text)
    PVD_IRQHandler                           0x0800011f   Thumb Code     0  startup_stm32f10x_md.o(.text)
    RCC_IRQHandler                           0x0800011f   Thumb Code     0  startup_stm32f10x_md.o(.text)
    RTCAlarm_IRQHandler                      0x0800011f   Thumb Code     0  startup_stm32f10x_md.o(.text)
    RTC_IRQHandler                           0x0800011f   Thumb Code     0  startup_stm32f10x_md.o(.text)
    SPI1_IRQHandler                          0x0800011f   Thumb Code     0  startup_stm32f10x_md.o(.text)
    SPI2_IRQHandler                          0x0800011f   Thumb Code     0  startup_stm32f10x_md.o(.text)
    TAMPER_IRQHandler                        0x0800011f   Thumb Code     0  startup_stm32f10x_md.o(.text)
    TIM1_BRK_IRQHandler                      0x0800011f   Thumb Code     0  startup_stm32f10x_md.o(.text)
    TIM1_CC_IRQHandler                       0x0800011f   Thumb Code     0  startup_stm32f10x_md.o(.text)
    TIM1_TRG_COM_IRQHandler                  0x0800011f   Thumb Code     0  startup_stm32f10x_md.o(.text)
    TIM1_UP_IRQHandler                       0x0800011f   Thumb Code     0  startup_stm32f10x_md.o(.text)
    TIM3_IRQHandler                          0x0800011f   Thumb Code     0  startup_stm32f10x_md.o(.text)
    TIM4_IRQHandler                          0x0800011f   Thumb Code     0  startup_stm32f10x_md.o(.text)
    USBWakeUp_IRQHandler                     0x0800011f   Thumb Code     0  startup_stm32f10x_md.o(.text)
    USB_HP_CAN1_TX_IRQHandler                0x0800011f   Thumb Code     0  startup_stm32f10x_md.o(.text)
    USB_LP_CAN1_RX0_IRQHandler               0x0800011f   Thumb Code     0  startup_stm32f10x_md.o(.text)
    WWDG_IRQHandler                          0x0800011f   Thumb Code     0  startup_stm32f10x_md.o(.text)
    toupper                                  0x08000129   Thumb Code    12  toupper.o(.text)
    __aeabi_memcpy                           0x08000135   Thumb Code    36  memcpya.o(.text)
    __aeabi_memcpy4                          0x08000135   Thumb Code     0  memcpya.o(.text)
    __aeabi_memcpy8                          0x08000135   Thumb Code     0  memcpya.o(.text)
    __aeabi_memset                           0x08000159   Thumb Code    14  memseta.o(.text)
    __aeabi_memset4                          0x08000159   Thumb Code     0  memseta.o(.text)
    __aeabi_memset8                          0x08000159   Thumb Code     0  memseta.o(.text)
    __aeabi_memclr                           0x08000167   Thumb Code     4  memseta.o(.text)
    __aeabi_memclr4                          0x08000167   Thumb Code     0  memseta.o(.text)
    __aeabi_memclr8                          0x08000167   Thumb Code     0  memseta.o(.text)
    _memset$wrapper                          0x0800016b   Thumb Code    18  memseta.o(.text)
    strchr                                   0x0800017d   Thumb Code    20  strchr.o(.text)
    strlen                                   0x08000191   Thumb Code    14  strlen.o(.text)
    strcmp                                   0x0800019f   Thumb Code    28  strcmp.o(.text)
    strcpy                                   0x080001bb   Thumb Code    18  strcpy.o(.text)
    strncmp                                  0x080001cd   Thumb Code    30  strncmp.o(.text)
    __0sscanf                                0x080001ed   Thumb Code    48  __0sscanf.o(.text)
    _scanf_int                               0x08000225   Thumb Code   332  _scanf_int.o(.text)
    _scanf_string                            0x08000371   Thumb Code   224  _scanf_str.o(.text)
    _scanf_real                              0x08000579   Thumb Code     0  scanf_fp.o(.text)
    _scanf_really_real                       0x08000579   Thumb Code   556  scanf_fp.o(.text)
    __aeabi_fadd                             0x080007b1   Thumb Code   164  fadd.o(.text)
    __aeabi_fsub                             0x08000855   Thumb Code     6  fadd.o(.text)
    __aeabi_frsub                            0x0800085b   Thumb Code     6  fadd.o(.text)
    __aeabi_fmul                             0x08000861   Thumb Code   100  fmul.o(.text)
    __aeabi_fdiv                             0x080008c5   Thumb Code   124  fdiv.o(.text)
    __aeabi_dadd                             0x08000941   Thumb Code   322  dadd.o(.text)
    __aeabi_dsub                             0x08000a83   Thumb Code     6  dadd.o(.text)
    __aeabi_drsub                            0x08000a89   Thumb Code     6  dadd.o(.text)
    __aeabi_dmul                             0x08000a8f   Thumb Code   228  dmul.o(.text)
    __aeabi_ddiv                             0x08000b73   Thumb Code   222  ddiv.o(.text)
    __aeabi_i2f                              0x08000c51   Thumb Code    18  fflti.o(.text)
    __aeabi_ui2f                             0x08000c63   Thumb Code    10  ffltui.o(.text)
    __aeabi_f2iz                             0x08000c6d   Thumb Code    50  ffixi.o(.text)
    __aeabi_f2uiz                            0x08000c9f   Thumb Code    40  ffixui.o(.text)
    __aeabi_f2d                              0x08000cc7   Thumb Code    38  f2d.o(.text)
    __aeabi_d2f                              0x08000ced   Thumb Code    56  d2f.o(.text)
    __aeabi_cfcmpeq                          0x08000d25   Thumb Code     0  cfcmple.o(.text)
    __aeabi_cfcmple                          0x08000d25   Thumb Code    20  cfcmple.o(.text)
    __aeabi_cfrcmple                         0x08000d39   Thumb Code    20  cfrcmple.o(.text)
    __aeabi_uidiv                            0x08000d4d   Thumb Code     0  uidiv.o(.text)
    __aeabi_uidivmod                         0x08000d4d   Thumb Code    44  uidiv.o(.text)
    __aeabi_llsl                             0x08000d79   Thumb Code    30  llshl.o(.text)
    _ll_shift_l                              0x08000d79   Thumb Code     0  llshl.o(.text)
    __aeabi_lasr                             0x08000d97   Thumb Code    36  llsshr.o(.text)
    _ll_sshift_r                             0x08000d97   Thumb Code     0  llsshr.o(.text)
    _chval                                   0x08000dbb   Thumb Code    28  _chval.o(.text)
    __vfscanf_char                           0x08000de5   Thumb Code    20  scanf_char.o(.text)
    _sgetc                                   0x08000e01   Thumb Code    30  _sgetc.o(.text)
    _sbackspace                              0x08000e1f   Thumb Code    34  _sgetc.o(.text)
    __I$use$fp                               0x08000e41   Thumb Code     0  iusefp.o(.text)
    _float_round                             0x08000e41   Thumb Code    18  fepilogue.o(.text)
    _float_epilogue                          0x08000e53   Thumb Code    92  fepilogue.o(.text)
    _fsqrt                                   0x08000eaf   Thumb Code    94  fsqrt.o(.text)
    _frnd                                    0x08000f0d   Thumb Code    60  frnd.o(.text)
    _double_round                            0x08000f49   Thumb Code    30  depilogue.o(.text)
    _double_epilogue                         0x08000f67   Thumb Code   156  depilogue.o(.text)
    __aeabi_ul2d                             0x08001003   Thumb Code    24  dfltul.o(.text)
    __ARM_dcmp4                              0x0800101b   Thumb Code    96  dcmp4.o(.text)
    _dcmp4                                   0x0800101b   Thumb Code     0  dcmp4.o(.text)
    __scatterload                            0x0800107d   Thumb Code    28  init.o(.text)
    __scatterload_rt2                        0x0800107d   Thumb Code     0  init.o(.text)
    __aeabi_llsr                             0x080010a1   Thumb Code    32  llushr.o(.text)
    _ll_ushift_r                             0x080010a1   Thumb Code     0  llushr.o(.text)
    isspace                                  0x080010c1   Thumb Code    10  isspace_c.o(.text)
    __vfscanf                                0x080010cd   Thumb Code   810  _scanf.o(.text)
    __ARM_scalbnf                            0x080013fd   Thumb Code    24  fscalb.o(.text)
    scalbnf                                  0x080013fd   Thumb Code     0  fscalb.o(.text)
    __ctype_lookup                           0x08001415   Thumb Code    34  ctype_c.o(.text)
    __decompress                             0x0800143d   Thumb Code     0  __dczerorl2.o(.text)
    __decompress1                            0x0800143d   Thumb Code    86  __dczerorl2.o(.text)
    ADC_Cmd                                  0x08001493   Thumb Code    22  stm32f10x_adc.o(i.ADC_Cmd)
    ADC_GetCalibrationStatus                 0x080014a9   Thumb Code    20  stm32f10x_adc.o(i.ADC_GetCalibrationStatus)
    ADC_GetConversionValue                   0x080014bd   Thumb Code     8  stm32f10x_adc.o(i.ADC_GetConversionValue)
    ADC_GetFlagStatus                        0x080014c5   Thumb Code    18  stm32f10x_adc.o(i.ADC_GetFlagStatus)
    ADC_GetResetCalibrationStatus            0x080014d7   Thumb Code    20  stm32f10x_adc.o(i.ADC_GetResetCalibrationStatus)
    ADC_Init                                 0x080014ed   Thumb Code    70  stm32f10x_adc.o(i.ADC_Init)
    ADC_Joystick_Init                        0x0800153d   Thumb Code   142  joystick.o(i.ADC_Joystick_Init)
    ADC_RegularChannelConfig                 0x080015d5   Thumb Code   184  stm32f10x_adc.o(i.ADC_RegularChannelConfig)
    ADC_ResetCalibration                     0x0800168d   Thumb Code    10  stm32f10x_adc.o(i.ADC_ResetCalibration)
    ADC_SoftwareStartConvCmd                 0x08001697   Thumb Code    22  stm32f10x_adc.o(i.ADC_SoftwareStartConvCmd)
    ADC_StartCalibration                     0x080016ad   Thumb Code    10  stm32f10x_adc.o(i.ADC_StartCalibration)
    AppPs2Run                                0x080016b9   Thumb Code    92  app_ps2.o(i.AppPs2Run)
    Buzzer_Init                              0x08001721   Thumb Code    46  beep.o(i.Buzzer_Init)
    Buzzer_times                             0x08001755   Thumb Code    46  beep.o(i.Buzzer_times)
    ColorTask                                0x08001789   Thumb Code   126  function.o(i.ColorTask)
    DMA_Cmd                                  0x08001819   Thumb Code    24  stm32f10x_dma.o(i.DMA_Cmd)
    DMA_DeInit                               0x08001831   Thumb Code   324  stm32f10x_dma.o(i.DMA_DeInit)
    DMA_GetCurrDataCounter                   0x0800197d   Thumb Code     8  stm32f10x_dma.o(i.DMA_GetCurrDataCounter)
    DMA_Init                                 0x08001985   Thumb Code    60  stm32f10x_dma.o(i.DMA_Init)
    DMA_SetCurrDataCounter                   0x080019c1   Thumb Code     4  stm32f10x_dma.o(i.DMA_SetCurrDataCounter)
    Delay_ms                                 0x080019c5   Thumb Code    32  systick.o(i.Delay_ms)
    Delay_us                                 0x080019e5   Thumb Code    40  systick.o(i.Delay_us)
    DoGroup_Once                             0x08001a0d   Thumb Code    44  action.o(i.DoGroup_Once)
    GPIO_Init                                0x08001a41   Thumb Code   278  stm32f10x_gpio.o(i.GPIO_Init)
    GPIO_PinRemapConfig                      0x08001b59   Thumb Code   138  stm32f10x_gpio.o(i.GPIO_PinRemapConfig)
    GPIO_ReadInputDataBit                    0x08001be9   Thumb Code    18  stm32f10x_gpio.o(i.GPIO_ReadInputDataBit)
    GPIO_ReadOutputDataBit                   0x08001bfb   Thumb Code    18  stm32f10x_gpio.o(i.GPIO_ReadOutputDataBit)
    GPIO_ResetBits                           0x08001c0d   Thumb Code     4  stm32f10x_gpio.o(i.GPIO_ResetBits)
    GPIO_SetBits                             0x08001c11   Thumb Code     4  stm32f10x_gpio.o(i.GPIO_SetBits)
    GPIO_WriteBit                            0x08001c15   Thumb Code    10  stm32f10x_gpio.o(i.GPIO_WriteBit)
    GY33T_Read                               0x08001c1f   Thumb Code    28  gy33t.o(i.GY33T_Read)
    GY33T_Write_Byte                         0x08001c3b   Thumb Code    20  gy33t.o(i.GY33T_Write_Byte)
    GetMaxTime                               0x08001c4f   Thumb Code    92  action.o(i.GetMaxTime)
    Get_Adc_Joystick_Value                   0x08001cad   Thumb Code    72  joystick.o(i.Get_Adc_Joystick_Value)
    Get_Joystick_Percentage_value            0x08001cf9   Thumb Code    66  joystick.o(i.Get_Joystick_Percentage_value)
    JoystickStatus                           0x08001d45   Thumb Code    62  joystick.o(i.JoystickStatus)
    JoystickTask                             0x08001d85   Thumb Code   368  function.o(i.JoystickTask)
    Joystick_Key_Init                        0x08001f45   Thumb Code    34  joystick.o(i.Joystick_Key_Init)
    Joystick_LED_Init                        0x08001f6d   Thumb Code    50  joystick.o(i.Joystick_LED_Init)
    Key_Init                                 0x08001fa5   Thumb Code    32  key.o(i.Key_Init)
    LED_Init                                 0x08001fc9   Thumb Code    50  led.o(i.LED_Init)
    Led_Blink                                0x08002001   Thumb Code    60  application.o(i.Led_Blink)
    LoopMode                                 0x08002045   Thumb Code    98  application.o(i.LoopMode)
    LoopVisionMode                           0x080020b5   Thumb Code   240  application.o(i.LoopVisionMode)
    Loop_Action                              0x08002259   Thumb Code   192  action.o(i.Loop_Action)
    Loop_Uart                                0x08002345   Thumb Code    76  application.o(i.Loop_Uart)
    Millis                                   0x0800239d   Thumb Code     6  systick.o(i.Millis)
    NVIC_Init                                0x080023a9   Thumb Code   100  misc.o(i.NVIC_Init)
    OLED_Clear                               0x08002419   Thumb Code    64  oled.o(i.OLED_Clear)
    OLED_Init                                0x08002459   Thumb Code   226  oled.o(i.OLED_Init)
    OLED_Print                               0x0800253d   Thumb Code   214  oled.o(i.OLED_Print)
    OLED_SetPos                              0x08002619   Thumb Code    42  oled.o(i.OLED_SetPos)
    OLED_ShowChar                            0x08002645   Thumb Code   152  oled.o(i.OLED_ShowChar)
    OLED_WRByte                              0x080026e5   Thumb Code    34  oled.o(i.OLED_WRByte)
    Parameter_Init                           0x08002709   Thumb Code   164  application.o(i.Parameter_Init)
    ParsePsx_Buf                             0x080027dd   Thumb Code   496  app_ps2.o(i.ParsePsx_Buf)
    Parse_Action                             0x080029fd   Thumb Code   750  protocol.o(i.Parse_Action)
    Parse_Cmd                                0x08002d29   Thumb Code   892  protocol.o(i.Parse_Cmd)
    Parse_Group_Cmd                          0x08003289   Thumb Code    88  protocol.o(i.Parse_Group_Cmd)
    PidInit                                  0x08003311   Thumb Code    52  servopid.o(i.PidInit)
    Ps2HotplugTask                           0x0800334d   Thumb Code   238  ps2.o(i.Ps2HotplugTask)
    Ps2Probe                                 0x0800344d   Thumb Code    52  ps2.o(i.Ps2Probe)
    Ps2ReConfig                              0x08003485   Thumb Code    68  ps2.o(i.Ps2ReConfig)
    Ps2_Init                                 0x08003539   Thumb Code   236  ps2.o(i.Ps2_Init)
    Ps2_WriteRead                            0x08003631   Thumb Code    66  ps2.o(i.Ps2_WriteRead)
    PwmServoInit                             0x0800367d   Thumb Code   192  pwmservo.o(i.PwmServoInit)
    PwmServoStop                             0x0800374d   Thumb Code    88  pwmservo.o(i.PwmServoStop)
    PwmServo_DoingSet                        0x080037a9   Thumb Code   242  pwmservo.o(i.PwmServo_DoingSet)
    PwmServo_IncOffset                       0x080038a9   Thumb Code   176  pwmservo.o(i.PwmServo_IncOffset)
    PwmServo_PinSet                          0x0800395d   Thumb Code   116  pwmservo.o(i.PwmServo_PinSet)
    PwmServo_SetAngle                        0x080039d5   Thumb Code   122  pwmservo.o(i.PwmServo_SetAngle)
    RCC_ADCCLKConfig                         0x08003a5d   Thumb Code    18  stm32f10x_rcc.o(i.RCC_ADCCLKConfig)
    RCC_AHBPeriphClockCmd                    0x08003a75   Thumb Code    26  stm32f10x_rcc.o(i.RCC_AHBPeriphClockCmd)
    RCC_APB1PeriphClockCmd                   0x08003a95   Thumb Code    26  stm32f10x_rcc.o(i.RCC_APB1PeriphClockCmd)
    RCC_APB1PeriphResetCmd                   0x08003ab5   Thumb Code    26  stm32f10x_rcc.o(i.RCC_APB1PeriphResetCmd)
    RCC_APB2PeriphClockCmd                   0x08003ad5   Thumb Code    26  stm32f10x_rcc.o(i.RCC_APB2PeriphClockCmd)
    RCC_APB2PeriphResetCmd                   0x08003af5   Thumb Code    26  stm32f10x_rcc.o(i.RCC_APB2PeriphResetCmd)
    RCC_DeInit                               0x08003b15   Thumb Code    64  stm32f10x_rcc.o(i.RCC_DeInit)
    RCC_GetClocksFreq                        0x08003b61   Thumb Code   192  stm32f10x_rcc.o(i.RCC_GetClocksFreq)
    RCC_GetFlagStatus                        0x08003c35   Thumb Code    56  stm32f10x_rcc.o(i.RCC_GetFlagStatus)
    RCC_GetSYSCLKSource                      0x08003c71   Thumb Code    10  stm32f10x_rcc.o(i.RCC_GetSYSCLKSource)
    RCC_HCLKConfig                           0x08003c81   Thumb Code    18  stm32f10x_rcc.o(i.RCC_HCLKConfig)
    RCC_HSEConfig                            0x08003c99   Thumb Code    70  stm32f10x_rcc.o(i.RCC_HSEConfig)
    RCC_PCLK1Config                          0x08003ce5   Thumb Code    18  stm32f10x_rcc.o(i.RCC_PCLK1Config)
    RCC_PCLK2Config                          0x08003cfd   Thumb Code    20  stm32f10x_rcc.o(i.RCC_PCLK2Config)
    RCC_PLLCmd                               0x08003d15   Thumb Code     6  stm32f10x_rcc.o(i.RCC_PLLCmd)
    RCC_PLLConfig                            0x08003d21   Thumb Code    24  stm32f10x_rcc.o(i.RCC_PLLConfig)
    RCC_SYSCLKConfig                         0x08003d3d   Thumb Code    18  stm32f10x_rcc.o(i.RCC_SYSCLKConfig)
    RCC_WaitForHSEStartUp                    0x08003d55   Thumb Code    56  stm32f10x_rcc.o(i.RCC_WaitForHSEStartUp)
    Rcc_Init                                 0x08003d8d   Thumb Code    94  rcc.o(i.Rcc_Init)
    Read                                     0x08003ded   Thumb Code   102  soft_i2c.o(i.Read)
    Replace_Char                             0x08003e59   Thumb Code    20  global.o(i.Replace_Char)
    Rewrite_Eeprom                           0x08003e6d   Thumb Code    22  protocol.o(i.Rewrite_Eeprom)
    SPI_Cmd                                  0x08003e8d   Thumb Code    24  stm32f10x_spi.o(i.SPI_Cmd)
    SPI_I2S_GetFlagStatus                    0x08003ea5   Thumb Code    18  stm32f10x_spi.o(i.SPI_I2S_GetFlagStatus)
    SPI_I2S_ReceiveData                      0x08003eb7   Thumb Code     6  stm32f10x_spi.o(i.SPI_I2S_ReceiveData)
    SPI_I2S_SendData                         0x08003ebd   Thumb Code     4  stm32f10x_spi.o(i.SPI_I2S_SendData)
    SPI_Init                                 0x08003ec1   Thumb Code    60  stm32f10x_spi.o(i.SPI_Init)
    SWJGpio_Init                             0x08003efd   Thumb Code    20  sys.o(i.SWJGpio_Init)
    Save_Action                              0x08003f15   Thumb Code   244  protocol.o(i.Save_Action)
    Send                                     0x0800403d   Thumb Code   114  soft_i2c.o(i.Send)
    Send_Ack                                 0x080040b5   Thumb Code   128  soft_i2c.o(i.Send_Ack)
    ServoState_Init                          0x08004139   Thumb Code    80  application.o(i.ServoState_Init)
    SetPrintfUart                            0x08004191   Thumb Code     6  uart.o(i.SetPrintfUart)
    SoftI2C_init                             0x08004285   Thumb Code    96  soft_i2c.o(i.SoftI2C_init)
    SoftI2C_read                             0x080042e9   Thumb Code   118  soft_i2c.o(i.SoftI2C_read)
    SoftI2C_write                            0x0800435f   Thumb Code    88  soft_i2c.o(i.SoftI2C_write)
    Soft_Reset                               0x080043b9   Thumb Code    38  sys.o(i.Soft_Reset)
    SoundTouchTask                           0x080043e9   Thumb Code   196  function.o(i.SoundTouchTask)
    Sound_Touch_Key_Init                     0x080044d5   Thumb Code    64  key.o(i.Sound_Touch_Key_Init)
    SpiFlash_Erase_Sector                    0x08004519   Thumb Code    70  spi_flash.o(i.SpiFlash_Erase_Sector)
    SpiFlash_Init                            0x08004565   Thumb Code   164  spi_flash.o(i.SpiFlash_Init)
    SpiFlash_Read                            0x08004619   Thumb Code    84  spi_flash.o(i.SpiFlash_Read)
    SpiFlash_Read_SR                         0x08004671   Thumb Code    44  spi_flash.o(i.SpiFlash_Read_SR)
    SpiFlash_Wait_Busy                       0x080046a1   Thumb Code    18  spi_flash.o(i.SpiFlash_Wait_Busy)
    SpiFlash_Write_Enable                    0x080046b5   Thumb Code    32  spi_flash.o(i.SpiFlash_Write_Enable)
    SpiFlash_Write_No_Check                  0x080046d9   Thumb Code    70  spi_flash.o(i.SpiFlash_Write_No_Check)
    SpiFlash_Write_Page                      0x08004721   Thumb Code   102  spi_flash.o(i.SpiFlash_Write_Page)
    SpiFlash_Write_S                         0x0800478d   Thumb Code   176  spi_flash.o(i.SpiFlash_Write_S)
    Spi_SetSpeed                             0x08004841   Thumb Code    26  spi_flash.o(i.Spi_SetSpeed)
    Spi_WriteRead                            0x08004865   Thumb Code    78  spi_flash.o(i.Spi_WriteRead)
    Start                                    0x080048b9   Thumb Code   106  soft_i2c.o(i.Start)
    Stop                                     0x08004929   Thumb Code    88  soft_i2c.o(i.Stop)
    Str_Contain_Str                          0x08004985   Thumb Code    74  global.o(i.Str_Contain_Str)
    SysTickInit                              0x080049d1   Thumb Code    84  systick.o(i.SysTickInit)
    SysTick_Handler                          0x08004a31   Thumb Code    12  systick.o(i.SysTick_Handler)
    SystemInit                               0x08004a41   Thumb Code    78  system_stm32f10x.o(i.SystemInit)
    TIM1_Init                                0x08004aa1   Thumb Code    98  timer.o(i.TIM1_Init)
    TIM2_IRQHandler                          0x08004b09   Thumb Code   148  timer.o(i.TIM2_IRQHandler)
    TIM2_Init                                0x08004ba9   Thumb Code   102  timer.o(i.TIM2_Init)
    TIM_ARRPreloadConfig                     0x08004c0f   Thumb Code    24  stm32f10x_tim.o(i.TIM_ARRPreloadConfig)
    TIM_ClearITPendingBit                    0x08004c27   Thumb Code     6  stm32f10x_tim.o(i.TIM_ClearITPendingBit)
    TIM_Cmd                                  0x08004c2d   Thumb Code    24  stm32f10x_tim.o(i.TIM_Cmd)
    TIM_GetCounter                           0x08004c45   Thumb Code     6  stm32f10x_tim.o(i.TIM_GetCounter)
    TIM_GetITStatus                          0x08004c4b   Thumb Code    34  stm32f10x_tim.o(i.TIM_GetITStatus)
    TIM_ITConfig                             0x08004c6d   Thumb Code    18  stm32f10x_tim.o(i.TIM_ITConfig)
    TIM_SetCounter                           0x08004c7f   Thumb Code     4  stm32f10x_tim.o(i.TIM_SetCounter)
    TIM_TimeBaseInit                         0x08004c85   Thumb Code   122  stm32f10x_tim.o(i.TIM_TimeBaseInit)
    USART1_IRQHandler                        0x08004d29   Thumb Code   102  uart.o(i.USART1_IRQHandler)
    USART2_IRQHandler                        0x08004d9d   Thumb Code    44  uart.o(i.USART2_IRQHandler)
    USART3_IRQHandler                        0x08004dcd   Thumb Code   114  uart.o(i.USART3_IRQHandler)
    USART_ClearITPendingBit                  0x08004e51   Thumb Code    30  stm32f10x_usart.o(i.USART_ClearITPendingBit)
    USART_Cmd                                0x08004e6f   Thumb Code    24  stm32f10x_usart.o(i.USART_Cmd)
    USART_DMACmd                             0x08004e87   Thumb Code    18  stm32f10x_usart.o(i.USART_DMACmd)
    USART_DeInit                             0x08004e99   Thumb Code   134  stm32f10x_usart.o(i.USART_DeInit)
    USART_GetFlagStatus                      0x08004f35   Thumb Code    26  stm32f10x_usart.o(i.USART_GetFlagStatus)
    USART_GetITStatus                        0x08004f4f   Thumb Code    84  stm32f10x_usart.o(i.USART_GetITStatus)
    USART_HalfDuplexCmd                      0x08004fa3   Thumb Code    24  stm32f10x_usart.o(i.USART_HalfDuplexCmd)
    USART_ITConfig                           0x08004fbb   Thumb Code    74  stm32f10x_usart.o(i.USART_ITConfig)
    USART_Init                               0x08005005   Thumb Code   210  stm32f10x_usart.o(i.USART_Init)
    USART_ReceiveData                        0x080050dd   Thumb Code    10  stm32f10x_usart.o(i.USART_ReceiveData)
    USART_SendData                           0x080050e7   Thumb Code     8  stm32f10x_usart.o(i.USART_SendData)
    USTimer_Init                             0x080050f1   Thumb Code    44  ultrasonic.o(i.USTimer_Init)
    US_DisRead                               0x08005121   Thumb Code   196  ultrasonic.o(i.US_DisRead)
    US_Init                                  0x080051fd   Thumb Code    62  ultrasonic.o(i.US_Init)
    Uart1_Init                               0x08005241   Thumb Code   248  uart.o(i.Uart1_Init)
    Uart2_Init                               0x08005349   Thumb Code   158  uart.o(i.Uart2_Init)
    Uart3_Init                               0x080053f1   Thumb Code   248  uart.o(i.Uart3_Init)
    UartAll_Printf                           0x080054f9   Thumb Code    48  uart.o(i.UartAll_Printf)
    Uart_DataParse                           0x0800552d   Thumb Code   178  uart.o(i.Uart_DataParse)
    Uart_Init                                0x080055f1   Thumb Code    28  application.o(i.Uart_Init)
    UsTask                                   0x0800560d   Thumb Code   210  function.o(i.UsTask)
    Voice_Cmd                                0x08005751   Thumb Code   366  protocol.o(i.Voice_Cmd)
    Wait_Ack                                 0x080059c5   Thumb Code   148  soft_i2c.o(i.Wait_Ack)
    __0printf$6                              0x08005a5d   Thumb Code    22  printf6.o(i.__0printf$6)
    __1printf$6                              0x08005a5d   Thumb Code     0  printf6.o(i.__0printf$6)
    __2printf                                0x08005a5d   Thumb Code     0  printf6.o(i.__0printf$6)
    __0sprintf$6                             0x08005a7d   Thumb Code    34  printf6.o(i.__0sprintf$6)
    __1sprintf$6                             0x08005a7d   Thumb Code     0  printf6.o(i.__0sprintf$6)
    __2sprintf                               0x08005a7d   Thumb Code     0  printf6.o(i.__0sprintf$6)
    __ARM_fpclassifyf                        0x08005aa5   Thumb Code    38  fpclassifyf.o(i.__ARM_fpclassifyf)
    __mathlib_flt_infnan                     0x08005acb   Thumb Code     6  funder.o(i.__mathlib_flt_infnan)
    __mathlib_flt_infnan2                    0x08005ad1   Thumb Code     4  funder.o(i.__mathlib_flt_infnan2)
    __mathlib_flt_invalid                    0x08005ad5   Thumb Code     8  funder.o(i.__mathlib_flt_invalid)
    __mathlib_flt_underflow                  0x08005add   Thumb Code    10  funder.o(i.__mathlib_flt_underflow)
    __mathlib_rredf2                         0x08005ae9   Thumb Code   344  rredf.o(i.__mathlib_rredf2)
    __scatterload_copy                       0x08005c51   Thumb Code    14  handlers.o(i.__scatterload_copy)
    __scatterload_null                       0x08005c5f   Thumb Code     2  handlers.o(i.__scatterload_null)
    __scatterload_zeroinit                   0x08005c61   Thumb Code    14  handlers.o(i.__scatterload_zeroinit)
    __set_errno                              0x08005c71   Thumb Code     6  errno.o(i.__set_errno)
    _is_digit                                0x08005df1   Thumb Code    14  scanf_fp.o(i._is_digit)
    abs_float                                0x08006155   Thumb Code    24  global.o(i.abs_float)
    angle_to_PWM                             0x0800616d   Thumb Code   184  protocol.o(i.angle_to_PWM)
    atan2f                                   0x08006239   Thumb Code   598  atan2f.o(i.atan2f)
    busServo_asciiToBin                      0x080064dd   Thumb Code   278  protocolconversion.o(i.busServo_asciiToBin)
    cosf                                     0x08006605   Thumb Code   328  cosf.o(i.cosf)
    fmax                                     0x08006781   Thumb Code    66  fmax.o(i.fmax)
    fmin                                     0x080067c3   Thumb Code    66  fmin.o(i.fmin)
    fputc                                    0x08006805   Thumb Code   102  uart.o(i.fputc)
    inverseKinematics                        0x0800687d   Thumb Code  1638  kinematics.o(i.inverseKinematics)
    loop_Joystick_key                        0x08006f71   Thumb Code   214  application.o(i.loop_Joystick_key)
    loop_app                                 0x0800707d   Thumb Code    40  application.o(i.loop_app)
    loop_key                                 0x080070a5   Thumb Code   158  application.o(i.loop_key)
    loop_oled                                0x08007165   Thumb Code   282  main.o(i.loop_oled)
    main                                     0x08007345   Thumb Code    16  main.o(i.main)
    setup_app                                0x0800740d   Thumb Code   148  application.o(i.setup_app)
    setup_run_action                         0x080074b9   Thumb Code    40  application.o(i.setup_run_action)
    sinf                                     0x080074e9   Thumb Code   338  sinf.o(i.sinf)
    sqrtf                                    0x08007671   Thumb Code    44  sqrtf.o(i.sqrtf)
    uart1_send_str                           0x080076a5   Thumb Code    38  uart.o(i.uart1_send_str)
    uart2_send_bytes                         0x080076d1   Thumb Code    64  uart.o(i.uart2_send_bytes)
    uart2_send_str                           0x08007715   Thumb Code    62  uart.o(i.uart2_send_str)
    user_parse_ascii_command                 0x08007759   Thumb Code    48  protocolconversion.o(i.user_parse_ascii_command)
    dh_params                                0x080077b8   Data          96  kinematics.o(.constdata)
    joint_limits                             0x08007818   Data          48  kinematics.o(.constdata)
    F6x8                                     0x080079a8   Data         552  oled.o(.constdata)
    F8X16                                    0x08007bd0   Data        1520  oled.o(.constdata)
    CN16_Msk                                 0x080081c0   Data        1224  oled.o(.constdata)
    cfg                                      0x08008688   Data          20  ps2.o(.constdata)
    __ctype_categories                       0x080086bc   Data          64  ctype_c.o(.constdata)
    Region$$Table$$Base                      0x08008a08   Number         0  anon$$obj.o(Region$$Table)
    Region$$Table$$Limit                     0x08008a28   Number         0  anon$$obj.o(Region$$Table)
    BMP                                      0x20000000   Data        1024  main.o(.data)
    SetMode                                  0x20000408   Data           1  application.o(.data)
    UsMode                                   0x20000409   Data           1  application.o(.data)
    group_do_ok                              0x2000042c   Data           1  action.o(.data)
    do_start_index                           0x20000430   Data           4  action.o(.data)
    do_time                                  0x20000434   Data           4  action.o(.data)
    group_num_start                          0x20000438   Data           4  action.o(.data)
    group_num_end                            0x2000043c   Data           4  action.o(.data)
    group_num_times                          0x20000440   Data           4  action.o(.data)
    action_time                              0x20000444   Data           4  action.o(.data)
    pre_cmd_set_grn                          0x2000044c   Data          64  app_ps2.o(.data)
    AI_mode                                  0x20000498   Data           1  protocol.o(.data)
    Us_ok                                    0x2000049c   Data           1  function.o(.data)
    clampMode                                0x2000049d   Data           1  function.o(.data)
    fix_raio                                 0x200004c4   Data           4  pwmservo.o(.data)
    SW_Uart                                  0x200004c8   Data           1  uart.o(.data)
    Uart_ReceiveCount                        0x200004ca   Data           2  uart.o(.data)
    Uart_GetOK                               0x200004cc   Data           2  uart.o(.data)
    Uart_Mode                                0x200004ce   Data           1  uart.o(.data)
    GPIO_InitStructure                       0x200004d6   Data           4  spi_flash.o(.data)
    SystemCoreClock                          0x200004e4   Data           4  system_stm32f10x.o(.data)
    AHBPrescTable                            0x200004e8   Data          16  system_stm32f10x.o(.data)
    __stdout                                 0x2000050c   Data           4  stdout.o(.data)
    pwm_value                                0x20000514   Data          28  protocol.o(.bss)
    cmd_return                               0x20000530   Data        1024  protocol.o(.bss)
    eeprom_info                              0x20000930   Data         208  protocol.o(.bss)
    solutions                                0x20000a00   Data          24  protocol.o(.bss)
    duoji_doing                              0x20000a18   Data         128  pwmservo.o(.bss)
    pid_doing                                0x20000a98   Data          96  pwmservo.o(.bss)
    Uart_ReceiveBuf                          0x20000af8   Data        1024  uart.o(.bss)
    Uart1_DMA_RX_BUF                         0x20000ef8   Data        1024  uart.o(.bss)
    Uart3_DMA_RX_BUF                         0x200012f8   Data        1024  uart.o(.bss)
    psx_buf                                  0x200016f8   Data           9  ps2.o(.bss)
    SPI_InitStructure                        0x20001702   Data          18  spi_flash.o(.bss)
    W25Q_BUF                                 0x20001714   Data        4096  spi_flash.o(.bss)
    __initial_sp                             0x20002b18   Data           0  startup_stm32f10x_md.o(STACK)



==============================================================================

Memory Map of the image

  Image Entry point : 0x080000ed

  Load Region LR_IROM1 (Base: 0x08000000, Size: 0x00008f3c, Max: 0x00010000, ABSOLUTE, COMPRESSED[0x00008b74])

    Execution Region ER_IROM1 (Exec base: 0x08000000, Load base: 0x08000000, Size: 0x00008a28, Max: 0x00010000, ABSOLUTE)

    Exec Addr    Load Addr    Size         Type   Attr      Idx    E Section Name        Object

    0x08000000   0x08000000   0x000000ec   Data   RO         1459    RESET               startup_stm32f10x_md.o
    0x080000ec   0x080000ec   0x00000000   Code   RO         4501  * .ARM.Collect$$$$00000000  mc_w.l(entry.o)
    0x080000ec   0x080000ec   0x00000004   Code   RO         4842    .ARM.Collect$$$$00000001  mc_w.l(entry2.o)
    0x080000f0   0x080000f0   0x00000004   Code   RO         4845    .ARM.Collect$$$$00000004  mc_w.l(entry5.o)
    0x080000f4   0x080000f4   0x00000000   Code   RO         4847    .ARM.Collect$$$$00000008  mc_w.l(entry7b.o)
    0x080000f4   0x080000f4   0x00000000   Code   RO         4849    .ARM.Collect$$$$0000000A  mc_w.l(entry8b.o)
    0x080000f4   0x080000f4   0x00000008   Code   RO         4850    .ARM.Collect$$$$0000000B  mc_w.l(entry9a.o)
    0x080000fc   0x080000fc   0x00000004   Code   RO         4857    .ARM.Collect$$$$0000000E  mc_w.l(entry12b.o)
    0x08000100   0x08000100   0x00000000   Code   RO         4852    .ARM.Collect$$$$0000000F  mc_w.l(entry10a.o)
    0x08000100   0x08000100   0x00000000   Code   RO         4854    .ARM.Collect$$$$00000011  mc_w.l(entry11a.o)
    0x08000100   0x08000100   0x00000004   Code   RO         4843    .ARM.Collect$$$$00002712  mc_w.l(entry2.o)
    0x08000104   0x08000104   0x00000024   Code   RO         1460    .text               startup_stm32f10x_md.o
    0x08000128   0x08000128   0x0000000c   Code   RO         4504    .text               mc_w.l(toupper.o)
    0x08000134   0x08000134   0x00000024   Code   RO         4506    .text               mc_w.l(memcpya.o)
    0x08000158   0x08000158   0x00000024   Code   RO         4508    .text               mc_w.l(memseta.o)
    0x0800017c   0x0800017c   0x00000014   Code   RO         4510    .text               mc_w.l(strchr.o)
    0x08000190   0x08000190   0x0000000e   Code   RO         4512    .text               mc_w.l(strlen.o)
    0x0800019e   0x0800019e   0x0000001c   Code   RO         4514    .text               mc_w.l(strcmp.o)
    0x080001ba   0x080001ba   0x00000012   Code   RO         4516    .text               mc_w.l(strcpy.o)
    0x080001cc   0x080001cc   0x0000001e   Code   RO         4518    .text               mc_w.l(strncmp.o)
    0x080001ea   0x080001ea   0x00000002   PAD
    0x080001ec   0x080001ec   0x00000038   Code   RO         4783    .text               mc_w.l(__0sscanf.o)
    0x08000224   0x08000224   0x0000014c   Code   RO         4785    .text               mc_w.l(_scanf_int.o)
    0x08000370   0x08000370   0x000000e0   Code   RO         4787    .text               mc_w.l(_scanf_str.o)
    0x08000450   0x08000450   0x00000360   Code   RO         4789    .text               mc_w.l(scanf_fp.o)
    0x080007b0   0x080007b0   0x000000b0   Code   RO         4793    .text               mf_w.l(fadd.o)
    0x08000860   0x08000860   0x00000064   Code   RO         4795    .text               mf_w.l(fmul.o)
    0x080008c4   0x080008c4   0x0000007c   Code   RO         4797    .text               mf_w.l(fdiv.o)
    0x08000940   0x08000940   0x0000014e   Code   RO         4799    .text               mf_w.l(dadd.o)
    0x08000a8e   0x08000a8e   0x000000e4   Code   RO         4801    .text               mf_w.l(dmul.o)
    0x08000b72   0x08000b72   0x000000de   Code   RO         4803    .text               mf_w.l(ddiv.o)
    0x08000c50   0x08000c50   0x00000012   Code   RO         4805    .text               mf_w.l(fflti.o)
    0x08000c62   0x08000c62   0x0000000a   Code   RO         4807    .text               mf_w.l(ffltui.o)
    0x08000c6c   0x08000c6c   0x00000032   Code   RO         4811    .text               mf_w.l(ffixi.o)
    0x08000c9e   0x08000c9e   0x00000028   Code   RO         4813    .text               mf_w.l(ffixui.o)
    0x08000cc6   0x08000cc6   0x00000026   Code   RO         4815    .text               mf_w.l(f2d.o)
    0x08000cec   0x08000cec   0x00000038   Code   RO         4817    .text               mf_w.l(d2f.o)
    0x08000d24   0x08000d24   0x00000014   Code   RO         4819    .text               mf_w.l(cfcmple.o)
    0x08000d38   0x08000d38   0x00000014   Code   RO         4821    .text               mf_w.l(cfrcmple.o)
    0x08000d4c   0x08000d4c   0x0000002c   Code   RO         4859    .text               mc_w.l(uidiv.o)
    0x08000d78   0x08000d78   0x0000001e   Code   RO         4863    .text               mc_w.l(llshl.o)
    0x08000d96   0x08000d96   0x00000024   Code   RO         4865    .text               mc_w.l(llsshr.o)
    0x08000dba   0x08000dba   0x0000001c   Code   RO         4874    .text               mc_w.l(_chval.o)
    0x08000dd6   0x08000dd6   0x00000002   PAD
    0x08000dd8   0x08000dd8   0x00000028   Code   RO         4876    .text               mc_w.l(scanf_char.o)
    0x08000e00   0x08000e00   0x00000040   Code   RO         4878    .text               mc_w.l(_sgetc.o)
    0x08000e40   0x08000e40   0x00000000   Code   RO         4880    .text               mc_w.l(iusefp.o)
    0x08000e40   0x08000e40   0x0000006e   Code   RO         4881    .text               mf_w.l(fepilogue.o)
    0x08000eae   0x08000eae   0x0000005e   Code   RO         4883    .text               mf_w.l(fsqrt.o)
    0x08000f0c   0x08000f0c   0x0000003c   Code   RO         4885    .text               mf_w.l(frnd.o)
    0x08000f48   0x08000f48   0x000000ba   Code   RO         4887    .text               mf_w.l(depilogue.o)
    0x08001002   0x08001002   0x00000018   Code   RO         4889    .text               mf_w.l(dfltul.o)
    0x0800101a   0x0800101a   0x00000060   Code   RO         4895    .text               mf_w.l(dcmp4.o)
    0x0800107a   0x0800107a   0x00000002   PAD
    0x0800107c   0x0800107c   0x00000024   Code   RO         4897    .text               mc_w.l(init.o)
    0x080010a0   0x080010a0   0x00000020   Code   RO         4899    .text               mc_w.l(llushr.o)
    0x080010c0   0x080010c0   0x0000000a   Code   RO         4901    .text               mc_w.l(isspace_c.o)
    0x080010ca   0x080010ca   0x00000002   PAD
    0x080010cc   0x080010cc   0x00000330   Code   RO         4903    .text               mc_w.l(_scanf.o)
    0x080013fc   0x080013fc   0x00000018   Code   RO         4905    .text               mf_w.l(fscalb.o)
    0x08001414   0x08001414   0x00000028   Code   RO         4907    .text               mc_w.l(ctype_c.o)
    0x0800143c   0x0800143c   0x00000056   Code   RO         4918    .text               mc_w.l(__dczerorl2.o)
    0x08001492   0x08001492   0x00000016   Code   RO         1540    i.ADC_Cmd           stm32f10x_adc.o
    0x080014a8   0x080014a8   0x00000014   Code   RO         1548    i.ADC_GetCalibrationStatus  stm32f10x_adc.o
    0x080014bc   0x080014bc   0x00000008   Code   RO         1549    i.ADC_GetConversionValue  stm32f10x_adc.o
    0x080014c4   0x080014c4   0x00000012   Code   RO         1551    i.ADC_GetFlagStatus  stm32f10x_adc.o
    0x080014d6   0x080014d6   0x00000014   Code   RO         1554    i.ADC_GetResetCalibrationStatus  stm32f10x_adc.o
    0x080014ea   0x080014ea   0x00000002   PAD
    0x080014ec   0x080014ec   0x00000050   Code   RO         1558    i.ADC_Init          stm32f10x_adc.o
    0x0800153c   0x0800153c   0x00000098   Code   RO          823    i.ADC_Joystick_Init  joystick.o
    0x080015d4   0x080015d4   0x000000b8   Code   RO         1562    i.ADC_RegularChannelConfig  stm32f10x_adc.o
    0x0800168c   0x0800168c   0x0000000a   Code   RO         1563    i.ADC_ResetCalibration  stm32f10x_adc.o
    0x08001696   0x08001696   0x00000016   Code   RO         1565    i.ADC_SoftwareStartConvCmd  stm32f10x_adc.o
    0x080016ac   0x080016ac   0x0000000a   Code   RO         1567    i.ADC_StartCalibration  stm32f10x_adc.o
    0x080016b6   0x080016b6   0x00000002   PAD
    0x080016b8   0x080016b8   0x00000068   Code   RO          433    i.AppPs2Run         app_ps2.o
    0x08001720   0x08001720   0x00000034   Code   RO         1011    i.Buzzer_Init       beep.o
    0x08001754   0x08001754   0x00000034   Code   RO         1012    i.Buzzer_times      beep.o
    0x08001788   0x08001788   0x00000090   Code   RO          581    i.ColorTask         function.o
    0x08001818   0x08001818   0x00000018   Code   RO         2225    i.DMA_Cmd           stm32f10x_dma.o
    0x08001830   0x08001830   0x0000014c   Code   RO         2226    i.DMA_DeInit        stm32f10x_dma.o
    0x0800197c   0x0800197c   0x00000008   Code   RO         2227    i.DMA_GetCurrDataCounter  stm32f10x_dma.o
    0x08001984   0x08001984   0x0000003c   Code   RO         2231    i.DMA_Init          stm32f10x_dma.o
    0x080019c0   0x080019c0   0x00000004   Code   RO         2232    i.DMA_SetCurrDataCounter  stm32f10x_dma.o
    0x080019c4   0x080019c4   0x00000020   Code   RO         1367    i.Delay_ms          systick.o
    0x080019e4   0x080019e4   0x00000028   Code   RO         1369    i.Delay_us          systick.o
    0x08001a0c   0x08001a0c   0x00000034   Code   RO          387    i.DoGroup_Once      action.o
    0x08001a40   0x08001a40   0x00000116   Code   RO         2649    i.GPIO_Init         stm32f10x_gpio.o
    0x08001b56   0x08001b56   0x00000002   PAD
    0x08001b58   0x08001b58   0x00000090   Code   RO         2651    i.GPIO_PinRemapConfig  stm32f10x_gpio.o
    0x08001be8   0x08001be8   0x00000012   Code   RO         2653    i.GPIO_ReadInputDataBit  stm32f10x_gpio.o
    0x08001bfa   0x08001bfa   0x00000012   Code   RO         2655    i.GPIO_ReadOutputDataBit  stm32f10x_gpio.o
    0x08001c0c   0x08001c0c   0x00000004   Code   RO         2656    i.GPIO_ResetBits    stm32f10x_gpio.o
    0x08001c10   0x08001c10   0x00000004   Code   RO         2657    i.GPIO_SetBits      stm32f10x_gpio.o
    0x08001c14   0x08001c14   0x0000000a   Code   RO         2660    i.GPIO_WriteBit     stm32f10x_gpio.o
    0x08001c1e   0x08001c1e   0x0000001c   Code   RO          805    i.GY33T_Read        gy33t.o
    0x08001c3a   0x08001c3a   0x00000014   Code   RO          806    i.GY33T_Write_Byte  gy33t.o
    0x08001c4e   0x08001c4e   0x0000005c   Code   RO          388    i.GetMaxTime        action.o
    0x08001caa   0x08001caa   0x00000002   PAD
    0x08001cac   0x08001cac   0x0000004c   Code   RO          824    i.Get_Adc_Joystick_Value  joystick.o
    0x08001cf8   0x08001cf8   0x0000004c   Code   RO          825    i.Get_Joystick_Percentage_value  joystick.o
    0x08001d44   0x08001d44   0x0000003e   Code   RO          826    i.JoystickStatus    joystick.o
    0x08001d82   0x08001d82   0x00000002   PAD
    0x08001d84   0x08001d84   0x000001c0   Code   RO          582    i.JoystickTask      function.o
    0x08001f44   0x08001f44   0x00000028   Code   RO          827    i.Joystick_Key_Init  joystick.o
    0x08001f6c   0x08001f6c   0x00000038   Code   RO          828    i.Joystick_LED_Init  joystick.o
    0x08001fa4   0x08001fa4   0x00000024   Code   RO         1029    i.Key_Init          key.o
    0x08001fc8   0x08001fc8   0x00000038   Code   RO         1060    i.LED_Init          led.o
    0x08002000   0x08002000   0x00000044   Code   RO          287    i.Led_Blink         application.o
    0x08002044   0x08002044   0x00000070   Code   RO          288    i.LoopMode          application.o
    0x080020b4   0x080020b4   0x000001a4   Code   RO          289    i.LoopVisionMode    application.o
    0x08002258   0x08002258   0x000000ec   Code   RO          389    i.Loop_Action       action.o
    0x08002344   0x08002344   0x00000058   Code   RO          290    i.Loop_Uart         application.o
    0x0800239c   0x0800239c   0x0000000c   Code   RO         1370    i.Millis            systick.o
    0x080023a8   0x080023a8   0x00000070   Code   RO         1498    i.NVIC_Init         misc.o
    0x08002418   0x08002418   0x00000040   Code   RO          691    i.OLED_Clear        oled.o
    0x08002458   0x08002458   0x000000e2   Code   RO          696    i.OLED_Init         oled.o
    0x0800253a   0x0800253a   0x00000002   PAD
    0x0800253c   0x0800253c   0x000000dc   Code   RO          698    i.OLED_Print        oled.o
    0x08002618   0x08002618   0x0000002a   Code   RO          699    i.OLED_SetPos       oled.o
    0x08002642   0x08002642   0x00000002   PAD
    0x08002644   0x08002644   0x000000a0   Code   RO          700    i.OLED_ShowChar     oled.o
    0x080026e4   0x080026e4   0x00000022   Code   RO          703    i.OLED_WRByte       oled.o
    0x08002706   0x08002706   0x00000002   PAD
    0x08002708   0x08002708   0x000000d4   Code   RO          291    i.Parameter_Init    application.o
    0x080027dc   0x080027dc   0x00000220   Code   RO          434    i.ParsePsx_Buf      app_ps2.o
    0x080029fc   0x080029fc   0x0000032c   Code   RO          468    i.Parse_Action      protocol.o
    0x08002d28   0x08002d28   0x00000560   Code   RO          469    i.Parse_Cmd         protocol.o
    0x08003288   0x08003288   0x00000088   Code   RO          470    i.Parse_Group_Cmd   protocol.o
    0x08003310   0x08003310   0x0000003c   Code   RO          532    i.PidInit           servopid.o
    0x0800334c   0x0800334c   0x00000100   Code   RO         1072    i.Ps2HotplugTask    ps2.o
    0x0800344c   0x0800344c   0x00000038   Code   RO         1073    i.Ps2Probe          ps2.o
    0x08003484   0x08003484   0x0000004c   Code   RO         1074    i.Ps2ReConfig       ps2.o
    0x080034d0   0x080034d0   0x00000068   Code   RO         1075    i.Ps2TransferByte   ps2.o
    0x08003538   0x08003538   0x000000f8   Code   RO         1076    i.Ps2_Init          ps2.o
    0x08003630   0x08003630   0x0000004c   Code   RO         1077    i.Ps2_WriteRead     ps2.o
    0x0800367c   0x0800367c   0x000000d0   Code   RO          865    i.PwmServoInit      pwmservo.o
    0x0800374c   0x0800374c   0x0000005c   Code   RO          866    i.PwmServoStop      pwmservo.o
    0x080037a8   0x080037a8   0x00000100   Code   RO          868    i.PwmServo_DoingSet  pwmservo.o
    0x080038a8   0x080038a8   0x000000b4   Code   RO          869    i.PwmServo_IncOffset  pwmservo.o
    0x0800395c   0x0800395c   0x00000078   Code   RO          870    i.PwmServo_PinSet   pwmservo.o
    0x080039d4   0x080039d4   0x00000088   Code   RO          871    i.PwmServo_SetAngle  pwmservo.o
    0x08003a5c   0x08003a5c   0x00000018   Code   RO         3063    i.RCC_ADCCLKConfig  stm32f10x_rcc.o
    0x08003a74   0x08003a74   0x00000020   Code   RO         3064    i.RCC_AHBPeriphClockCmd  stm32f10x_rcc.o
    0x08003a94   0x08003a94   0x00000020   Code   RO         3065    i.RCC_APB1PeriphClockCmd  stm32f10x_rcc.o
    0x08003ab4   0x08003ab4   0x00000020   Code   RO         3066    i.RCC_APB1PeriphResetCmd  stm32f10x_rcc.o
    0x08003ad4   0x08003ad4   0x00000020   Code   RO         3067    i.RCC_APB2PeriphClockCmd  stm32f10x_rcc.o
    0x08003af4   0x08003af4   0x00000020   Code   RO         3068    i.RCC_APB2PeriphResetCmd  stm32f10x_rcc.o
    0x08003b14   0x08003b14   0x0000004c   Code   RO         3074    i.RCC_DeInit        stm32f10x_rcc.o
    0x08003b60   0x08003b60   0x000000d4   Code   RO         3075    i.RCC_GetClocksFreq  stm32f10x_rcc.o
    0x08003c34   0x08003c34   0x0000003c   Code   RO         3076    i.RCC_GetFlagStatus  stm32f10x_rcc.o
    0x08003c70   0x08003c70   0x00000010   Code   RO         3078    i.RCC_GetSYSCLKSource  stm32f10x_rcc.o
    0x08003c80   0x08003c80   0x00000018   Code   RO         3079    i.RCC_HCLKConfig    stm32f10x_rcc.o
    0x08003c98   0x08003c98   0x0000004c   Code   RO         3080    i.RCC_HSEConfig     stm32f10x_rcc.o
    0x08003ce4   0x08003ce4   0x00000018   Code   RO         3086    i.RCC_PCLK1Config   stm32f10x_rcc.o
    0x08003cfc   0x08003cfc   0x00000018   Code   RO         3087    i.RCC_PCLK2Config   stm32f10x_rcc.o
    0x08003d14   0x08003d14   0x0000000c   Code   RO         3088    i.RCC_PLLCmd        stm32f10x_rcc.o
    0x08003d20   0x08003d20   0x0000001c   Code   RO         3089    i.RCC_PLLConfig     stm32f10x_rcc.o
    0x08003d3c   0x08003d3c   0x00000018   Code   RO         3092    i.RCC_SYSCLKConfig  stm32f10x_rcc.o
    0x08003d54   0x08003d54   0x00000038   Code   RO         3094    i.RCC_WaitForHSEStartUp  stm32f10x_rcc.o
    0x08003d8c   0x08003d8c   0x0000005e   Code   RO         1327    i.Rcc_Init          rcc.o
    0x08003dea   0x08003dea   0x00000002   PAD
    0x08003dec   0x08003dec   0x0000006c   Code   RO         1261    i.Read              soft_i2c.o
    0x08003e58   0x08003e58   0x00000014   Code   RO          217    i.Replace_Char      global.o
    0x08003e6c   0x08003e6c   0x00000020   Code   RO          471    i.Rewrite_Eeprom    protocol.o
    0x08003e8c   0x08003e8c   0x00000018   Code   RO         3544    i.SPI_Cmd           stm32f10x_spi.o
    0x08003ea4   0x08003ea4   0x00000012   Code   RO         3552    i.SPI_I2S_GetFlagStatus  stm32f10x_spi.o
    0x08003eb6   0x08003eb6   0x00000006   Code   RO         3555    i.SPI_I2S_ReceiveData  stm32f10x_spi.o
    0x08003ebc   0x08003ebc   0x00000004   Code   RO         3556    i.SPI_I2S_SendData  stm32f10x_spi.o
    0x08003ec0   0x08003ec0   0x0000003c   Code   RO         3557    i.SPI_Init          stm32f10x_spi.o
    0x08003efc   0x08003efc   0x00000018   Code   RO         1340    i.SWJGpio_Init      sys.o
    0x08003f14   0x08003f14   0x00000128   Code   RO          472    i.Save_Action       protocol.o
    0x0800403c   0x0800403c   0x00000078   Code   RO         1262    i.Send              soft_i2c.o
    0x080040b4   0x080040b4   0x00000084   Code   RO         1263    i.Send_Ack          soft_i2c.o
    0x08004138   0x08004138   0x00000058   Code   RO          292    i.ServoState_Init   application.o
    0x08004190   0x08004190   0x0000000c   Code   RO          920    i.SetPrintfUart     uart.o
    0x0800419c   0x0800419c   0x00000008   Code   RO         1464    i.SetSysClock       system_stm32f10x.o
    0x080041a4   0x080041a4   0x000000e0   Code   RO         1465    i.SetSysClockTo72   system_stm32f10x.o
    0x08004284   0x08004284   0x00000064   Code   RO         1264    i.SoftI2C_init      soft_i2c.o
    0x080042e8   0x080042e8   0x00000076   Code   RO         1265    i.SoftI2C_read      soft_i2c.o
    0x0800435e   0x0800435e   0x00000058   Code   RO         1266    i.SoftI2C_write     soft_i2c.o
    0x080043b6   0x080043b6   0x00000002   PAD
    0x080043b8   0x080043b8   0x00000030   Code   RO         1341    i.Soft_Reset        sys.o
    0x080043e8   0x080043e8   0x000000ec   Code   RO          583    i.SoundTouchTask    function.o
    0x080044d4   0x080044d4   0x00000044   Code   RO         1031    i.Sound_Touch_Key_Init  key.o
    0x08004518   0x08004518   0x0000004c   Code   RO         1126    i.SpiFlash_Erase_Sector  spi_flash.o
    0x08004564   0x08004564   0x000000b4   Code   RO         1127    i.SpiFlash_Init     spi_flash.o
    0x08004618   0x08004618   0x00000058   Code   RO         1129    i.SpiFlash_Read     spi_flash.o
    0x08004670   0x08004670   0x00000030   Code   RO         1132    i.SpiFlash_Read_SR  spi_flash.o
    0x080046a0   0x080046a0   0x00000012   Code   RO         1133    i.SpiFlash_Wait_Busy  spi_flash.o
    0x080046b2   0x080046b2   0x00000002   PAD
    0x080046b4   0x080046b4   0x00000024   Code   RO         1136    i.SpiFlash_Write_Enable  spi_flash.o
    0x080046d8   0x080046d8   0x00000046   Code   RO         1137    i.SpiFlash_Write_No_Check  spi_flash.o
    0x0800471e   0x0800471e   0x00000002   PAD
    0x08004720   0x08004720   0x0000006c   Code   RO         1138    i.SpiFlash_Write_Page  spi_flash.o
    0x0800478c   0x0800478c   0x000000b4   Code   RO         1139    i.SpiFlash_Write_S  spi_flash.o
    0x08004840   0x08004840   0x00000024   Code   RO         1144    i.Spi_SetSpeed      spi_flash.o
    0x08004864   0x08004864   0x00000054   Code   RO         1145    i.Spi_WriteRead     spi_flash.o
    0x080048b8   0x080048b8   0x00000070   Code   RO         1268    i.Start             soft_i2c.o
    0x08004928   0x08004928   0x0000005c   Code   RO         1269    i.Stop              soft_i2c.o
    0x08004984   0x08004984   0x0000004a   Code   RO          219    i.Str_Contain_Str   global.o
    0x080049ce   0x080049ce   0x00000002   PAD
    0x080049d0   0x080049d0   0x00000060   Code   RO         1371    i.SysTickInit       systick.o
    0x08004a30   0x08004a30   0x00000010   Code   RO         1372    i.SysTick_Handler   systick.o
    0x08004a40   0x08004a40   0x00000060   Code   RO         1467    i.SystemInit        system_stm32f10x.o
    0x08004aa0   0x08004aa0   0x00000068   Code   RO         1416    i.TIM1_Init         timer.o
    0x08004b08   0x08004b08   0x000000a0   Code   RO         1417    i.TIM2_IRQHandler   timer.o
    0x08004ba8   0x08004ba8   0x00000066   Code   RO         1418    i.TIM2_Init         timer.o
    0x08004c0e   0x08004c0e   0x00000018   Code   RO         3687    i.TIM_ARRPreloadConfig  stm32f10x_tim.o
    0x08004c26   0x08004c26   0x00000006   Code   RO         3694    i.TIM_ClearITPendingBit  stm32f10x_tim.o
    0x08004c2c   0x08004c2c   0x00000018   Code   RO         3699    i.TIM_Cmd           stm32f10x_tim.o
    0x08004c44   0x08004c44   0x00000006   Code   RO         3718    i.TIM_GetCounter    stm32f10x_tim.o
    0x08004c4a   0x08004c4a   0x00000022   Code   RO         3720    i.TIM_GetITStatus   stm32f10x_tim.o
    0x08004c6c   0x08004c6c   0x00000012   Code   RO         3724    i.TIM_ITConfig      stm32f10x_tim.o
    0x08004c7e   0x08004c7e   0x00000004   Code   RO         3764    i.TIM_SetCounter    stm32f10x_tim.o
    0x08004c82   0x08004c82   0x00000002   PAD
    0x08004c84   0x08004c84   0x000000a4   Code   RO         3770    i.TIM_TimeBaseInit  stm32f10x_tim.o
    0x08004d28   0x08004d28   0x00000074   Code   RO          921    i.USART1_IRQHandler  uart.o
    0x08004d9c   0x08004d9c   0x00000030   Code   RO          922    i.USART2_IRQHandler  uart.o
    0x08004dcc   0x08004dcc   0x00000084   Code   RO          923    i.USART3_IRQHandler  uart.o
    0x08004e50   0x08004e50   0x0000001e   Code   RO         4232    i.USART_ClearITPendingBit  stm32f10x_usart.o
    0x08004e6e   0x08004e6e   0x00000018   Code   RO         4235    i.USART_Cmd         stm32f10x_usart.o
    0x08004e86   0x08004e86   0x00000012   Code   RO         4236    i.USART_DMACmd      stm32f10x_usart.o
    0x08004e98   0x08004e98   0x0000009c   Code   RO         4237    i.USART_DeInit      stm32f10x_usart.o
    0x08004f34   0x08004f34   0x0000001a   Code   RO         4238    i.USART_GetFlagStatus  stm32f10x_usart.o
    0x08004f4e   0x08004f4e   0x00000054   Code   RO         4239    i.USART_GetITStatus  stm32f10x_usart.o
    0x08004fa2   0x08004fa2   0x00000018   Code   RO         4240    i.USART_HalfDuplexCmd  stm32f10x_usart.o
    0x08004fba   0x08004fba   0x0000004a   Code   RO         4241    i.USART_ITConfig    stm32f10x_usart.o
    0x08005004   0x08005004   0x000000d8   Code   RO         4242    i.USART_Init        stm32f10x_usart.o
    0x080050dc   0x080050dc   0x0000000a   Code   RO         4249    i.USART_ReceiveData  stm32f10x_usart.o
    0x080050e6   0x080050e6   0x00000008   Code   RO         4252    i.USART_SendData    stm32f10x_usart.o
    0x080050ee   0x080050ee   0x00000002   PAD
    0x080050f0   0x080050f0   0x00000030   Code   RO          781    i.USTimer_Init      ultrasonic.o
    0x08005120   0x08005120   0x000000dc   Code   RO          782    i.US_DisRead        ultrasonic.o
    0x080051fc   0x080051fc   0x00000044   Code   RO          783    i.US_Init           ultrasonic.o
    0x08005240   0x08005240   0x00000108   Code   RO          924    i.Uart1_Init        uart.o
    0x08005348   0x08005348   0x000000a8   Code   RO          925    i.Uart2_Init        uart.o
    0x080053f0   0x080053f0   0x00000108   Code   RO          926    i.Uart3_Init        uart.o
    0x080054f8   0x080054f8   0x00000034   Code   RO          927    i.UartAll_Printf    uart.o
    0x0800552c   0x0800552c   0x000000c4   Code   RO          928    i.Uart_DataParse    uart.o
    0x080055f0   0x080055f0   0x0000001c   Code   RO          293    i.Uart_Init         application.o
    0x0800560c   0x0800560c   0x00000144   Code   RO          584    i.UsTask            function.o
    0x08005750   0x08005750   0x00000274   Code   RO          473    i.Voice_Cmd         protocol.o
    0x080059c4   0x080059c4   0x00000098   Code   RO         1270    i.Wait_Ack          soft_i2c.o
    0x08005a5c   0x08005a5c   0x00000020   Code   RO         4677    i.__0printf$6       mc_w.l(printf6.o)
    0x08005a7c   0x08005a7c   0x00000028   Code   RO         4679    i.__0sprintf$6      mc_w.l(printf6.o)
    0x08005aa4   0x08005aa4   0x00000026   Code   RO         4823    i.__ARM_fpclassifyf  m_ws.l(fpclassifyf.o)
    0x08005aca   0x08005aca   0x00000006   Code   RO         4826    i.__mathlib_flt_infnan  m_ws.l(funder.o)
    0x08005ad0   0x08005ad0   0x00000004   Code   RO         4827    i.__mathlib_flt_infnan2  m_ws.l(funder.o)
    0x08005ad4   0x08005ad4   0x00000008   Code   RO         4828    i.__mathlib_flt_invalid  m_ws.l(funder.o)
    0x08005adc   0x08005adc   0x0000000a   Code   RO         4831    i.__mathlib_flt_underflow  m_ws.l(funder.o)
    0x08005ae6   0x08005ae6   0x00000002   PAD
    0x08005ae8   0x08005ae8   0x00000168   Code   RO         4839    i.__mathlib_rredf2  m_ws.l(rredf.o)
    0x08005c50   0x08005c50   0x0000000e   Code   RO         4912    i.__scatterload_copy  mc_w.l(handlers.o)
    0x08005c5e   0x08005c5e   0x00000002   Code   RO         4913    i.__scatterload_null  mc_w.l(handlers.o)
    0x08005c60   0x08005c60   0x0000000e   Code   RO         4914    i.__scatterload_zeroinit  mc_w.l(handlers.o)
    0x08005c6e   0x08005c6e   0x00000002   PAD
    0x08005c70   0x08005c70   0x0000000c   Code   RO         4869    i.__set_errno       mc_w.l(errno.o)
    0x08005c7c   0x08005c7c   0x0000005a   Code   RO          618    i._build_frame      protocolconversion.o
    0x08005cd6   0x08005cd6   0x00000002   PAD
    0x08005cd8   0x08005cd8   0x000000fc   Code   RO          619    i._build_multi_sync  protocolconversion.o
    0x08005dd4   0x08005dd4   0x0000001c   Code   RO          620    i._chk              protocolconversion.o
    0x08005df0   0x08005df0   0x0000000e   Code   RO         4791    i._is_digit         mc_w.l(scanf_fp.o)
    0x08005dfe   0x08005dfe   0x00000002   PAD
    0x08005e00   0x08005e00   0x000002f0   Code   RO         4684    i._printf_core      mc_w.l(printf6.o)
    0x080060f0   0x080060f0   0x00000024   Code   RO         4685    i._printf_post_padding  mc_w.l(printf6.o)
    0x08006114   0x08006114   0x0000002e   Code   RO         4686    i._printf_pre_padding  mc_w.l(printf6.o)
    0x08006142   0x08006142   0x0000000a   Code   RO         4688    i._sputc            mc_w.l(printf6.o)
    0x0800614c   0x0800614c   0x00000008   Code   RO          621    i._u16be            protocolconversion.o
    0x08006154   0x08006154   0x00000018   Code   RO          220    i.abs_float         global.o
    0x0800616c   0x0800616c   0x000000cc   Code   RO          474    i.angle_to_PWM      protocol.o
    0x08006238   0x08006238   0x000002a4   Code   RO         4466    i.atan2f            m_ws.l(atan2f.o)
    0x080064dc   0x080064dc   0x00000128   Code   RO          622    i.busServo_asciiToBin  protocolconversion.o
    0x08006604   0x08006604   0x0000017c   Code   RO         4474    i.cosf              m_ws.l(cosf.o)
    0x08006780   0x08006780   0x00000042   Code   RO         4481    i.fmax              m_ws.l(fmax.o)
    0x080067c2   0x080067c2   0x00000042   Code   RO         4499    i.fmin              m_ws.l(fmin.o)
    0x08006804   0x08006804   0x00000078   Code   RO          929    i.fputc             uart.o
    0x0800687c   0x0800687c   0x0000067c   Code   RO          559    i.inverseKinematics  kinematics.o
    0x08006ef8   0x08006ef8   0x00000078   Code   RO          623    i.lookup_cmd        protocolconversion.o
    0x08006f70   0x08006f70   0x0000010c   Code   RO          294    i.loop_Joystick_key  application.o
    0x0800707c   0x0800707c   0x00000028   Code   RO          295    i.loop_app          application.o
    0x080070a4   0x080070a4   0x000000c0   Code   RO          296    i.loop_key          application.o
    0x08007164   0x08007164   0x000001e0   Code   RO            1    i.loop_oled         main.o
    0x08007344   0x08007344   0x00000010   Code   RO            2    i.main              main.o
    0x08007354   0x08007354   0x00000006   Code   RO          624    i.pack_none         protocolconversion.o
    0x0800735a   0x0800735a   0x00000002   PAD
    0x0800735c   0x0800735c   0x00000054   Code   RO          625    i.pack_pid_write    protocolconversion.o
    0x080073b0   0x080073b0   0x0000005c   Code   RO          626    i.pack_position     protocolconversion.o
    0x0800740c   0x0800740c   0x000000ac   Code   RO          297    i.setup_app         application.o
    0x080074b8   0x080074b8   0x00000030   Code   RO          298    i.setup_run_action  application.o
    0x080074e8   0x080074e8   0x00000188   Code   RO         4484    i.sinf              m_ws.l(sinf.o)
    0x08007670   0x08007670   0x0000002c   Code   RO         4492    i.sqrtf             m_ws.l(sqrtf.o)
    0x0800769c   0x0800769c   0x00000008   Code   RO          627    i.tx_id             protocolconversion.o
    0x080076a4   0x080076a4   0x0000002c   Code   RO          930    i.uart1_send_str    uart.o
    0x080076d0   0x080076d0   0x00000044   Code   RO          931    i.uart2_send_bytes  uart.o
    0x08007714   0x08007714   0x00000044   Code   RO          932    i.uart2_send_str    uart.o
    0x08007758   0x08007758   0x00000048   Code   RO          628    i.user_parse_ascii_command  protocolconversion.o
    0x080077a0   0x080077a0   0x00000018   Data   RO          476    .constdata          protocol.o
    0x080077b8   0x080077b8   0x00000090   Data   RO          560    .constdata          kinematics.o
    0x08007848   0x08007848   0x00000063   Data   RO          585    .constdata          function.o
    0x080078ab   0x080078ab   0x00000001   PAD
    0x080078ac   0x080078ac   0x000000fc   Data   RO          629    .constdata          protocolconversion.o
    0x080079a8   0x080079a8   0x00000ce0   Data   RO          704    .constdata          oled.o
    0x08008688   0x08008688   0x00000014   Data   RO         1079    .constdata          ps2.o
    0x0800869c   0x0800869c   0x00000020   Data   RO         4840    .constdata          m_ws.l(rredf.o)
    0x080086bc   0x080086bc   0x00000040   Data   RO         4908    .constdata          mc_w.l(ctype_c.o)
    0x080086fc   0x080086fc   0x0000027d   Data   RO          435    .conststring        app_ps2.o
    0x08008979   0x08008979   0x00000003   PAD
    0x0800897c   0x0800897c   0x00000089   Data   RO          630    .conststring        protocolconversion.o
    0x08008a05   0x08008a05   0x00000003   PAD
    0x08008a08   0x08008a08   0x00000020   Data   RO         4910    Region$$Table       anon$$obj.o


    Execution Region RW_IRAM1 (Exec base: 0x20000000, Load base: 0x08008a28, Size: 0x00002b18, Max: 0x00005000, ABSOLUTE, COMPRESSED[0x0000014c])

    Exec Addr    Load Addr    Size         Type   Attr      Idx    E Section Name        Object

    0x20000000   COMPRESSED   0x00000405   Data   RW            3    .data               main.o
    0x20000405   COMPRESSED   0x00000003   PAD
    0x20000408   COMPRESSED   0x00000021   Data   RW          299    .data               application.o
    0x20000429   COMPRESSED   0x00000003   PAD
    0x2000042c   COMPRESSED   0x00000020   Data   RW          390    .data               action.o
    0x2000044c   COMPRESSED   0x0000004c   Data   RW          436    .data               app_ps2.o
    0x20000498   COMPRESSED   0x00000001   Data   RW          477    .data               protocol.o
    0x20000499   COMPRESSED   0x00000003   PAD
    0x2000049c   COMPRESSED   0x00000028   Data   RW          586    .data               function.o
    0x200004c4   COMPRESSED   0x00000004   Data   RW          873    .data               pwmservo.o
    0x200004c8   COMPRESSED   0x0000000a   Data   RW          934    .data               uart.o
    0x200004d2   COMPRESSED   0x00000003   Data   RW         1080    .data               ps2.o
    0x200004d5   COMPRESSED   0x00000001   PAD
    0x200004d6   COMPRESSED   0x00000005   Data   RW         1147    .data               spi_flash.o
    0x200004db   COMPRESSED   0x00000001   PAD
    0x200004dc   COMPRESSED   0x00000004   Data   RW         1373    .data               systick.o
    0x200004e0   COMPRESSED   0x00000003   Data   RW         1419    .data               timer.o
    0x200004e3   COMPRESSED   0x00000001   PAD
    0x200004e4   COMPRESSED   0x00000014   Data   RW         1468    .data               system_stm32f10x.o
    0x200004f8   COMPRESSED   0x00000014   Data   RW         3095    .data               stm32f10x_rcc.o
    0x2000050c   COMPRESSED   0x00000004   Data   RW         4858    .data               mc_w.l(stdout.o)
    0x20000510   COMPRESSED   0x00000004   Data   RW         4870    .data               mc_w.l(errno.o)
    0x20000514        -       0x00000504   Zero   RW          475    .bss                protocol.o
    0x20000a18        -       0x000000e0   Zero   RW          872    .bss                pwmservo.o
    0x20000af8        -       0x00000c00   Zero   RW          933    .bss                uart.o
    0x200016f8        -       0x00000009   Zero   RW         1078    .bss                ps2.o
    0x20001701   COMPRESSED   0x00000001   PAD
    0x20001702        -       0x00001012   Zero   RW         1146    .bss                spi_flash.o
    0x20002714   COMPRESSED   0x00000004   PAD
    0x20002718        -       0x00000400   Zero   RW         1457    STACK               startup_stm32f10x_md.o


==============================================================================

Image component sizes


      Code (inc. data)   RO Data    RW Data    ZI Data      Debug   Object Name

       380         52          0         32          0       2289   action.o
       648         60        637         76          0       2301   app_ps2.o
      1736        406          0         33          0       7353   application.o
       104         12          0          0          0       1161   beep.o
         0          0          0          0          0         32   core_cm3.o
      1152        258         99         40          0       3767   function.o
       118          0          0          0          0     213508   global.o
        48          0          0          0          0       1604   gy33t.o
       462         36          0          0          0       4094   joystick.o
       104          8          0          0          0       1038   key.o
      1660         38        144          0          0       3473   kinematics.o
        56          6          0          0          0        503   led.o
       496        214          0       1029          0     283357   main.o
       112         12          0          0          0       1012   misc.o
       746         14       3296          0          0       4784   oled.o
      3484        938         24          1       1284       7424   protocol.o
      1056         94        389          0          0       9341   protocolconversion.o
       816         60         20          3          9       4683   ps2.o
       992         64          0          4        224       6382   pwmservo.o
        94          0          0          0          0        539   rcc.o
        60          8          0          0          0        474   servopid.o
      1022         34          0          0          0       6249   soft_i2c.o
       924         60          0          5       4114       8247   spi_flash.o
        36          8        236          0       1024        828   startup_stm32f10x_md.o
       394         10          0          0          0       8057   stm32f10x_adc.o
       428          8          0          0          0       4548   stm32f10x_dma.o
       476          6          0          0          0       5711   stm32f10x_gpio.o
       816        116          0         20          0      12847   stm32f10x_rcc.o
       112          0          0          0          0       3842   stm32f10x_spi.o
       280         42          0          0          0       5191   stm32f10x_tim.o
       670         28          0          0          0       8595   stm32f10x_usart.o
        72         14          0          0          0      16179   sys.o
       328         28          0         20          0       2381   system_stm32f10x.o
       196         22          0          4          0      18118   systick.o
       366         18          0          3          0       2404   timer.o
      1552        140          0         10       3072       9233   uart.o
       336         34          0          0          0       1798   ultrasonic.o

    ----------------------------------------------------------------------
     22366       2848       4884       1292       9732     673347   Object Totals
         0          0         32          0          0          0   (incl. Generated)
        34          0          7         12          5          0   (incl. Padding)

    ----------------------------------------------------------------------

      Code (inc. data)   RO Data    RW Data    ZI Data      Debug   Library Member Name

       676         78          0          0          0        116   atan2f.o
       380         52          0          0          0        124   cosf.o
        66          0          0          0          0         84   fmax.o
        66          0          0          0          0         84   fmin.o
        38          0          0          0          0         68   fpclassifyf.o
        28          0          0          0          0        272   funder.o
       360         16         32          0          0         88   rredf.o
       392         54          0          0          0        124   sinf.o
        44          0          0          0          0         80   sqrtf.o
        56          8          0          0          0         84   __0sscanf.o
        86          0          0          0          0          0   __dczerorl2.o
        28          0          0          0          0         68   _chval.o
       816          6          0          0          0        112   _scanf.o
       332          0          0          0          0         96   _scanf_int.o
       224          0          0          0          0         96   _scanf_str.o
        64          0          0          0          0         84   _sgetc.o
        40          6         64          0          0         68   ctype_c.o
         0          0          0          0          0          0   entry.o
         0          0          0          0          0          0   entry10a.o
         0          0          0          0          0          0   entry11a.o
         4          0          0          0          0          0   entry12b.o
         8          4          0          0          0          0   entry2.o
         4          0          0          0          0          0   entry5.o
         0          0          0          0          0          0   entry7b.o
         0          0          0          0          0          0   entry8b.o
         8          4          0          0          0          0   entry9a.o
        12          6          0          4          0         68   errno.o
        30          0          0          0          0          0   handlers.o
        36          8          0          0          0         68   init.o
        10          0          0          0          0         68   isspace_c.o
         0          0          0          0          0          0   iusefp.o
        30          0          0          0          0         68   llshl.o
        36          0          0          0          0         68   llsshr.o
        32          0          0          0          0         68   llushr.o
        36          0          0          0          0         68   memcpya.o
        36          0          0          0          0        108   memseta.o
       916         20          0          0          0        504   printf6.o
        40          8          0          0          0         84   scanf_char.o
       878         12          0          0          0        216   scanf_fp.o
         0          0          0          4          0          0   stdout.o
        20          0          0          0          0         68   strchr.o
        28          0          0          0          0         76   strcmp.o
        18          0          0          0          0         68   strcpy.o
        14          0          0          0          0         68   strlen.o
        30          0          0          0          0         80   strncmp.o
        12          0          0          0          0         68   toupper.o
        44          0          0          0          0         80   uidiv.o
        20          0          0          0          0         68   cfcmple.o
        20          0          0          0          0         68   cfrcmple.o
        56          0          0          0          0         88   d2f.o
       334          0          0          0          0        148   dadd.o
        96          0          0          0          0         80   dcmp4.o
       222          0          0          0          0        100   ddiv.o
       186          0          0          0          0        176   depilogue.o
        24          0          0          0          0         76   dfltul.o
       228          0          0          0          0         96   dmul.o
        38          0          0          0          0         68   f2d.o
       176          0          0          0          0        140   fadd.o
       124          0          0          0          0         88   fdiv.o
       110          0          0          0          0        168   fepilogue.o
        50          0          0          0          0         68   ffixi.o
        40          0          0          0          0         68   ffixui.o
        18          0          0          0          0         68   fflti.o
        10          0          0          0          0         68   ffltui.o
       100          0          0          0          0         76   fmul.o
        60          0          0          0          0         76   frnd.o
        24          0          0          0          0         68   fscalb.o
        94          0          0          0          0         96   fsqrt.o

    ----------------------------------------------------------------------
      8022        282         96          8          0       5496   Library Totals
        14          0          0          0          0          0   (incl. Padding)

    ----------------------------------------------------------------------

      Code (inc. data)   RO Data    RW Data    ZI Data      Debug   Library Name

      2050        200         32          0          0       1040   m_ws.l
      3928         82         64          8          0       2504   mc_w.l
      2030          0          0          0          0       1952   mf_w.l

    ----------------------------------------------------------------------
      8022        282         96          8          0       5496   Library Totals

    ----------------------------------------------------------------------

==============================================================================


      Code (inc. data)   RO Data    RW Data    ZI Data      Debug   

     30388       3130       4980       1300       9732     666075   Grand Totals
     30388       3130       4980        332       9732     666075   ELF Image Totals (compressed)
     30388       3130       4980        332          0          0   ROM Totals

==============================================================================

    Total RO  Size (Code + RO Data)                35368 (  34.54kB)
    Total RW  Size (RW Data + ZI Data)             11032 (  10.77kB)
    Total ROM Size (Code + RO Data + RW Data)      35700 (  34.86kB)

==============================================================================

