Component: ARM Compiler 5.06 update 7 (build 960) Tool: armlink [4d3601]

==============================================================================

Section Cross References

    main.o(i.loop_oled) refers to systick.o(i.Millis) for Millis
    main.o(i.loop_oled) refers to oled.o(i.OLED_Clear) for OLED_Clear
    main.o(i.loop_oled) refers to oled.o(i.OLED_Print) for OLED_Print
    main.o(i.loop_oled) refers to main.o(.data) for last_tick
    main.o(i.loop_oled) refers to application.o(.data) for SetMode
    main.o(i.main) refers to application.o(i.setup_app) for setup_app
    main.o(i.main) refers to main.o(i.loop_oled) for loop_oled
    main.o(i.main) refers to application.o(i.loop_app) for loop_app
    global.o(i.abs_float) refers to cfrcmple.o(.text) for __aeabi_cfrcmple
    global.o(i.map) refers to fadd.o(.text) for __aeabi_fsub
    global.o(i.map) refers to fmul.o(.text) for __aeabi_fmul
    global.o(i.map) refers to fdiv.o(.text) for __aeabi_fdiv
    application.o(i.Buzzer_times) refers to stm32f10x_gpio.o(i.GPIO_SetBits) for GPIO_SetBits
    application.o(i.Buzzer_times) refers to systick.o(i.Delay_ms) for Delay_ms
    application.o(i.Buzzer_times) refers to stm32f10x_gpio.o(i.GPIO_ResetBits) for GPIO_ResetBits
    application.o(i.Led_Blink) refers to systick.o(i.Millis) for Millis
    application.o(i.Led_Blink) refers to stm32f10x_gpio.o(i.GPIO_ReadOutputDataBit) for GPIO_ReadOutputDataBit
    application.o(i.Led_Blink) refers to stm32f10x_gpio.o(i.GPIO_WriteBit) for GPIO_WriteBit
    application.o(i.Led_Blink) refers to application.o(.data) for systick_ms_bak_led
    application.o(i.LoopMode) refers to systick.o(i.Millis) for Millis
    application.o(i.LoopMode) refers to function.o(i.ColorTask) for ColorTask
    application.o(i.LoopMode) refers to function.o(i.SoundTouchTask) for SoundTouchTask
    application.o(i.LoopMode) refers to function.o(i.JoystickTask) for JoystickTask
    application.o(i.LoopMode) refers to application.o(.data) for systick_ms_bak_mode
    application.o(i.Loop_Uart) refers to protocol.o(i.Parse_Group_Cmd) for Parse_Group_Cmd
    application.o(i.Loop_Uart) refers to protocol.o(i.Parse_Cmd) for Parse_Cmd
    application.o(i.Loop_Uart) refers to protocol.o(i.Parse_Action) for Parse_Action
    application.o(i.Loop_Uart) refers to protocol.o(i.Save_Action) for Save_Action
    application.o(i.Loop_Uart) refers to uart.o(.data) for Uart_GetOK
    application.o(i.Loop_Uart) refers to uart.o(.bss) for Uart_ReceiveBuf
    application.o(i.Parameter_Init) refers to spi_flash.o(i.SpiFlash_Read) for SpiFlash_Read
    application.o(i.Parameter_Init) refers to printfa.o(i.__0sprintf) for __2sprintf
    application.o(i.Parameter_Init) refers to uart.o(i.Uart1_Print) for Uart1_Print
    application.o(i.Parameter_Init) refers to protocol.o(.bss) for eeprom_info
    application.o(i.ServoState_Init) refers to fflti.o(.text) for __aeabi_i2f
    application.o(i.ServoState_Init) refers to protocol.o(.bss) for eeprom_info
    application.o(i.ServoState_Init) refers to pwmservo.o(.bss) for duoji_doing
    application.o(i.Uart_Init) refers to uart.o(i.Uart1_Init) for Uart1_Init
    application.o(i.Uart_Init) refers to uart.o(i.Uart2_Init) for Uart2_Init
    application.o(i.Uart_Init) refers to uart.o(i.Uart3_Init) for Uart3_Init
    application.o(i.loop_Joystick_key) refers to systick.o(i.Millis) for Millis
    application.o(i.loop_Joystick_key) refers to stm32f10x_gpio.o(i.GPIO_ResetBits) for GPIO_ResetBits
    application.o(i.loop_Joystick_key) refers to stm32f10x_gpio.o(i.GPIO_ReadInputDataBit) for GPIO_ReadInputDataBit
    application.o(i.loop_Joystick_key) refers to stm32f10x_gpio.o(i.GPIO_SetBits) for GPIO_SetBits
    application.o(i.loop_Joystick_key) refers to uart.o(i.Uart1_Print) for Uart1_Print
    application.o(i.loop_Joystick_key) refers to pwmservo.o(i.PwmServo_DoingSet) for PwmServo_DoingSet
    application.o(i.loop_Joystick_key) refers to application.o(.data) for SetMode
    application.o(i.loop_app) refers to application.o(i.Led_Blink) for Led_Blink
    application.o(i.loop_app) refers to application.o(i.loop_key) for loop_key
    application.o(i.loop_app) refers to application.o(i.loop_Joystick_key) for loop_Joystick_key
    application.o(i.loop_app) refers to application.o(i.Loop_Uart) for Loop_Uart
    application.o(i.loop_app) refers to app_ps2.o(i.AppPs2Run) for AppPs2Run
    application.o(i.loop_app) refers to action.o(i.Loop_Action) for Loop_Action
    application.o(i.loop_app) refers to application.o(i.LoopMode) for LoopMode
    application.o(i.loop_key) refers to systick.o(i.Millis) for Millis
    application.o(i.loop_key) refers to stm32f10x_gpio.o(i.GPIO_ReadInputDataBit) for GPIO_ReadInputDataBit
    application.o(i.loop_key) refers to stm32f10x_gpio.o(i.GPIO_SetBits) for GPIO_SetBits
    application.o(i.loop_key) refers to uart.o(i.Uart1_Print) for Uart1_Print
    application.o(i.loop_key) refers to printfa.o(i.__0printf) for __2printf
[...]
    .constdata                               0x08007a68   Section       24  protocol.o(.constdata)
    .constdata                               0x08007a80   Section      144  kinematics.o(.constdata)
    .constdata                               0x08007b10   Section       99  function.o(.constdata)
    color_map                                0x08007b10   Data          99  function.o(.constdata)
    .constdata                               0x08007b74   Section     2650  oled.o(.constdata)
    .constdata                               0x080085d0   Section       48  cos_i.o(.constdata)
    C                                        0x080085d0   Data          48  cos_i.o(.constdata)
    .constdata                               0x08008600   Section      200  rred.o(.constdata)
    pio2s                                    0x08008600   Data          48  rred.o(.constdata)
    twooverpi                                0x08008630   Data         152  rred.o(.constdata)
    .constdata                               0x080086c8   Section       32  rredf.o(.constdata)
    twooverpi                                0x080086c8   Data          32  rredf.o(.constdata)
    .constdata                               0x080086e8   Section       40  sin_i.o(.constdata)
    S                                        0x080086e8   Data          40  sin_i.o(.constdata)
    .constdata                               0x08008710   Section       64  ctype_c.o(.constdata)
    .conststring                             0x08008750   Section      870  app_ps2.o(.conststring)
    .data                                    0x20000000   Section     1029  main.o(.data)
    last_tick                                0x20000400   Data           4  main.o(.data)
    last_mode                                0x20000404   Data           1  main.o(.data)
    .data                                    0x20000408   Section       28  application.o(.data)
    systick_ms_bak_led                       0x2000040c   Data           4  application.o(.data)
    tick_bak                                 0x20000410   Data           4  application.o(.data)
    state                                    0x20000414   Data           1  application.o(.data)
    Joystick_tick_bak                        0x20000418   Data           4  application.o(.data)
    state1                                   0x2000041c   Data           1  application.o(.data)
    clamp                                    0x2000041d   Data           1  application.o(.data)
    systick_ms_bak_mode                      0x20000420   Data           4  application.o(.data)
    .data                                    0x20000424   Section       32  action.o(.data)
    systick_ms_bak                           0x20000440   Data           4  action.o(.data)
    .data                                    0x20000444   Section      142  app_ps2.o(.data)
    psx_button_bak                           0x200004c4   Data           2  app_ps2.o(.data)
    systick_ms_bak                           0x200004c8   Data           4  app_ps2.o(.data)
    bak                                      0x200004cc   Data           2  app_ps2.o(.data)
    temp                                     0x200004ce   Data           2  app_ps2.o(.data)
    temp2                                    0x200004d0   Data           2  app_ps2.o(.data)
    .data                                    0x200004d2   Section        1  protocol.o(.data)
    .data                                    0x200004d4   Section       30  function.o(.data)
    state                                    0x200004d4   Data           1  function.o(.data)
    last_tick                                0x200004d8   Data           4  function.o(.data)
    action_state                             0x200004dc   Data           1  function.o(.data)
    touch_tick_bak                           0x200004e0   Data           4  function.o(.data)
    state                                    0x200004e4   Data           1  function.o(.data)
    joystick_tick_bak                        0x200004e8   Data           4  function.o(.data)
    xpwm                                     0x200004ec   Data           2  function.o(.data)
    ypwm                                     0x200004ee   Data           2  function.o(.data)
    ypwm1                                    0x200004f0   Data           2  function.o(.data)
    .data                                    0x200004f4   Section        4  pwmservo.o(.data)
    .data                                    0x200004f8   Section       10  uart.o(.data)
    buf_index                                0x20000500   Data           2  uart.o(.data)
    .data                                    0x20000502   Section        5  spi_flash.o(.data)
    tmp                                      0x20000506   Data           1  spi_flash.o(.data)
    .data                                    0x20000508   Section        4  systick.o(.data)
    systick_ms                               0x20000508   Data           4  systick.o(.data)
    .data                                    0x2000050c   Section        3  timer.o(.data)
    duoji_index2                             0x2000050c   Data           1  timer.o(.data)
    flag                                     0x2000050d   Data           1  timer.o(.data)
    duoji_index1                             0x2000050e   Data           1  timer.o(.data)
    .data                                    0x20000510   Section       20  system_stm32f10x.o(.data)
    .data                                    0x20000524   Section       20  stm32f10x_rcc.o(.data)
    APBAHBPrescTable                         0x20000524   Data          16  stm32f10x_rcc.o(.data)
    ADCPrescTable                            0x20000534   Data           4  stm32f10x_rcc.o(.data)
    .data                                    0x20000538   Section        4  stdout.o(.data)
    .data                                    0x2000053c   Section        4  errno.o(.data)
    _errno                                   0x2000053c   Data           4  errno.o(.data)
    .bss                                     0x20000540   Section     1284  protocol.o(.bss)
    .bss                                     0x20000a44   Section      224  pwmservo.o(.bss)
    .bss                                     0x20000b24   Section     2048  uart.o(.bss)
    .bss                                     0x20001324   Section        9  ps2.o(.bss)
    .bss                                     0x2000132e   Section     4114  spi_flash.o(.bss)
    STACK                                    0x20002340   Section     1024  startup_stm32f10x_md.o(STACK)

    Global Symbols

    Symbol Name                              Value     Ov Type        Size  Object(Section)

    BuildAttributes$$THM_ISAv4$P$D$K$B$S$PE$A:L22UL41UL21$X:L11$S22US41US21$IEEE1$IW$USESV6$~STKCKD$USESV7$~SHL$OTIME$ROPI$IEEEX$EBA8$MICROLIB$REQ8$PRES8$EABIv2 0x00000000   Number         0  anon$$obj.o ABSOLUTE
    __ARM_use_no_argv                        0x00000000   Number         0  main.o ABSOLUTE
    _printf_a                                0x00000000   Number         0  stubs.o ABSOLUTE
    _printf_c                                0x00000000   Number         0  stubs.o ABSOLUTE
    _printf_charcount                        0x00000000   Number         0  stubs.o ABSOLUTE
    _printf_d                                0x00000000   Number         0  stubs.o ABSOLUTE
    _printf_e                                0x00000000   Number         0  stubs.o ABSOLUTE
    _printf_f                                0x00000000   Number         0  stubs.o ABSOLUTE
    _printf_flags                            0x00000000   Number         0  stubs.o ABSOLUTE
    _printf_fp_dec                           0x00000000   Number         0  stubs.o ABSOLUTE
    _printf_fp_hex                           0x00000000   Number         0  stubs.o ABSOLUTE
    _printf_g                                0x00000000   Number         0  stubs.o ABSOLUTE
    _printf_i                                0x00000000   Number         0  stubs.o ABSOLUTE
    _printf_int_dec                          0x00000000   Number         0  stubs.o ABSOLUTE
    _printf_l                                0x00000000   Number         0  stubs.o ABSOLUTE
    _printf_lc                               0x00000000   Number         0  stubs.o ABSOLUTE
    _printf_ll                               0x00000000   Number         0  stubs.o ABSOLUTE
    _printf_lld                              0x00000000   Number         0  stubs.o ABSOLUTE
    _printf_lli                              0x00000000   Number         0  stubs.o ABSOLUTE
    _printf_llo                              0x00000000   Number         0  stubs.o ABSOLUTE
    _printf_llu                              0x00000000   Number         0  stubs.o ABSOLUTE
    _printf_llx                              0x00000000   Number         0  stubs.o ABSOLUTE
    _printf_longlong_dec                     0x00000000   Number         0  stubs.o ABSOLUTE
    _printf_longlong_hex                     0x00000000   Number         0  stubs.o ABSOLUTE
    _printf_longlong_oct                     0x00000000   Number         0  stubs.o ABSOLUTE
    _printf_ls                               0x00000000   Number         0  stubs.o ABSOLUTE
    _printf_mbtowc                           0x00000000   Number         0  stubs.o ABSOLUTE
    _printf_n                                0x00000000   Number         0  stubs.o ABSOLUTE
    _printf_o                                0x00000000   Number         0  stubs.o ABSOLUTE
    _printf_p                                0x00000000   Number         0  stubs.o ABSOLUTE
    _printf_percent                          0x00000000   Number         0  stubs.o ABSOLUTE
    _printf_pre_padding                      0x00000000   Number         0  stubs.o ABSOLUTE
    _printf_return_value                     0x00000000   Number         0  stubs.o ABSOLUTE
    _printf_s                                0x00000000   Number         0  stubs.o ABSOLUTE
    _printf_sizespec                         0x00000000   Number         0  stubs.o ABSOLUTE
    _printf_str                              0x00000000   Number         0  stubs.o ABSOLUTE
    _printf_truncate_signed                  0x00000000   Number         0  stubs.o ABSOLUTE
    _printf_truncate_unsigned                0x00000000   Number         0  stubs.o ABSOLUTE
    _printf_u                                0x00000000   Number         0  stubs.o ABSOLUTE
    _printf_wc                               0x00000000   Number         0  stubs.o ABSOLUTE
    _printf_wctomb                           0x00000000   Number         0  stubs.o ABSOLUTE
    _printf_widthprec                        0x00000000   Number         0  stubs.o ABSOLUTE
    _printf_x                                0x00000000   Number         0  stubs.o ABSOLUTE
    __arm_fini_                               - Undefined Weak Reference
    __cpp_initialize__aeabi_                  - Undefined Weak Reference
    __cxa_finalize                            - Undefined Weak Reference
    _clock_init                               - Undefined Weak Reference
    _microlib_exit                            - Undefined Weak Reference
    _scanf_longlong                           - Undefined Weak Reference
    _scanf_string                             - Undefined Weak Reference
    __Vectors_Size                           0x000000ec   Number         0  startup_stm32f10x_md.o ABSOLUTE
    __Vectors                                0x08000000   Data           4  startup_stm32f10x_md.o(RESET)
    __Vectors_End                            0x080000ec   Data           0  startup_stm32f10x_md.o(RESET)
    __main                                   0x080000ed   Thumb Code     0  entry.o(.ARM.Collect$$$$00000000)
    _main_stk                                0x080000ed   Thumb Code     0  entry2.o(.ARM.Collect$$$$00000001)
    _main_scatterload                        0x080000f1   Thumb Code     0  entry5.o(.ARM.Collect$$$$00000004)
    __main_after_scatterload                 0x080000f5   Thumb Code     0  entry5.o(.ARM.Collect$$$$00000004)
    _main_clock                              0x080000f5   Thumb Code     0  entry7b.o(.ARM.Collect$$$$00000008)
    _main_cpp_init                           0x080000f5   Thumb Code     0  entry8b.o(.ARM.Collect$$$$0000000A)
    _main_init                               0x080000f5   Thumb Code     0  entry9a.o(.ARM.Collect$$$$0000000B)
    __rt_lib_shutdown_fini                   0x080000fd   Thumb Code     0  entry12b.o(.ARM.Collect$$$$0000000E)
    __rt_final_cpp                           0x08000101   Thumb Code     0  entry10a.o(.ARM.Collect$$$$0000000F)
    __rt_final_exit                          0x08000101   Thumb Code     0  entry11a.o(.ARM.Collect$$$$00000011)
    Reset_Handler                            0x08000105   Thumb Code     8  startup_stm32f10x_md.o(.text)
    NMI_Handler                              0x0800010d   Thumb Code     2  startup_stm32f10x_md.o(.text)
    HardFault_Handler                        0x0800010f   Thumb Code     2  startup_stm32f10x_md.o(.text)
    MemManage_Handler                        0x08000111   Thumb Code     2  startup_stm32f10x_md.o(.text)
    BusFault_Handler                         0x08000113   Thumb Code     2  startup_stm32f10x_md.o(.text)
    UsageFault_Handler                       0x08000115   Thumb Code     2  startup_stm32f10x_md.o(.text)
    SVC_Handler                              0x08000117   Thumb Code     2  startup_stm32f10x_md.o(.text)
    DebugMon_Handler                         0x08000119   Thumb Code     2  startup_stm32f10x_md.o(.text)
    PendSV_Handler                           0x0800011b   Thumb Code     2  startup_stm32f10x_md.o(.text)
    ADC1_2_IRQHandler                        0x0800011f   Thumb Code     0  startup_stm32f10x_md.o(.text)
    CAN1_RX1_IRQHandler                      0x0800011f   Thumb Code     0  startup_stm32f10x_md.o(.text)
    CAN1_SCE_IRQHandler                      0x0800011f   Thumb Code     0  startup_stm32f10x_md.o(.text)
    DMA1_Channel1_IRQHandler                 0x0800011f   Thumb Code     0  startup_stm32f10x_md.o(.text)
    DMA1_Channel2_IRQHandler                 0x0800011f   Thumb Code     0  startup_stm32f10x_md.o(.text)
    DMA1_Channel3_IRQHandler                 0x0800011f   Thumb Code     0  startup_stm32f10x_md.o(.text)
    DMA1_Channel4_IRQHandler                 0x0800011f   Thumb Code     0  startup_stm32f10x_md.o(.text)
    DMA1_Channel5_IRQHandler                 0x0800011f   Thumb Code     0  startup_stm32f10x_md.o(.text)
    DMA1_Channel6_IRQHandler                 0x0800011f   Thumb Code     0  startup_stm32f10x_md.o(.text)
    DMA1_Channel7_IRQHandler                 0x0800011f   Thumb Code     0  startup_stm32f10x_md.o(.text)
    EXTI0_IRQHandler                         0x0800011f   Thumb Code     0  startup_stm32f10x_md.o(.text)
    EXTI15_10_IRQHandler                     0x0800011f   Thumb Code     0  startup_stm32f10x_md.o(.text)
    EXTI1_IRQHandler                         0x0800011f   Thumb Code     0  startup_stm32f10x_md.o(.text)
    EXTI2_IRQHandler                         0x0800011f   Thumb Code     0  startup_stm32f10x_md.o(.text)
    EXTI3_IRQHandler                         0x0800011f   Thumb Code     0  startup_stm32f10x_md.o(.text)
    EXTI4_IRQHandler                         0x0800011f   Thumb Code     0  startup_stm32f10x_md.o(.text)
    EXTI9_5_IRQHandler                       0x0800011f   Thumb Code     0  startup_stm32f10x_md.o(.text)
    FLASH_IRQHandler                         0x0800011f   Thumb Code     0  startup_stm32f10x_md.o(.text)
    I2C1_ER_IRQHandler                       0x0800011f   Thumb Code     0  startup_stm32f10x_md.o(.text)
    I2C1_EV_IRQHandler                       0x0800011f   Thumb Code     0  startup_stm32f10x_md.o(.text)
    I2C2_ER_IRQHandler                       0x0800011f   Thumb Code     0  startup_stm32f10x_md.o(.text)
    I2C2_EV_IRQHandler                       0x0800011f   Thumb Code     0  startup_stm32f10x_md.o(.text)
    PVD_IRQHandler                           0x0800011f   Thumb Code     0  startup_stm32f10x_md.o(.text)
    RCC_IRQHandler                           0x0800011f   Thumb Code     0  startup_stm32f10x_md.o(.text)
    RTCAlarm_IRQHandler                      0x0800011f   Thumb Code     0  startup_stm32f10x_md.o(.text)
    RTC_IRQHandler                           0x0800011f   Thumb Code     0  startup_stm32f10x_md.o(.text)
    SPI1_IRQHandler                          0x0800011f   Thumb Code     0  startup_stm32f10x_md.o(.text)
    SPI2_IRQHandler                          0x0800011f   Thumb Code     0  startup_stm32f10x_md.o(.text)
    TAMPER_IRQHandler                        0x0800011f   Thumb Code     0  startup_stm32f10x_md.o(.text)
    TIM1_BRK_IRQHandler                      0x0800011f   Thumb Code     0  startup_stm32f10x_md.o(.text)
    TIM1_CC_IRQHandler                       0x0800011f   Thumb Code     0  startup_stm32f10x_md.o(.text)
    TIM1_TRG_COM_IRQHandler                  0x0800011f   Thumb Code     0  startup_stm32f10x_md.o(.text)
    TIM1_UP_IRQHandler                       0x0800011f   Thumb Code     0  startup_stm32f10x_md.o(.text)
    TIM3_IRQHandler                          0x0800011f   Thumb Code     0  startup_stm32f10x_md.o(.text)
    TIM4_IRQHandler                          0x0800011f   Thumb Code     0  startup_stm32f10x_md.o(.text)
    USBWakeUp_IRQHandler                     0x0800011f   Thumb Code     0  startup_stm32f10x_md.o(.text)
    USB_HP_CAN1_TX_IRQHandler                0x0800011f   Thumb Code     0  startup_stm32f10x_md.o(.text)
    USB_LP_CAN1_RX0_IRQHandler               0x0800011f   Thumb Code     0  startup_stm32f10x_md.o(.text)
    WWDG_IRQHandler                          0x0800011f   Thumb Code     0  startup_stm32f10x_md.o(.text)
    __aeabi_memcpy                           0x08000129   Thumb Code    36  memcpya.o(.text)
    __aeabi_memcpy4                          0x08000129   Thumb Code     0  memcpya.o(.text)
    __aeabi_memcpy8                          0x08000129   Thumb Code     0  memcpya.o(.text)
    __aeabi_memset                           0x0800014d   Thumb Code    14  memseta.o(.text)
    __aeabi_memset4                          0x0800014d   Thumb Code     0  memseta.o(.text)
    __aeabi_memset8                          0x0800014d   Thumb Code     0  memseta.o(.text)
    __aeabi_memclr                           0x0800015b   Thumb Code     4  memseta.o(.text)
    __aeabi_memclr4                          0x0800015b   Thumb Code     0  memseta.o(.text)
    __aeabi_memclr8                          0x0800015b   Thumb Code     0  memseta.o(.text)
    _memset$wrapper                          0x0800015f   Thumb Code    18  memseta.o(.text)
    strlen                                   0x08000171   Thumb Code    14  strlen.o(.text)
    strcpy                                   0x0800017f   Thumb Code    18  strcpy.o(.text)
    __0sscanf                                0x08000191   Thumb Code    48  __0sscanf.o(.text)
    _scanf_int                               0x080001c9   Thumb Code   332  _scanf_int.o(.text)
    _scanf_real                              0x0800043d   Thumb Code     0  scanf_fp.o(.text)
    _scanf_really_real                       0x0800043d   Thumb Code   556  scanf_fp.o(.text)
    __aeabi_fadd                             0x08000675   Thumb Code   164  fadd.o(.text)
    __aeabi_fsub                             0x08000719   Thumb Code     6  fadd.o(.text)
    __aeabi_frsub                            0x0800071f   Thumb Code     6  fadd.o(.text)
    __aeabi_fmul                             0x08000725   Thumb Code   100  fmul.o(.text)
    __aeabi_fdiv                             0x08000789   Thumb Code   124  fdiv.o(.text)
    __aeabi_dadd                             0x08000805   Thumb Code   322  dadd.o(.text)
    __aeabi_dsub                             0x08000947   Thumb Code     6  dadd.o(.text)
    __aeabi_drsub                            0x0800094d   Thumb Code     6  dadd.o(.text)
    __aeabi_dmul                             0x08000953   Thumb Code   228  dmul.o(.text)
    __aeabi_ddiv                             0x08000a37   Thumb Code   222  ddiv.o(.text)
    __aeabi_i2f                              0x08000b15   Thumb Code    18  fflti.o(.text)
    __aeabi_ui2f                             0x08000b27   Thumb Code    10  ffltui.o(.text)
    __aeabi_ui2d                             0x08000b31   Thumb Code    26  dfltui.o(.text)
    __aeabi_f2iz                             0x08000b4b   Thumb Code    50  ffixi.o(.text)
    __aeabi_f2uiz                            0x08000b7d   Thumb Code    40  ffixui.o(.text)
    __aeabi_f2d                              0x08000ba5   Thumb Code    38  f2d.o(.text)
    __aeabi_d2f                              0x08000bcb   Thumb Code    56  d2f.o(.text)
    __aeabi_cfcmpeq                          0x08000c05   Thumb Code     0  cfcmple.o(.text)
    __aeabi_cfcmple                          0x08000c05   Thumb Code    20  cfcmple.o(.text)
    __aeabi_cfrcmple                         0x08000c19   Thumb Code    20  cfrcmple.o(.text)
    __aeabi_uidiv                            0x08000c2d   Thumb Code     0  uidiv.o(.text)
    __aeabi_uidivmod                         0x08000c2d   Thumb Code    44  uidiv.o(.text)
    __aeabi_uldivmod                         0x08000c59   Thumb Code    98  uldiv.o(.text)
    __aeabi_llsl                             0x08000cbb   Thumb Code    30  llshl.o(.text)
    _ll_shift_l                              0x08000cbb   Thumb Code     0  llshl.o(.text)
    __aeabi_lasr                             0x08000cd9   Thumb Code    36  llsshr.o(.text)
    _ll_sshift_r                             0x08000cd9   Thumb Code     0  llsshr.o(.text)
    _chval                                   0x08000cfd   Thumb Code    28  _chval.o(.text)
    __vfscanf_char                           0x08000d25   Thumb Code    20  scanf_char.o(.text)
    _sgetc                                   0x08000d41   Thumb Code    30  _sgetc.o(.text)
    _sbackspace                              0x08000d5f   Thumb Code    34  _sgetc.o(.text)
    __I$use$fp                               0x08000d81   Thumb Code     0  iusefp.o(.text)
    _float_round                             0x08000d81   Thumb Code    18  fepilogue.o(.text)
    _float_epilogue                          0x08000d93   Thumb Code    92  fepilogue.o(.text)
    _fsqrt                                   0x08000def   Thumb Code    94  fsqrt.o(.text)
    _frnd                                    0x08000e4d   Thumb Code    60  frnd.o(.text)
    _double_round                            0x08000e89   Thumb Code    30  depilogue.o(.text)
    _double_epilogue                         0x08000ea7   Thumb Code   156  depilogue.o(.text)
    _dsqrt                                   0x08000f43   Thumb Code   162  dsqrt.o(.text)
    __aeabi_ul2d                             0x08000fe5   Thumb Code    24  dfltul.o(.text)
    __aeabi_d2ulz                            0x08000ffd   Thumb Code    48  dfixul.o(.text)
    __aeabi_cdrcmple                         0x0800102d   Thumb Code    48  cdrcmple.o(.text)
    __ARM_dcmp4                              0x0800105d   Thumb Code    96  dcmp4.o(.text)
    _dcmp4                                   0x0800105d   Thumb Code     0  dcmp4.o(.text)
    __scatterload                            0x080010bd   Thumb Code    28  init.o(.text)
    __scatterload_rt2                        0x080010bd   Thumb Code     0  init.o(.text)
    __aeabi_llsr                             0x080010e1   Thumb Code    32  llushr.o(.text)
    _ll_ushift_r                             0x080010e1   Thumb Code     0  llushr.o(.text)
    isspace                                  0x08001101   Thumb Code    10  isspace_c.o(.text)
    __vfscanf                                0x0800110d   Thumb Code   810  _scanf.o(.text)
    __ARM_scalbnf                            0x0800143d   Thumb Code    24  fscalb.o(.text)
    scalbnf                                  0x0800143d   Thumb Code     0  fscalb.o(.text)
    __ARM_scalbn                             0x08001455   Thumb Code    46  dscalb.o(.text)
    scalbn                                   0x08001455   Thumb Code     0  dscalb.o(.text)
    __aeabi_i2d                              0x08001483   Thumb Code    34  dflti.o(.text)
    __aeabi_d2iz                             0x080014a5   Thumb Code    62  dfixi.o(.text)
    __ctype_lookup                           0x080014e5   Thumb Code    34  ctype_c.o(.text)
    __decompress                             0x0800150d   Thumb Code     0  __dczerorl2.o(.text)
    __decompress1                            0x0800150d   Thumb Code    86  __dczerorl2.o(.text)
    ADC_Cmd                                  0x08001563   Thumb Code    22  stm32f10x_adc.o(i.ADC_Cmd)
    ADC_GetCalibrationStatus                 0x08001579   Thumb Code    20  stm32f10x_adc.o(i.ADC_GetCalibrationStatus)
    ADC_GetConversionValue                   0x0800158d   Thumb Code     8  stm32f10x_adc.o(i.ADC_GetConversionValue)
    ADC_GetFlagStatus                        0x08001595   Thumb Code    18  stm32f10x_adc.o(i.ADC_GetFlagStatus)
    ADC_GetResetCalibrationStatus            0x080015a7   Thumb Code    20  stm32f10x_adc.o(i.ADC_GetResetCalibrationStatus)
    ADC_Init                                 0x080015bd   Thumb Code    70  stm32f10x_adc.o(i.ADC_Init)
    ADC_Joystick_Init                        0x0800160d   Thumb Code   142  joystick.o(i.ADC_Joystick_Init)
    ADC_RegularChannelConfig                 0x080016a5   Thumb Code   184  stm32f10x_adc.o(i.ADC_RegularChannelConfig)
    ADC_ResetCalibration                     0x0800175d   Thumb Code    10  stm32f10x_adc.o(i.ADC_ResetCalibration)
    ADC_SoftwareStartConvCmd                 0x08001767   Thumb Code    22  stm32f10x_adc.o(i.ADC_SoftwareStartConvCmd)
    ADC_StartCalibration                     0x0800177d   Thumb Code    10  stm32f10x_adc.o(i.ADC_StartCalibration)
    AppPs2Run                                0x08001789   Thumb Code    82  app_ps2.o(i.AppPs2Run)
    Buzzer_Init                              0x080017e9   Thumb Code    46  beep.o(i.Buzzer_Init)
    Buzzer_times                             0x0800181d   Thumb Code    46  application.o(i.Buzzer_times)
    ColorTask                                0x08001851   Thumb Code   118  function.o(i.ColorTask)
    DMA_Cmd                                  0x080018d9   Thumb Code    24  stm32f10x_dma.o(i.DMA_Cmd)
    DMA_DeInit                               0x080018f1   Thumb Code   324  stm32f10x_dma.o(i.DMA_DeInit)
    DMA_GetCurrDataCounter                   0x08001a3d   Thumb Code     8  stm32f10x_dma.o(i.DMA_GetCurrDataCounter)
    DMA_Init                                 0x08001a45   Thumb Code    60  stm32f10x_dma.o(i.DMA_Init)
    DMA_SetCurrDataCounter                   0x08001a81   Thumb Code     4  stm32f10x_dma.o(i.DMA_SetCurrDataCounter)
    Delay_ms                                 0x08001a85   Thumb Code    32  systick.o(i.Delay_ms)
    Delay_us                                 0x08001aa5   Thumb Code    40  systick.o(i.Delay_us)
    DoGroup_Once                             0x08001acd   Thumb Code    44  action.o(i.DoGroup_Once)
    GPIO_Init                                0x08001b01   Thumb Code   278  stm32f10x_gpio.o(i.GPIO_Init)
    GPIO_PinRemapConfig                      0x08001c19   Thumb Code   138  stm32f10x_gpio.o(i.GPIO_PinRemapConfig)
    GPIO_ReadInputDataBit                    0x08001ca9   Thumb Code    18  stm32f10x_gpio.o(i.GPIO_ReadInputDataBit)
    GPIO_ReadOutputDataBit                   0x08001cbb   Thumb Code    18  stm32f10x_gpio.o(i.GPIO_ReadOutputDataBit)
    GPIO_ResetBits                           0x08001ccd   Thumb Code     4  stm32f10x_gpio.o(i.GPIO_ResetBits)
    GPIO_SetBits                             0x08001cd1   Thumb Code     4  stm32f10x_gpio.o(i.GPIO_SetBits)
    GPIO_WriteBit                            0x08001cd5   Thumb Code    10  stm32f10x_gpio.o(i.GPIO_WriteBit)
    GY33T_Read                               0x08001cdf   Thumb Code    28  gy33t.o(i.GY33T_Read)
    GY33T_Write_Byte                         0x08001cfb   Thumb Code    20  gy33t.o(i.GY33T_Write_Byte)
    GetMaxTime                               0x08001d0f   Thumb Code    92  action.o(i.GetMaxTime)
    Get_Adc_Joystick_Value                   0x08001d6d   Thumb Code    72  joystick.o(i.Get_Adc_Joystick_Value)
    Get_Joystick_Percentage_value            0x08001db9   Thumb Code    66  joystick.o(i.Get_Joystick_Percentage_value)
    JoystickStatus                           0x08001e05   Thumb Code    62  joystick.o(i.JoystickStatus)
    JoystickTask                             0x08001e45   Thumb Code   302  function.o(i.JoystickTask)
    Joystick_Key_Init                        0x08001fa9   Thumb Code    34  joystick.o(i.Joystick_Key_Init)
    Joystick_LED_Init                        0x08001fd1   Thumb Code    50  joystick.o(i.Joystick_LED_Init)
    Key_Init                                 0x08002009   Thumb Code    32  key.o(i.Key_Init)
    LED_Init                                 0x0800202d   Thumb Code    50  led.o(i.LED_Init)
    Led_Blink                                0x08002065   Thumb Code    60  application.o(i.Led_Blink)
    LoopMode                                 0x080020a9   Thumb Code    80  application.o(i.LoopMode)
    Loop_Action                              0x08002101   Thumb Code   192  action.o(i.Loop_Action)
    Loop_Uart                                0x080021ed   Thumb Code    82  application.o(i.Loop_Uart)
    Millis                                   0x0800224d   Thumb Code     6  systick.o(i.Millis)
    NVIC_Init                                0x08002259   Thumb Code   100  misc.o(i.NVIC_Init)
    OLED_Clear                               0x080022c9   Thumb Code    64  oled.o(i.OLED_Clear)
    OLED_Init                                0x08002309   Thumb Code   226  oled.o(i.OLED_Init)
    OLED_Print                               0x080023ed   Thumb Code   206  oled.o(i.OLED_Print)
    OLED_SetPos                              0x080024c1   Thumb Code    42  oled.o(i.OLED_SetPos)
    OLED_ShowChar                            0x080024ed   Thumb Code   154  oled.o(i.OLED_ShowChar)
    OLED_WRByte                              0x08002591   Thumb Code    34  oled.o(i.OLED_WRByte)
    Parameter_Init                           0x080025b5   Thumb Code   164  application.o(i.Parameter_Init)
    ParsePsx_Buf                             0x08002689   Thumb Code   552  app_ps2.o(i.ParsePsx_Buf)
    Parse_Action                             0x080028e5   Thumb Code   734  protocol.o(i.Parse_Action)
    Parse_Cmd                                0x08002c05   Thumb Code   932  protocol.o(i.Parse_Cmd)
    Parse_Group_Cmd                          0x080031e9   Thumb Code    88  protocol.o(i.Parse_Group_Cmd)
    PidInit                                  0x08003271   Thumb Code    52  servopid.o(i.PidInit)
    Ps2_Init                                 0x080032ad   Thumb Code   122  ps2.o(i.Ps2_Init)
    Ps2_Transfer                             0x08003331   Thumb Code   104  ps2.o(i.Ps2_Transfer)
    Ps2_WriteRead                            0x080033a1   Thumb Code   114  ps2.o(i.Ps2_WriteRead)
    PwmServoInit                             0x0800341d   Thumb Code   192  pwmservo.o(i.PwmServoInit)
    PwmServoStop                             0x080034ed   Thumb Code    88  pwmservo.o(i.PwmServoStop)
    PwmServo_DoingSet                        0x08003549   Thumb Code   242  pwmservo.o(i.PwmServo_DoingSet)
    PwmServo_IncOffset                       0x08003649   Thumb Code   176  pwmservo.o(i.PwmServo_IncOffset)
    PwmServo_PinSet                          0x080036fd   Thumb Code   116  pwmservo.o(i.PwmServo_PinSet)
    PwmServo_SetAngle                        0x08003775   Thumb Code   122  pwmservo.o(i.PwmServo_SetAngle)
    RCC_ADCCLKConfig                         0x080037fd   Thumb Code    18  stm32f10x_rcc.o(i.RCC_ADCCLKConfig)
    RCC_AHBPeriphClockCmd                    0x08003815   Thumb Code    26  stm32f10x_rcc.o(i.RCC_AHBPeriphClockCmd)
    RCC_APB1PeriphClockCmd                   0x08003835   Thumb Code    26  stm32f10x_rcc.o(i.RCC_APB1PeriphClockCmd)
    RCC_APB1PeriphResetCmd                   0x08003855   Thumb Code    26  stm32f10x_rcc.o(i.RCC_APB1PeriphResetCmd)
    RCC_APB2PeriphClockCmd                   0x08003875   Thumb Code    26  stm32f10x_rcc.o(i.RCC_APB2PeriphClockCmd)
    RCC_APB2PeriphResetCmd                   0x08003895   Thumb Code    26  stm32f10x_rcc.o(i.RCC_APB2PeriphResetCmd)
    RCC_DeInit                               0x080038b5   Thumb Code    64  stm32f10x_rcc.o(i.RCC_DeInit)
    RCC_GetClocksFreq                        0x08003901   Thumb Code   192  stm32f10x_rcc.o(i.RCC_GetClocksFreq)
    RCC_GetFlagStatus                        0x080039d5   Thumb Code    56  stm32f10x_rcc.o(i.RCC_GetFlagStatus)
    RCC_GetSYSCLKSource                      0x08003a11   Thumb Code    10  stm32f10x_rcc.o(i.RCC_GetSYSCLKSource)
    RCC_HCLKConfig                           0x08003a21   Thumb Code    18  stm32f10x_rcc.o(i.RCC_HCLKConfig)
    RCC_HSEConfig                            0x08003a39   Thumb Code    70  stm32f10x_rcc.o(i.RCC_HSEConfig)
    RCC_PCLK1Config                          0x08003a85   Thumb Code    18  stm32f10x_rcc.o(i.RCC_PCLK1Config)
    RCC_PCLK2Config                          0x08003a9d   Thumb Code    20  stm32f10x_rcc.o(i.RCC_PCLK2Config)
    RCC_PLLCmd                               0x08003ab5   Thumb Code     6  stm32f10x_rcc.o(i.RCC_PLLCmd)
    RCC_PLLConfig                            0x08003ac1   Thumb Code    24  stm32f10x_rcc.o(i.RCC_PLLConfig)
    RCC_SYSCLKConfig                         0x08003add   Thumb Code    18  stm32f10x_rcc.o(i.RCC_SYSCLKConfig)
    RCC_WaitForHSEStartUp                    0x08003af5   Thumb Code    56  stm32f10x_rcc.o(i.RCC_WaitForHSEStartUp)
    Rcc_Init                                 0x08003b2d   Thumb Code    94  rcc.o(i.Rcc_Init)
    Read                                     0x08003b8d   Thumb Code   102  soft_i2c.o(i.Read)
    Replace_Char                             0x08003bf9   Thumb Code    20  global.o(i.Replace_Char)
    Rewrite_Eeprom                           0x08003c0d   Thumb Code    22  protocol.o(i.Rewrite_Eeprom)
    SPI_Cmd                                  0x08003c2d   Thumb Code    24  stm32f10x_spi.o(i.SPI_Cmd)
    SPI_I2S_GetFlagStatus                    0x08003c45   Thumb Code    18  stm32f10x_spi.o(i.SPI_I2S_GetFlagStatus)
    SPI_I2S_ReceiveData                      0x08003c57   Thumb Code     6  stm32f10x_spi.o(i.SPI_I2S_ReceiveData)
    SPI_I2S_SendData                         0x08003c5d   Thumb Code     4  stm32f10x_spi.o(i.SPI_I2S_SendData)
    SPI_Init                                 0x08003c61   Thumb Code    60  stm32f10x_spi.o(i.SPI_Init)
    SWJGpio_Init                             0x08003c9d   Thumb Code    20  sys.o(i.SWJGpio_Init)
    Save_Action                              0x08003cb5   Thumb Code   244  protocol.o(i.Save_Action)
    Send                                     0x08003ddd   Thumb Code   114  soft_i2c.o(i.Send)
    Send_Ack                                 0x08003e55   Thumb Code   128  soft_i2c.o(i.Send_Ack)
    ServoState_Init                          0x08003ed9   Thumb Code    86  application.o(i.ServoState_Init)
    SetPrintfUart                            0x08003f39   Thumb Code     6  uart.o(i.SetPrintfUart)
    SoftI2C_init                             0x0800402d   Thumb Code    96  soft_i2c.o(i.SoftI2C_init)
    SoftI2C_read                             0x08004091   Thumb Code   118  soft_i2c.o(i.SoftI2C_read)
    SoftI2C_write                            0x08004107   Thumb Code    88  soft_i2c.o(i.SoftI2C_write)
    Soft_Reset                               0x08004161   Thumb Code    38  sys.o(i.Soft_Reset)
    SoundTouchTask                           0x08004191   Thumb Code   182  function.o(i.SoundTouchTask)
    Sound_Touch_Key_Init                     0x0800426d   Thumb Code    64  key.o(i.Sound_Touch_Key_Init)
    SpiFlash_Erase_Sector                    0x080042b1   Thumb Code    70  spi_flash.o(i.SpiFlash_Erase_Sector)
    SpiFlash_Init                            0x080042fd   Thumb Code   164  spi_flash.o(i.SpiFlash_Init)
    SpiFlash_Read                            0x080043b1   Thumb Code    84  spi_flash.o(i.SpiFlash_Read)
    SpiFlash_Read_SR                         0x08004409   Thumb Code    44  spi_flash.o(i.SpiFlash_Read_SR)
    SpiFlash_Wait_Busy                       0x08004439   Thumb Code    18  spi_flash.o(i.SpiFlash_Wait_Busy)
    SpiFlash_Write_Enable                    0x0800444d   Thumb Code    32  spi_flash.o(i.SpiFlash_Write_Enable)
    SpiFlash_Write_No_Check                  0x08004471   Thumb Code    70  spi_flash.o(i.SpiFlash_Write_No_Check)
    SpiFlash_Write_Page                      0x080044b9   Thumb Code   102  spi_flash.o(i.SpiFlash_Write_Page)
    SpiFlash_Write_S                         0x08004525   Thumb Code   176  spi_flash.o(i.SpiFlash_Write_S)
    Spi_SetSpeed                             0x080045d9   Thumb Code    26  spi_flash.o(i.Spi_SetSpeed)
    Spi_WriteRead                            0x080045fd   Thumb Code    78  spi_flash.o(i.Spi_WriteRead)
    Start                                    0x08004651   Thumb Code   106  soft_i2c.o(i.Start)
    Stop                                     0x080046c1   Thumb Code    88  soft_i2c.o(i.Stop)
    Str_Contain_Str                          0x0800471d   Thumb Code    74  global.o(i.Str_Contain_Str)
    SysTickInit                              0x08004769   Thumb Code    84  systick.o(i.SysTickInit)
    SysTick_Handler                          0x080047c9   Thumb Code    12  systick.o(i.SysTick_Handler)
    SystemInit                               0x080047d9   Thumb Code    78  system_stm32f10x.o(i.SystemInit)
    TIM1_Init                                0x08004839   Thumb Code    98  timer.o(i.TIM1_Init)
    TIM2_IRQHandler                          0x080048a1   Thumb Code   148  timer.o(i.TIM2_IRQHandler)
    TIM2_Init                                0x08004941   Thumb Code   102  timer.o(i.TIM2_Init)
    TIM_ARRPreloadConfig                     0x080049a7   Thumb Code    24  stm32f10x_tim.o(i.TIM_ARRPreloadConfig)
    TIM_ClearITPendingBit                    0x080049bf   Thumb Code     6  stm32f10x_tim.o(i.TIM_ClearITPendingBit)
    TIM_Cmd                                  0x080049c5   Thumb Code    24  stm32f10x_tim.o(i.TIM_Cmd)
    TIM_GetITStatus                          0x080049dd   Thumb Code    34  stm32f10x_tim.o(i.TIM_GetITStatus)
    TIM_ITConfig                             0x080049ff   Thumb Code    18  stm32f10x_tim.o(i.TIM_ITConfig)
    TIM_TimeBaseInit                         0x08004a11   Thumb Code   122  stm32f10x_tim.o(i.TIM_TimeBaseInit)
    USART1_IRQHandler                        0x08004ab5   Thumb Code    44  uart.o(i.USART1_IRQHandler)
    USART2_IRQHandler                        0x08004ae5   Thumb Code    44  uart.o(i.USART2_IRQHandler)
    USART3_IRQHandler                        0x08004b15   Thumb Code   114  uart.o(i.USART3_IRQHandler)
    USART_ClearITPendingBit                  0x08004b99   Thumb Code    30  stm32f10x_usart.o(i.USART_ClearITPendingBit)
    USART_Cmd                                0x08004bb7   Thumb Code    24  stm32f10x_usart.o(i.USART_Cmd)
    USART_DMACmd                             0x08004bcf   Thumb Code    18  stm32f10x_usart.o(i.USART_DMACmd)
    USART_DeInit                             0x08004be1   Thumb Code   134  stm32f10x_usart.o(i.USART_DeInit)
    USART_GetFlagStatus                      0x08004c7d   Thumb Code    26  stm32f10x_usart.o(i.USART_GetFlagStatus)
    USART_GetITStatus                        0x08004c97   Thumb Code    84  stm32f10x_usart.o(i.USART_GetITStatus)
    USART_HalfDuplexCmd                      0x08004ceb   Thumb Code    24  stm32f10x_usart.o(i.USART_HalfDuplexCmd)
    USART_ITConfig                           0x08004d03   Thumb Code    74  stm32f10x_usart.o(i.USART_ITConfig)
    USART_Init                               0x08004d4d   Thumb Code   210  stm32f10x_usart.o(i.USART_Init)
    USART_ReceiveData                        0x08004e25   Thumb Code    10  stm32f10x_usart.o(i.USART_ReceiveData)
    USART_SendData                           0x08004e2f   Thumb Code     8  stm32f10x_usart.o(i.USART_SendData)
    USTimer_Init                             0x08004e39   Thumb Code    44  ultrasonic.o(i.USTimer_Init)
    US_Init                                  0x08004e69   Thumb Code    62  ultrasonic.o(i.US_Init)
    Uart1_Init                               0x08004ead   Thumb Code   174  uart.o(i.Uart1_Init)
    Uart1_Print                              0x08004f65   Thumb Code    38  uart.o(i.Uart1_Print)
    Uart2_Init                               0x08004f91   Thumb Code   158  uart.o(i.Uart2_Init)
    Uart3_Init                               0x08005039   Thumb Code   248  uart.o(i.Uart3_Init)
    UartAll_Printf                           0x08005141   Thumb Code    48  uart.o(i.UartAll_Printf)
    Uart_DataParse                           0x08005175   Thumb Code   178  uart.o(i.Uart_DataParse)
    Uart_Init                                0x08005239   Thumb Code    28  application.o(i.Uart_Init)
    Wait_Ack                                 0x08005255   Thumb Code   148  soft_i2c.o(i.Wait_Ack)
    __0printf                                0x080052ed   Thumb Code    22  printfa.o(i.__0printf)
    __1printf                                0x080052ed   Thumb Code     0  printfa.o(i.__0printf)
    __2printf                                0x080052ed   Thumb Code     0  printfa.o(i.__0printf)
    __c89printf                              0x080052ed   Thumb Code     0  printfa.o(i.__0printf)
    printf                                   0x080052ed   Thumb Code     0  printfa.o(i.__0printf)
    __0sprintf                               0x0800530d   Thumb Code    34  printfa.o(i.__0sprintf)
    __1sprintf                               0x0800530d   Thumb Code     0  printfa.o(i.__0sprintf)
    __2sprintf                               0x0800530d   Thumb Code     0  printfa.o(i.__0sprintf)
    __c89sprintf                             0x0800530d   Thumb Code     0  printfa.o(i.__0sprintf)
    sprintf                                  0x0800530d   Thumb Code     0  printfa.o(i.__0sprintf)
    __ARM_fpclassify                         0x08005335   Thumb Code    40  fpclassify.o(i.__ARM_fpclassify)
    __ARM_fpclassifyf                        0x0800535d   Thumb Code    38  fpclassifyf.o(i.__ARM_fpclassifyf)
    __ieee754_rem_pio2                       0x08005385   Thumb Code   828  rred.o(i.__ieee754_rem_pio2)
    __kernel_cos                             0x0800570d   Thumb Code   230  cos_i.o(i.__kernel_cos)
    __kernel_poly                            0x08005809   Thumb Code   170  poly.o(i.__kernel_poly)
    __kernel_sin                             0x080058b5   Thumb Code   224  sin_i.o(i.__kernel_sin)
    __mathlib_dbl_infnan                     0x080059a1   Thumb Code     6  dunder.o(i.__mathlib_dbl_infnan)
    __mathlib_dbl_invalid                    0x080059a7   Thumb Code    12  dunder.o(i.__mathlib_dbl_invalid)
    __mathlib_dbl_underflow                  0x080059b5   Thumb Code    10  dunder.o(i.__mathlib_dbl_underflow)
    __mathlib_flt_infnan                     0x080059c5   Thumb Code     6  funder.o(i.__mathlib_flt_infnan)
    __mathlib_flt_infnan2                    0x080059cb   Thumb Code     4  funder.o(i.__mathlib_flt_infnan2)
    __mathlib_flt_invalid                    0x080059cf   Thumb Code     8  funder.o(i.__mathlib_flt_invalid)
    __mathlib_flt_underflow                  0x080059d7   Thumb Code    10  funder.o(i.__mathlib_flt_underflow)
    __mathlib_rredf2                         0x080059e1   Thumb Code   344  rredf.o(i.__mathlib_rredf2)
    __scatterload_copy                       0x08005b49   Thumb Code    14  handlers.o(i.__scatterload_copy)
    __scatterload_null                       0x08005b57   Thumb Code     2  handlers.o(i.__scatterload_null)
    __scatterload_zeroinit                   0x08005b59   Thumb Code    14  handlers.o(i.__scatterload_zeroinit)
    __set_errno                              0x08005b69   Thumb Code     6  errno.o(i.__set_errno)
    _is_digit                                0x08005cf9   Thumb Code    14  scanf_fp.o(i._is_digit)
    abs_float                                0x08006419   Thumb Code    24  global.o(i.abs_float)
    angle_to_PWM                             0x08006431   Thumb Code   220  protocol.o(i.angle_to_PWM)
    atan2f                                   0x08006521   Thumb Code   598  atan2f.o(i.atan2f)
    cos                                      0x080067c5   Thumb Code   148  cos.o(i.cos)
    cosf                                     0x08006861   Thumb Code   328  cosf.o(i.cosf)
    fmax                                     0x080069dd   Thumb Code    66  fmax.o(i.fmax)
    fmin                                     0x08006a1f   Thumb Code    66  fmin.o(i.fmin)
    fputc                                    0x08006a61   Thumb Code   102  uart.o(i.fputc)
    inverseKinematics                        0x08006ad9   Thumb Code  2142  kinematics.o(i.inverseKinematics)
    loop_Joystick_key                        0x08007371   Thumb Code   214  application.o(i.loop_Joystick_key)
    loop_app                                 0x08007471   Thumb Code    36  application.o(i.loop_app)
    loop_key                                 0x08007495   Thumb Code   174  application.o(i.loop_key)
    loop_oled                                0x08007569   Thumb Code   140  main.o(i.loop_oled)
    main                                     0x08007631   Thumb Code    16  main.o(i.main)
    setup_app                                0x08007641   Thumb Code   216  application.o(i.setup_app)
    setup_run_action                         0x08007781   Thumb Code    40  application.o(i.setup_run_action)
    sin                                      0x080077b1   Thumb Code   150  sin.o(i.sin)
    sinf                                     0x08007851   Thumb Code   338  sinf.o(i.sinf)
    sqrt                                     0x080079d9   Thumb Code    76  sqrt.o(i.sqrt)
    sqrtf                                    0x08007a25   Thumb Code    44  sqrtf.o(i.sqrtf)
    dh_params                                0x08007a80   Data          96  kinematics.o(.constdata)
    joint_limits                             0x08007ae0   Data          48  kinematics.o(.constdata)
    F6x8                                     0x08007b74   Data         552  oled.o(.constdata)
    F8X16                                    0x08007d9c   Data        1520  oled.o(.constdata)
    CN16_Msk                                 0x0800838c   Data         578  oled.o(.constdata)
    __ctype_categories                       0x08008710   Data          64  ctype_c.o(.constdata)
    Region$$Table$$Base                      0x08008ab8   Number         0  anon$$obj.o(Region$$Table)
    Region$$Table$$Limit                     0x08008ad8   Number         0  anon$$obj.o(Region$$Table)
    BMP                                      0x20000000   Data        1024  main.o(.data)
    SetMode                                  0x20000408   Data           1  application.o(.data)
    group_do_ok                              0x20000424   Data           1  action.o(.data)
    do_start_index                           0x20000428   Data           4  action.o(.data)
    do_time                                  0x2000042c   Data           4  action.o(.data)
    group_num_start                          0x20000430   Data           4  action.o(.data)
    group_num_end                            0x20000434   Data           4  action.o(.data)
    group_num_times                          0x20000438   Data           4  action.o(.data)
    action_time                              0x2000043c   Data           4  action.o(.data)
    pre_cmd_set_red                          0x20000444   Data          64  app_ps2.o(.data)
    pre_cmd_set_grn                          0x20000484   Data          64  app_ps2.o(.data)
    AI_mode                                  0x200004d2   Data           1  protocol.o(.data)
    fix_raio                                 0x200004f4   Data           4  pwmservo.o(.data)
    SW_Uart                                  0x200004f8   Data           1  uart.o(.data)
    Uart_ReceiveCount                        0x200004fa   Data           2  uart.o(.data)
    Uart_GetOK                               0x200004fc   Data           2  uart.o(.data)
    Uart_Mode                                0x200004fe   Data           1  uart.o(.data)
    GPIO_InitStructure                       0x20000502   Data           4  spi_flash.o(.data)
    SystemCoreClock                          0x20000510   Data           4  system_stm32f10x.o(.data)
    AHBPrescTable                            0x20000514   Data          16  system_stm32f10x.o(.data)
    __stdout                                 0x20000538   Data           4  stdout.o(.data)
    pwm_value                                0x20000540   Data          28  protocol.o(.bss)
    cmd_return                               0x2000055c   Data        1024  protocol.o(.bss)
    eeprom_info                              0x2000095c   Data         208  protocol.o(.bss)
    solutions                                0x20000a2c   Data          24  protocol.o(.bss)
    duoji_doing                              0x20000a44   Data         128  pwmservo.o(.bss)
    pid_doing                                0x20000ac4   Data          96  pwmservo.o(.bss)
    Uart_ReceiveBuf                          0x20000b24   Data        1024  uart.o(.bss)
    Uart3_DMA_RX_BUF                         0x20000f24   Data        1024  uart.o(.bss)
    psx_buf                                  0x20001324   Data           9  ps2.o(.bss)
    SPI_InitStructure                        0x2000132e   Data          18  spi_flash.o(.bss)
    W25Q_BUF                                 0x20001340   Data        4096  spi_flash.o(.bss)
    __initial_sp                             0x20002740   Data           0  startup_stm32f10x_md.o(STACK)



==============================================================================

Memory Map of the image

  Image Entry point : 0x080000ed

  Load Region LR_IROM1 (Base: 0x08000000, Size: 0x00009018, Max: 0x00010000, ABSOLUTE, COMPRESSED[0x00008c28])

    Execution Region ER_IROM1 (Exec base: 0x08000000, Load base: 0x08000000, Size: 0x00008ad8, Max: 0x00010000, ABSOLUTE)

    Exec Addr    Load Addr    Size         Type   Attr      Idx    E Section Name        Object

    0x08000000   0x08000000   0x000000ec   Data   RO         1318    RESET               startup_stm32f10x_md.o
    0x080000ec   0x080000ec   0x00000000   Code   RO         4384  * .ARM.Collect$$$$00000000  mc_w.l(entry.o)
    0x080000ec   0x080000ec   0x00000004   Code   RO         4743    .ARM.Collect$$$$00000001  mc_w.l(entry2.o)
    0x080000f0   0x080000f0   0x00000004   Code   RO         4746    .ARM.Collect$$$$00000004  mc_w.l(entry5.o)
    0x080000f4   0x080000f4   0x00000000   Code   RO         4748    .ARM.Collect$$$$00000008  mc_w.l(entry7b.o)
    0x080000f4   0x080000f4   0x00000000   Code   RO         4750    .ARM.Collect$$$$0000000A  mc_w.l(entry8b.o)
    0x080000f4   0x080000f4   0x00000008   Code   RO         4751    .ARM.Collect$$$$0000000B  mc_w.l(entry9a.o)
    0x080000fc   0x080000fc   0x00000004   Code   RO         4758    .ARM.Collect$$$$0000000E  mc_w.l(entry12b.o)
    0x08000100   0x08000100   0x00000000   Code   RO         4753    .ARM.Collect$$$$0000000F  mc_w.l(entry10a.o)
    0x08000100   0x08000100   0x00000000   Code   RO         4755    .ARM.Collect$$$$00000011  mc_w.l(entry11a.o)
    0x08000100   0x08000100   0x00000004   Code   RO         4744    .ARM.Collect$$$$00002712  mc_w.l(entry2.o)
    0x08000104   0x08000104   0x00000024   Code   RO         1319    .text               startup_stm32f10x_md.o
    0x08000128   0x08000128   0x00000024   Code   RO         4387    .text               mc_w.l(memcpya.o)
    0x0800014c   0x0800014c   0x00000024   Code   RO         4389    .text               mc_w.l(memseta.o)
    0x08000170   0x08000170   0x0000000e   Code   RO         4391    .text               mc_w.l(strlen.o)
    0x0800017e   0x0800017e   0x00000012   Code   RO         4393    .text               mc_w.l(strcpy.o)
    0x08000190   0x08000190   0x00000038   Code   RO         4658    .text               mc_w.l(__0sscanf.o)
    0x080001c8   0x080001c8   0x0000014c   Code   RO         4660    .text               mc_w.l(_scanf_int.o)
    0x08000314   0x08000314   0x00000360   Code   RO         4662    .text               mc_w.l(scanf_fp.o)
    0x08000674   0x08000674   0x000000b0   Code   RO         4666    .text               mf_w.l(fadd.o)
    0x08000724   0x08000724   0x00000064   Code   RO         4668    .text               mf_w.l(fmul.o)
    0x08000788   0x08000788   0x0000007c   Code   RO         4670    .text               mf_w.l(fdiv.o)
    0x08000804   0x08000804   0x0000014e   Code   RO         4672    .text               mf_w.l(dadd.o)
    0x08000952   0x08000952   0x000000e4   Code   RO         4674    .text               mf_w.l(dmul.o)
    0x08000a36   0x08000a36   0x000000de   Code   RO         4676    .text               mf_w.l(ddiv.o)
    0x08000b14   0x08000b14   0x00000012   Code   RO         4678    .text               mf_w.l(fflti.o)
    0x08000b26   0x08000b26   0x0000000a   Code   RO         4680    .text               mf_w.l(ffltui.o)
    0x08000b30   0x08000b30   0x0000001a   Code   RO         4682    .text               mf_w.l(dfltui.o)
    0x08000b4a   0x08000b4a   0x00000032   Code   RO         4684    .text               mf_w.l(ffixi.o)
    0x08000b7c   0x08000b7c   0x00000028   Code   RO         4686    .text               mf_w.l(ffixui.o)
    0x08000ba4   0x08000ba4   0x00000026   Code   RO         4688    .text               mf_w.l(f2d.o)
    0x08000bca   0x08000bca   0x00000038   Code   RO         4690    .text               mf_w.l(d2f.o)
    0x08000c02   0x08000c02   0x00000002   PAD
    0x08000c04   0x08000c04   0x00000014   Code   RO         4692    .text               mf_w.l(cfcmple.o)
    0x08000c18   0x08000c18   0x00000014   Code   RO         4694    .text               mf_w.l(cfrcmple.o)
    0x08000c2c   0x08000c2c   0x0000002c   Code   RO         4760    .text               mc_w.l(uidiv.o)
    0x08000c58   0x08000c58   0x00000062   Code   RO         4762    .text               mc_w.l(uldiv.o)
    0x08000cba   0x08000cba   0x0000001e   Code   RO         4764    .text               mc_w.l(llshl.o)
    0x08000cd8   0x08000cd8   0x00000024   Code   RO         4766    .text               mc_w.l(llsshr.o)
    0x08000cfc   0x08000cfc   0x0000001c   Code   RO         4775    .text               mc_w.l(_chval.o)
    0x08000d18   0x08000d18   0x00000028   Code   RO         4777    .text               mc_w.l(scanf_char.o)
    0x08000d40   0x08000d40   0x00000040   Code   RO         4779    .text               mc_w.l(_sgetc.o)
    0x08000d80   0x08000d80   0x00000000   Code   RO         4781    .text               mc_w.l(iusefp.o)
    0x08000d80   0x08000d80   0x0000006e   Code   RO         4782    .text               mf_w.l(fepilogue.o)
    0x08000dee   0x08000dee   0x0000005e   Code   RO         4784    .text               mf_w.l(fsqrt.o)
    0x08000e4c   0x08000e4c   0x0000003c   Code   RO         4786    .text               mf_w.l(frnd.o)
    0x08000e88   0x08000e88   0x000000ba   Code   RO         4788    .text               mf_w.l(depilogue.o)
    0x08000f42   0x08000f42   0x000000a2   Code   RO         4790    .text               mf_w.l(dsqrt.o)
    0x08000fe4   0x08000fe4   0x00000018   Code   RO         4792    .text               mf_w.l(dfltul.o)
    0x08000ffc   0x08000ffc   0x00000030   Code   RO         4794    .text               mf_w.l(dfixul.o)
    0x0800102c   0x0800102c   0x00000030   Code   RO         4798    .text               mf_w.l(cdrcmple.o)
    0x0800105c   0x0800105c   0x00000060   Code   RO         4800    .text               mf_w.l(dcmp4.o)
    0x080010bc   0x080010bc   0x00000024   Code   RO         4806    .text               mc_w.l(init.o)
    0x080010e0   0x080010e0   0x00000020   Code   RO         4808    .text               mc_w.l(llushr.o)
    0x08001100   0x08001100   0x0000000a   Code   RO         4810    .text               mc_w.l(isspace_c.o)
    0x0800110a   0x0800110a   0x00000002   PAD
    0x0800110c   0x0800110c   0x00000330   Code   RO         4812    .text               mc_w.l(_scanf.o)
    0x0800143c   0x0800143c   0x00000018   Code   RO         4814    .text               mf_w.l(fscalb.o)
    0x08001454   0x08001454   0x0000002e   Code   RO         4816    .text               mf_w.l(dscalb.o)
    0x08001482   0x08001482   0x00000022   Code   RO         4818    .text               mf_w.l(dflti.o)
    0x080014a4   0x080014a4   0x0000003e   Code   RO         4820    .text               mf_w.l(dfixi.o)
    0x080014e2   0x080014e2   0x00000002   PAD
    0x080014e4   0x080014e4   0x00000028   Code   RO         4822    .text               mc_w.l(ctype_c.o)
    0x0800150c   0x0800150c   0x00000056   Code   RO         4833    .text               mc_w.l(__dczerorl2.o)
    0x08001562   0x08001562   0x00000016   Code   RO         1399    i.ADC_Cmd           stm32f10x_adc.o
    0x08001578   0x08001578   0x00000014   Code   RO         1407    i.ADC_GetCalibrationStatus  stm32f10x_adc.o
    0x0800158c   0x0800158c   0x00000008   Code   RO         1408    i.ADC_GetConversionValue  stm32f10x_adc.o
    0x08001594   0x08001594   0x00000012   Code   RO         1410    i.ADC_GetFlagStatus  stm32f10x_adc.o
    0x080015a6   0x080015a6   0x00000014   Code   RO         1413    i.ADC_GetResetCalibrationStatus  stm32f10x_adc.o
    0x080015ba   0x080015ba   0x00000002   PAD
    0x080015bc   0x080015bc   0x00000050   Code   RO         1417    i.ADC_Init          stm32f10x_adc.o
    0x0800160c   0x0800160c   0x00000098   Code   RO          723    i.ADC_Joystick_Init  joystick.o
    0x080016a4   0x080016a4   0x000000b8   Code   RO         1421    i.ADC_RegularChannelConfig  stm32f10x_adc.o
    0x0800175c   0x0800175c   0x0000000a   Code   RO         1422    i.ADC_ResetCalibration  stm32f10x_adc.o
    0x08001766   0x08001766   0x00000016   Code   RO         1424    i.ADC_SoftwareStartConvCmd  stm32f10x_adc.o
    0x0800177c   0x0800177c   0x0000000a   Code   RO         1426    i.ADC_StartCalibration  stm32f10x_adc.o
    0x08001786   0x08001786   0x00000002   PAD
    0x08001788   0x08001788   0x00000060   Code   RO          414    i.AppPs2Run         app_ps2.o
    0x080017e8   0x080017e8   0x00000034   Code   RO          899    i.Buzzer_Init       beep.o
    0x0800181c   0x0800181c   0x00000034   Code   RO          283    i.Buzzer_times      application.o
    0x08001850   0x08001850   0x00000088   Code   RO          564    i.ColorTask         function.o
    0x080018d8   0x080018d8   0x00000018   Code   RO         2084    i.DMA_Cmd           stm32f10x_dma.o
    0x080018f0   0x080018f0   0x0000014c   Code   RO         2085    i.DMA_DeInit        stm32f10x_dma.o
    0x08001a3c   0x08001a3c   0x00000008   Code   RO         2086    i.DMA_GetCurrDataCounter  stm32f10x_dma.o
    0x08001a44   0x08001a44   0x0000003c   Code   RO         2090    i.DMA_Init          stm32f10x_dma.o
    0x08001a80   0x08001a80   0x00000004   Code   RO         2091    i.DMA_SetCurrDataCounter  stm32f10x_dma.o
    0x08001a84   0x08001a84   0x00000020   Code   RO         1226    i.Delay_ms          systick.o
    0x08001aa4   0x08001aa4   0x00000028   Code   RO         1228    i.Delay_us          systick.o
    0x08001acc   0x08001acc   0x00000034   Code   RO          368    i.DoGroup_Once      action.o
    0x08001b00   0x08001b00   0x00000116   Code   RO         2508    i.GPIO_Init         stm32f10x_gpio.o
    0x08001c16   0x08001c16   0x00000002   PAD
    0x08001c18   0x08001c18   0x00000090   Code   RO         2510    i.GPIO_PinRemapConfig  stm32f10x_gpio.o
    0x08001ca8   0x08001ca8   0x00000012   Code   RO         2512    i.GPIO_ReadInputDataBit  stm32f10x_gpio.o
    0x08001cba   0x08001cba   0x00000012   Code   RO         2514    i.GPIO_ReadOutputDataBit  stm32f10x_gpio.o
    0x08001ccc   0x08001ccc   0x00000004   Code   RO         2515    i.GPIO_ResetBits    stm32f10x_gpio.o
    0x08001cd0   0x08001cd0   0x00000004   Code   RO         2516    i.GPIO_SetBits      stm32f10x_gpio.o
    0x08001cd4   0x08001cd4   0x0000000a   Code   RO         2519    i.GPIO_WriteBit     stm32f10x_gpio.o
    0x08001cde   0x08001cde   0x0000001c   Code   RO          705    i.GY33T_Read        gy33t.o
    0x08001cfa   0x08001cfa   0x00000014   Code   RO          706    i.GY33T_Write_Byte  gy33t.o
    0x08001d0e   0x08001d0e   0x0000005c   Code   RO          369    i.GetMaxTime        action.o
    0x08001d6a   0x08001d6a   0x00000002   PAD
    0x08001d6c   0x08001d6c   0x0000004c   Code   RO          724    i.Get_Adc_Joystick_Value  joystick.o
    0x08001db8   0x08001db8   0x0000004c   Code   RO          725    i.Get_Joystick_Percentage_value  joystick.o
    0x08001e04   0x08001e04   0x0000003e   Code   RO          726    i.JoystickStatus    joystick.o
    0x08001e42   0x08001e42   0x00000002   PAD
    0x08001e44   0x08001e44   0x00000164   Code   RO          565    i.JoystickTask      function.o
    0x08001fa8   0x08001fa8   0x00000028   Code   RO          727    i.Joystick_Key_Init  joystick.o
    0x08001fd0   0x08001fd0   0x00000038   Code   RO          728    i.Joystick_LED_Init  joystick.o
    0x08002008   0x08002008   0x00000024   Code   RO          911    i.Key_Init          key.o
    0x0800202c   0x0800202c   0x00000038   Code   RO          942    i.LED_Init          led.o
    0x08002064   0x08002064   0x00000044   Code   RO          284    i.Led_Blink         application.o
    0x080020a8   0x080020a8   0x00000058   Code   RO          285    i.LoopMode          application.o
    0x08002100   0x08002100   0x000000ec   Code   RO          370    i.Loop_Action       action.o
    0x080021ec   0x080021ec   0x00000060   Code   RO          286    i.Loop_Uart         application.o
    0x0800224c   0x0800224c   0x0000000c   Code   RO         1229    i.Millis            systick.o
    0x08002258   0x08002258   0x00000070   Code   RO         1357    i.NVIC_Init         misc.o
    0x080022c8   0x080022c8   0x00000040   Code   RO          591    i.OLED_Clear        oled.o
    0x08002308   0x08002308   0x000000e2   Code   RO          596    i.OLED_Init         oled.o
    0x080023ea   0x080023ea   0x00000002   PAD
    0x080023ec   0x080023ec   0x000000d4   Code   RO          598    i.OLED_Print        oled.o
    0x080024c0   0x080024c0   0x0000002a   Code   RO          599    i.OLED_SetPos       oled.o
    0x080024ea   0x080024ea   0x00000002   PAD
    0x080024ec   0x080024ec   0x000000a4   Code   RO          600    i.OLED_ShowChar     oled.o
    0x08002590   0x08002590   0x00000022   Code   RO          603    i.OLED_WRByte       oled.o
    0x080025b2   0x080025b2   0x00000002   PAD
    0x080025b4   0x080025b4   0x000000d4   Code   RO          287    i.Parameter_Init    application.o
    0x08002688   0x08002688   0x0000025c   Code   RO          415    i.ParsePsx_Buf      app_ps2.o
    0x080028e4   0x080028e4   0x00000320   Code   RO          453    i.Parse_Action      protocol.o
    0x08002c04   0x08002c04   0x000005e4   Code   RO          454    i.Parse_Cmd         protocol.o
    0x080031e8   0x080031e8   0x00000088   Code   RO          455    i.Parse_Group_Cmd   protocol.o
    0x08003270   0x08003270   0x0000003c   Code   RO          515    i.PidInit           servopid.o
    0x080032ac   0x080032ac   0x00000084   Code   RO          954    i.Ps2_Init          ps2.o
    0x08003330   0x08003330   0x00000070   Code   RO          955    i.Ps2_Transfer      ps2.o
    0x080033a0   0x080033a0   0x0000007c   Code   RO          956    i.Ps2_WriteRead     ps2.o
    0x0800341c   0x0800341c   0x000000d0   Code   RO          765    i.PwmServoInit      pwmservo.o
    0x080034ec   0x080034ec   0x0000005c   Code   RO          766    i.PwmServoStop      pwmservo.o
    0x08003548   0x08003548   0x00000100   Code   RO          768    i.PwmServo_DoingSet  pwmservo.o
    0x08003648   0x08003648   0x000000b4   Code   RO          769    i.PwmServo_IncOffset  pwmservo.o
    0x080036fc   0x080036fc   0x00000078   Code   RO          770    i.PwmServo_PinSet   pwmservo.o
    0x08003774   0x08003774   0x00000088   Code   RO          771    i.PwmServo_SetAngle  pwmservo.o
    0x080037fc   0x080037fc   0x00000018   Code   RO         2922    i.RCC_ADCCLKConfig  stm32f10x_rcc.o
    0x08003814   0x08003814   0x00000020   Code   RO         2923    i.RCC_AHBPeriphClockCmd  stm32f10x_rcc.o
    0x08003834   0x08003834   0x00000020   Code   RO         2924    i.RCC_APB1PeriphClockCmd  stm32f10x_rcc.o
    0x08003854   0x08003854   0x00000020   Code   RO         2925    i.RCC_APB1PeriphResetCmd  stm32f10x_rcc.o
    0x08003874   0x08003874   0x00000020   Code   RO         2926    i.RCC_APB2PeriphClockCmd  stm32f10x_rcc.o
    0x08003894   0x08003894   0x00000020   Code   RO         2927    i.RCC_APB2PeriphResetCmd  stm32f10x_rcc.o
    0x080038b4   0x080038b4   0x0000004c   Code   RO         2933    i.RCC_DeInit        stm32f10x_rcc.o
    0x08003900   0x08003900   0x000000d4   Code   RO         2934    i.RCC_GetClocksFreq  stm32f10x_rcc.o
    0x080039d4   0x080039d4   0x0000003c   Code   RO         2935    i.RCC_GetFlagStatus  stm32f10x_rcc.o
    0x08003a10   0x08003a10   0x00000010   Code   RO         2937    i.RCC_GetSYSCLKSource  stm32f10x_rcc.o
    0x08003a20   0x08003a20   0x00000018   Code   RO         2938    i.RCC_HCLKConfig    stm32f10x_rcc.o
    0x08003a38   0x08003a38   0x0000004c   Code   RO         2939    i.RCC_HSEConfig     stm32f10x_rcc.o
    0x08003a84   0x08003a84   0x00000018   Code   RO         2945    i.RCC_PCLK1Config   stm32f10x_rcc.o
    0x08003a9c   0x08003a9c   0x00000018   Code   RO         2946    i.RCC_PCLK2Config   stm32f10x_rcc.o
    0x08003ab4   0x08003ab4   0x0000000c   Code   RO         2947    i.RCC_PLLCmd        stm32f10x_rcc.o
    0x08003ac0   0x08003ac0   0x0000001c   Code   RO         2948    i.RCC_PLLConfig     stm32f10x_rcc.o
    0x08003adc   0x08003adc   0x00000018   Code   RO         2951    i.RCC_SYSCLKConfig  stm32f10x_rcc.o
    0x08003af4   0x08003af4   0x00000038   Code   RO         2953    i.RCC_WaitForHSEStartUp  stm32f10x_rcc.o
    0x08003b2c   0x08003b2c   0x0000005e   Code   RO         1186    i.Rcc_Init          rcc.o
    0x08003b8a   0x08003b8a   0x00000002   PAD
    0x08003b8c   0x08003b8c   0x0000006c   Code   RO         1120    i.Read              soft_i2c.o
    0x08003bf8   0x08003bf8   0x00000014   Code   RO          213    i.Replace_Char      global.o
    0x08003c0c   0x08003c0c   0x00000020   Code   RO          456    i.Rewrite_Eeprom    protocol.o
    0x08003c2c   0x08003c2c   0x00000018   Code   RO         3403    i.SPI_Cmd           stm32f10x_spi.o
    0x08003c44   0x08003c44   0x00000012   Code   RO         3411    i.SPI_I2S_GetFlagStatus  stm32f10x_spi.o
    0x08003c56   0x08003c56   0x00000006   Code   RO         3414    i.SPI_I2S_ReceiveData  stm32f10x_spi.o
    0x08003c5c   0x08003c5c   0x00000004   Code   RO         3415    i.SPI_I2S_SendData  stm32f10x_spi.o
    0x08003c60   0x08003c60   0x0000003c   Code   RO         3416    i.SPI_Init          stm32f10x_spi.o
    0x08003c9c   0x08003c9c   0x00000018   Code   RO         1199    i.SWJGpio_Init      sys.o
    0x08003cb4   0x08003cb4   0x00000128   Code   RO          457    i.Save_Action       protocol.o
    0x08003ddc   0x08003ddc   0x00000078   Code   RO         1121    i.Send              soft_i2c.o
    0x08003e54   0x08003e54   0x00000084   Code   RO         1122    i.Send_Ack          soft_i2c.o
    0x08003ed8   0x08003ed8   0x00000060   Code   RO          288    i.ServoState_Init   application.o
    0x08003f38   0x08003f38   0x0000000c   Code   RO          820    i.SetPrintfUart     uart.o
    0x08003f44   0x08003f44   0x00000008   Code   RO         1323    i.SetSysClock       system_stm32f10x.o
    0x08003f4c   0x08003f4c   0x000000e0   Code   RO         1324    i.SetSysClockTo72   system_stm32f10x.o
    0x0800402c   0x0800402c   0x00000064   Code   RO         1123    i.SoftI2C_init      soft_i2c.o
    0x08004090   0x08004090   0x00000076   Code   RO         1124    i.SoftI2C_read      soft_i2c.o
    0x08004106   0x08004106   0x00000058   Code   RO         1125    i.SoftI2C_write     soft_i2c.o
    0x0800415e   0x0800415e   0x00000002   PAD
    0x08004160   0x08004160   0x00000030   Code   RO         1200    i.Soft_Reset        sys.o
    0x08004190   0x08004190   0x000000dc   Code   RO          566    i.SoundTouchTask    function.o
    0x0800426c   0x0800426c   0x00000044   Code   RO          913    i.Sound_Touch_Key_Init  key.o
    0x080042b0   0x080042b0   0x0000004c   Code   RO          985    i.SpiFlash_Erase_Sector  spi_flash.o
    0x080042fc   0x080042fc   0x000000b4   Code   RO          986    i.SpiFlash_Init     spi_flash.o
    0x080043b0   0x080043b0   0x00000058   Code   RO          988    i.SpiFlash_Read     spi_flash.o
    0x08004408   0x08004408   0x00000030   Code   RO          991    i.SpiFlash_Read_SR  spi_flash.o
    0x08004438   0x08004438   0x00000012   Code   RO          992    i.SpiFlash_Wait_Busy  spi_flash.o
    0x0800444a   0x0800444a   0x00000002   PAD
    0x0800444c   0x0800444c   0x00000024   Code   RO          995    i.SpiFlash_Write_Enable  spi_flash.o
    0x08004470   0x08004470   0x00000046   Code   RO          996    i.SpiFlash_Write_No_Check  spi_flash.o
    0x080044b6   0x080044b6   0x00000002   PAD
    0x080044b8   0x080044b8   0x0000006c   Code   RO          997    i.SpiFlash_Write_Page  spi_flash.o
    0x08004524   0x08004524   0x000000b4   Code   RO          998    i.SpiFlash_Write_S  spi_flash.o
    0x080045d8   0x080045d8   0x00000024   Code   RO         1003    i.Spi_SetSpeed      spi_flash.o
    0x080045fc   0x080045fc   0x00000054   Code   RO         1004    i.Spi_WriteRead     spi_flash.o
    0x08004650   0x08004650   0x00000070   Code   RO         1127    i.Start             soft_i2c.o
    0x080046c0   0x080046c0   0x0000005c   Code   RO         1128    i.Stop              soft_i2c.o
    0x0800471c   0x0800471c   0x0000004a   Code   RO          215    i.Str_Contain_Str   global.o
    0x08004766   0x08004766   0x00000002   PAD
    0x08004768   0x08004768   0x00000060   Code   RO         1230    i.SysTickInit       systick.o
    0x080047c8   0x080047c8   0x00000010   Code   RO         1231    i.SysTick_Handler   systick.o
    0x080047d8   0x080047d8   0x00000060   Code   RO         1326    i.SystemInit        system_stm32f10x.o
    0x08004838   0x08004838   0x00000068   Code   RO         1275    i.TIM1_Init         timer.o
    0x080048a0   0x080048a0   0x000000a0   Code   RO         1276    i.TIM2_IRQHandler   timer.o
    0x08004940   0x08004940   0x00000066   Code   RO         1277    i.TIM2_Init         timer.o
    0x080049a6   0x080049a6   0x00000018   Code   RO         3546    i.TIM_ARRPreloadConfig  stm32f10x_tim.o
    0x080049be   0x080049be   0x00000006   Code   RO         3553    i.TIM_ClearITPendingBit  stm32f10x_tim.o
    0x080049c4   0x080049c4   0x00000018   Code   RO         3558    i.TIM_Cmd           stm32f10x_tim.o
    0x080049dc   0x080049dc   0x00000022   Code   RO         3579    i.TIM_GetITStatus   stm32f10x_tim.o
    0x080049fe   0x080049fe   0x00000012   Code   RO         3583    i.TIM_ITConfig      stm32f10x_tim.o
    0x08004a10   0x08004a10   0x000000a4   Code   RO         3629    i.TIM_TimeBaseInit  stm32f10x_tim.o
    0x08004ab4   0x08004ab4   0x00000030   Code   RO          821    i.USART1_IRQHandler  uart.o
    0x08004ae4   0x08004ae4   0x00000030   Code   RO          822    i.USART2_IRQHandler  uart.o
    0x08004b14   0x08004b14   0x00000084   Code   RO          823    i.USART3_IRQHandler  uart.o
    0x08004b98   0x08004b98   0x0000001e   Code   RO         4091    i.USART_ClearITPendingBit  stm32f10x_usart.o
    0x08004bb6   0x08004bb6   0x00000018   Code   RO         4094    i.USART_Cmd         stm32f10x_usart.o
    0x08004bce   0x08004bce   0x00000012   Code   RO         4095    i.USART_DMACmd      stm32f10x_usart.o
    0x08004be0   0x08004be0   0x0000009c   Code   RO         4096    i.USART_DeInit      stm32f10x_usart.o
    0x08004c7c   0x08004c7c   0x0000001a   Code   RO         4097    i.USART_GetFlagStatus  stm32f10x_usart.o
    0x08004c96   0x08004c96   0x00000054   Code   RO         4098    i.USART_GetITStatus  stm32f10x_usart.o
    0x08004cea   0x08004cea   0x00000018   Code   RO         4099    i.USART_HalfDuplexCmd  stm32f10x_usart.o
    0x08004d02   0x08004d02   0x0000004a   Code   RO         4100    i.USART_ITConfig    stm32f10x_usart.o
    0x08004d4c   0x08004d4c   0x000000d8   Code   RO         4101    i.USART_Init        stm32f10x_usart.o
    0x08004e24   0x08004e24   0x0000000a   Code   RO         4108    i.USART_ReceiveData  stm32f10x_usart.o
    0x08004e2e   0x08004e2e   0x00000008   Code   RO         4111    i.USART_SendData    stm32f10x_usart.o
    0x08004e36   0x08004e36   0x00000002   PAD
    0x08004e38   0x08004e38   0x00000030   Code   RO          681    i.USTimer_Init      ultrasonic.o
    0x08004e68   0x08004e68   0x00000044   Code   RO          683    i.US_Init           ultrasonic.o
    0x08004eac   0x08004eac   0x000000b8   Code   RO          824    i.Uart1_Init        uart.o
    0x08004f64   0x08004f64   0x0000002c   Code   RO          825    i.Uart1_Print       uart.o
    0x08004f90   0x08004f90   0x000000a8   Code   RO          826    i.Uart2_Init        uart.o
    0x08005038   0x08005038   0x00000108   Code   RO          827    i.Uart3_Init        uart.o
    0x08005140   0x08005140   0x00000034   Code   RO          828    i.UartAll_Printf    uart.o
    0x08005174   0x08005174   0x000000c4   Code   RO          829    i.Uart_DataParse    uart.o
    0x08005238   0x08005238   0x0000001c   Code   RO          289    i.Uart_Init         application.o
    0x08005254   0x08005254   0x00000098   Code   RO         1129    i.Wait_Ack          soft_i2c.o
    0x080052ec   0x080052ec   0x00000020   Code   RO         4630    i.__0printf         mc_w.l(printfa.o)
    0x0800530c   0x0800530c   0x00000028   Code   RO         4632    i.__0sprintf        mc_w.l(printfa.o)
    0x08005334   0x08005334   0x00000028   Code   RO         4802    i.__ARM_fpclassify  m_ws.l(fpclassify.o)
    0x0800535c   0x0800535c   0x00000026   Code   RO         4713    i.__ARM_fpclassifyf  m_ws.l(fpclassifyf.o)
    0x08005382   0x08005382   0x00000002   PAD
    0x08005384   0x08005384   0x00000388   Code   RO         4729    i.__ieee754_rem_pio2  m_ws.l(rred.o)
    0x0800570c   0x0800570c   0x000000fc   Code   RO         4696    i.__kernel_cos      m_ws.l(cos_i.o)
    0x08005808   0x08005808   0x000000aa   Code   RO         4804    i.__kernel_poly     m_ws.l(poly.o)
    0x080058b2   0x080058b2   0x00000002   PAD
    0x080058b4   0x080058b4   0x000000ec   Code   RO         4737    i.__kernel_sin      m_ws.l(sin_i.o)
    0x080059a0   0x080059a0   0x00000006   Code   RO         4700    i.__mathlib_dbl_infnan  m_ws.l(dunder.o)
    0x080059a6   0x080059a6   0x0000000c   Code   RO         4702    i.__mathlib_dbl_invalid  m_ws.l(dunder.o)
    0x080059b2   0x080059b2   0x00000002   PAD
    0x080059b4   0x080059b4   0x00000010   Code   RO         4705    i.__mathlib_dbl_underflow  m_ws.l(dunder.o)
    0x080059c4   0x080059c4   0x00000006   Code   RO         4716    i.__mathlib_flt_infnan  m_ws.l(funder.o)
    0x080059ca   0x080059ca   0x00000004   Code   RO         4717    i.__mathlib_flt_infnan2  m_ws.l(funder.o)
    0x080059ce   0x080059ce   0x00000008   Code   RO         4718    i.__mathlib_flt_invalid  m_ws.l(funder.o)
    0x080059d6   0x080059d6   0x0000000a   Code   RO         4721    i.__mathlib_flt_underflow  m_ws.l(funder.o)
    0x080059e0   0x080059e0   0x00000168   Code   RO         4734    i.__mathlib_rredf2  m_ws.l(rredf.o)
    0x08005b48   0x08005b48   0x0000000e   Code   RO         4827    i.__scatterload_copy  mc_w.l(handlers.o)
    0x08005b56   0x08005b56   0x00000002   Code   RO         4828    i.__scatterload_null  mc_w.l(handlers.o)
    0x08005b58   0x08005b58   0x0000000e   Code   RO         4829    i.__scatterload_zeroinit  mc_w.l(handlers.o)
    0x08005b66   0x08005b66   0x00000002   PAD
    0x08005b68   0x08005b68   0x0000000c   Code   RO         4770    i.__set_errno       mc_w.l(errno.o)
    0x08005b74   0x08005b74   0x00000184   Code   RO         4637    i._fp_digits        mc_w.l(printfa.o)
    0x08005cf8   0x08005cf8   0x0000000e   Code   RO         4664    i._is_digit         mc_w.l(scanf_fp.o)
    0x08005d06   0x08005d06   0x00000002   PAD
    0x08005d08   0x08005d08   0x000006b4   Code   RO         4638    i._printf_core      mc_w.l(printfa.o)
    0x080063bc   0x080063bc   0x00000024   Code   RO         4639    i._printf_post_padding  mc_w.l(printfa.o)
    0x080063e0   0x080063e0   0x0000002e   Code   RO         4640    i._printf_pre_padding  mc_w.l(printfa.o)
    0x0800640e   0x0800640e   0x0000000a   Code   RO         4642    i._sputc            mc_w.l(printfa.o)
    0x08006418   0x08006418   0x00000018   Code   RO          216    i.abs_float         global.o
    0x08006430   0x08006430   0x000000f0   Code   RO          458    i.angle_to_PWM      protocol.o
    0x08006520   0x08006520   0x000002a4   Code   RO         4325    i.atan2f            m_ws.l(atan2f.o)
    0x080067c4   0x080067c4   0x0000009c   Code   RO         4333    i.cos               m_ws.l(cos.o)
    0x08006860   0x08006860   0x0000017c   Code   RO         4341    i.cosf              m_ws.l(cosf.o)
    0x080069dc   0x080069dc   0x00000042   Code   RO         4348    i.fmax              m_ws.l(fmax.o)
    0x08006a1e   0x08006a1e   0x00000042   Code   RO         4382    i.fmin              m_ws.l(fmin.o)
    0x08006a60   0x08006a60   0x00000078   Code   RO          830    i.fputc             uart.o
    0x08006ad8   0x08006ad8   0x00000898   Code   RO          542    i.inverseKinematics  kinematics.o
    0x08007370   0x08007370   0x00000100   Code   RO          290    i.loop_Joystick_key  application.o
    0x08007470   0x08007470   0x00000024   Code   RO          291    i.loop_app          application.o
    0x08007494   0x08007494   0x000000d4   Code   RO          292    i.loop_key          application.o
    0x08007568   0x08007568   0x000000c8   Code   RO            1    i.loop_oled         main.o
    0x08007630   0x08007630   0x00000010   Code   RO            2    i.main              main.o
    0x08007640   0x08007640   0x00000140   Code   RO          293    i.setup_app         application.o
    0x08007780   0x08007780   0x00000030   Code   RO          294    i.setup_run_action  application.o
    0x080077b0   0x080077b0   0x000000a0   Code   RO         4351    i.sin               m_ws.l(sin.o)
    0x08007850   0x08007850   0x00000188   Code   RO         4359    i.sinf              m_ws.l(sinf.o)
    0x080079d8   0x080079d8   0x0000004c   Code   RO         4367    i.sqrt              m_ws.l(sqrt.o)
    0x08007a24   0x08007a24   0x0000002c   Code   RO         4375    i.sqrtf             m_ws.l(sqrtf.o)
    0x08007a50   0x08007a50   0x00000018   Data   RO          295    .constdata          application.o
    0x08007a68   0x08007a68   0x00000018   Data   RO          460    .constdata          protocol.o
    0x08007a80   0x08007a80   0x00000090   Data   RO          543    .constdata          kinematics.o
    0x08007b10   0x08007b10   0x00000063   Data   RO          567    .constdata          function.o
    0x08007b73   0x08007b73   0x00000001   PAD
    0x08007b74   0x08007b74   0x00000a5a   Data   RO          604    .constdata          oled.o
    0x080085ce   0x080085ce   0x00000002   PAD
    0x080085d0   0x080085d0   0x00000030   Data   RO         4697    .constdata          m_ws.l(cos_i.o)
    0x08008600   0x08008600   0x000000c8   Data   RO         4731    .constdata          m_ws.l(rred.o)
    0x080086c8   0x080086c8   0x00000020   Data   RO         4735    .constdata          m_ws.l(rredf.o)
    0x080086e8   0x080086e8   0x00000028   Data   RO         4738    .constdata          m_ws.l(sin_i.o)
    0x08008710   0x08008710   0x00000040   Data   RO         4823    .constdata          mc_w.l(ctype_c.o)
    0x08008750   0x08008750   0x00000366   Data   RO          416    .conststring        app_ps2.o
    0x08008ab6   0x08008ab6   0x00000002   PAD
    0x08008ab8   0x08008ab8   0x00000020   Data   RO         4825    Region$$Table       anon$$obj.o


    Execution Region RW_IRAM1 (Exec base: 0x20000000, Load base: 0x08008ad8, Size: 0x00002740, Max: 0x00005000, ABSOLUTE, COMPRESSED[0x00000150])

    Exec Addr    Load Addr    Size         Type   Attr      Idx    E Section Name        Object

    0x20000000   COMPRESSED   0x00000405   Data   RW            3    .data               main.o
    0x20000405   COMPRESSED   0x00000003   PAD
    0x20000408   COMPRESSED   0x0000001c   Data   RW          296    .data               application.o
    0x20000424   COMPRESSED   0x00000020   Data   RW          371    .data               action.o
    0x20000444   COMPRESSED   0x0000008e   Data   RW          417    .data               app_ps2.o
    0x200004d2   COMPRESSED   0x00000001   Data   RW          461    .data               protocol.o
    0x200004d3   COMPRESSED   0x00000001   PAD
    0x200004d4   COMPRESSED   0x0000001e   Data   RW          568    .data               function.o
    0x200004f2   COMPRESSED   0x00000002   PAD
    0x200004f4   COMPRESSED   0x00000004   Data   RW          773    .data               pwmservo.o
    0x200004f8   COMPRESSED   0x0000000a   Data   RW          832    .data               uart.o
    0x20000502   COMPRESSED   0x00000005   Data   RW         1006    .data               spi_flash.o
    0x20000507   COMPRESSED   0x00000001   PAD
    0x20000508   COMPRESSED   0x00000004   Data   RW         1232    .data               systick.o
    0x2000050c   COMPRESSED   0x00000003   Data   RW         1278    .data               timer.o
    0x2000050f   COMPRESSED   0x00000001   PAD
    0x20000510   COMPRESSED   0x00000014   Data   RW         1327    .data               system_stm32f10x.o
    0x20000524   COMPRESSED   0x00000014   Data   RW         2954    .data               stm32f10x_rcc.o
    0x20000538   COMPRESSED   0x00000004   Data   RW         4759    .data               mc_w.l(stdout.o)
    0x2000053c   COMPRESSED   0x00000004   Data   RW         4771    .data               mc_w.l(errno.o)
    0x20000540        -       0x00000504   Zero   RW          459    .bss                protocol.o
    0x20000a44        -       0x000000e0   Zero   RW          772    .bss                pwmservo.o
    0x20000b24        -       0x00000800   Zero   RW          831    .bss                uart.o
    0x20001324        -       0x00000009   Zero   RW          957    .bss                ps2.o
    0x2000132d   COMPRESSED   0x00000001   PAD
    0x2000132e        -       0x00001012   Zero   RW         1005    .bss                spi_flash.o
    0x20002340        -       0x00000400   Zero   RW         1316    STACK               startup_stm32f10x_md.o


==============================================================================

Image component sizes


      Code (inc. data)   RO Data    RW Data    ZI Data      Debug   Object Name

       380         52          0         32          0       2289   action.o
       700         66        870        142          0       2313   app_ps2.o
      1512        286         24         28          0       7416   application.o
        52          6          0          0          0        514   beep.o
         0          0          0          0          0         32   core_cm3.o
       712        116         99         30          0       2844   function.o
       118          0          0          0          0     204448   global.o
        48          0          0          0          0       1604   gy33t.o
       462         36          0          0          0       4094   joystick.o
       104          8          0          0          0       1038   key.o
      2200        184        144          0          0       3525   kinematics.o
        56          6          0          0          0        503   led.o
       216         66          0       1029          0     283261   main.o
       112         12          0          0          0       1012   misc.o
       742         16       2650          0          0       4616   oled.o
      3012        772         24          1       1284       6632   protocol.o
       368         28          0          0          9       2288   ps2.o
       992         64          0          4        224       6382   pwmservo.o
        94          0          0          0          0        539   rcc.o
        60          8          0          0          0        474   servopid.o
      1022         34          0          0          0       6249   soft_i2c.o
       924         60          0          5       4114       8247   spi_flash.o
        36          8        236          0       1024        828   startup_stm32f10x_md.o
       394         10          0          0          0       8057   stm32f10x_adc.o
       428          8          0          0          0       4548   stm32f10x_dma.o
       476          6          0          0          0       5711   stm32f10x_gpio.o
       816        116          0         20          0      12847   stm32f10x_rcc.o
       112          0          0          0          0       3842   stm32f10x_spi.o
       270         42          0          0          0       4113   stm32f10x_tim.o
       670         28          0          0          0       8595   stm32f10x_usart.o
        72         14          0          0          0      16179   sys.o
       328         28          0         20          0       2381   system_stm32f10x.o
       196         22          0          4          0      18118   systick.o
       366         18          0          3          0       2404   timer.o
      1268        114          0         10       2048       7757   uart.o
       116         10          0          0          0       1041   ultrasonic.o

    ----------------------------------------------------------------------
     19462       2244       4084       1336       8704     646741   Object Totals
         0          0         32          0          0          0   (incl. Generated)
        28          0          5          8          1          0   (incl. Padding)

    ----------------------------------------------------------------------

      Code (inc. data)   RO Data    RW Data    ZI Data      Debug   Library Member Name

       676         78          0          0          0        116   atan2f.o
       156          8          0          0          0        104   cos.o
       252         22         48          0          0        124   cos_i.o
       380         52          0          0          0        124   cosf.o
        34          6          0          0          0        204   dunder.o
        66          0          0          0          0         84   fmax.o
        66          0          0          0          0         84   fmin.o
        40          0          0          0          0         68   fpclassify.o
        38          0          0          0          0         68   fpclassifyf.o
        28          0          0          0          0        272   funder.o
       170          0          0          0          0         96   poly.o
       904         76        200          0          0        140   rred.o
       360         16         32          0          0         88   rredf.o
       160         10          0          0          0        108   sin.o
       236         12         40          0          0        128   sin_i.o
       392         54          0          0          0        124   sinf.o
        76          0          0          0          0         84   sqrt.o
        44          0          0          0          0         80   sqrtf.o
        56          8          0          0          0         84   __0sscanf.o
        86          0          0          0          0          0   __dczerorl2.o
        28          0          0          0          0         68   _chval.o
       816          6          0          0          0        112   _scanf.o
       332          0          0          0          0         96   _scanf_int.o
        64          0          0          0          0         84   _sgetc.o
        40          6         64          0          0         68   ctype_c.o
         0          0          0          0          0          0   entry.o
         0          0          0          0          0          0   entry10a.o
         0          0          0          0          0          0   entry11a.o
         4          0          0          0          0          0   entry12b.o
         8          4          0          0          0          0   entry2.o
         4          0          0          0          0          0   entry5.o
         0          0          0          0          0          0   entry7b.o
         0          0          0          0          0          0   entry8b.o
         8          4          0          0          0          0   entry9a.o
        12          6          0          4          0         68   errno.o
        30          0          0          0          0          0   handlers.o
        36          8          0          0          0         68   init.o
        10          0          0          0          0         68   isspace_c.o
         0          0          0          0          0          0   iusefp.o
        30          0          0          0          0         68   llshl.o
        36          0          0          0          0         68   llsshr.o
        32          0          0          0          0         68   llushr.o
        36          0          0          0          0         68   memcpya.o
        36          0          0          0          0        108   memseta.o
      2268         96          0          0          0        616   printfa.o
        40          8          0          0          0         84   scanf_char.o
       878         12          0          0          0        216   scanf_fp.o
         0          0          0          4          0          0   stdout.o
        18          0          0          0          0         68   strcpy.o
        14          0          0          0          0         68   strlen.o
        44          0          0          0          0         80   uidiv.o
        98          0          0          0          0         92   uldiv.o
        48          0          0          0          0         68   cdrcmple.o
        20          0          0          0          0         68   cfcmple.o
        20          0          0          0          0         68   cfrcmple.o
        56          0          0          0          0         88   d2f.o
       334          0          0          0          0        148   dadd.o
        96          0          0          0          0         80   dcmp4.o
       222          0          0          0          0        100   ddiv.o
       186          0          0          0          0        176   depilogue.o
        62          0          0          0          0         80   dfixi.o
        48          0          0          0          0         68   dfixul.o
        34          0          0          0          0         76   dflti.o
        26          0          0          0          0         76   dfltui.o
        24          0          0          0          0         76   dfltul.o
       228          0          0          0          0         96   dmul.o
        46          0          0          0          0         80   dscalb.o
       162          0          0          0          0        100   dsqrt.o
        38          0          0          0          0         68   f2d.o
       176          0          0          0          0        140   fadd.o
       124          0          0          0          0         88   fdiv.o
       110          0          0          0          0        168   fepilogue.o
        50          0          0          0          0         68   ffixi.o
        40          0          0          0          0         68   ffixui.o
        18          0          0          0          0         68   fflti.o
        10          0          0          0          0         68   ffltui.o
       100          0          0          0          0         76   fmul.o
        60          0          0          0          0         76   frnd.o
        24          0          0          0          0         68   fscalb.o
        94          0          0          0          0         96   fsqrt.o

    ----------------------------------------------------------------------
     11614        492        384          8          0       6916   Library Totals
        16          0          0          0          0          0   (incl. Padding)

    ----------------------------------------------------------------------

      Code (inc. data)   RO Data    RW Data    ZI Data      Debug   Library Name

      4078        334        320          0          0       2096   m_ws.l
      5064        158         64          8          0       2320   mc_w.l
      2456          0          0          0          0       2500   mf_w.l

    ----------------------------------------------------------------------
     11614        492        384          8          0       6916   Library Totals

    ----------------------------------------------------------------------

==============================================================================


      Code (inc. data)   RO Data    RW Data    ZI Data      Debug   

     31076       2736       4468       1344       8704     641253   Grand Totals
     31076       2736       4468        336       8704     641253   ELF Image Totals (compressed)
     31076       2736       4468        336          0          0   ROM Totals

==============================================================================

    Total RO  Size (Code + RO Data)                35544 (  34.71kB)
    Total RW  Size (RW Data + ZI Data)             10048 (   9.81kB)
    Total ROM Size (Code + RO Data + RW Data)      35880 (  35.04kB)

==============================================================================

