Component: ARM Compiler 5.06 update 6 (build 750) Tool: armlink [4d35ed]

==============================================================================

Section Cross References

    main.o(i.main) refers to application.o(i.setup_app) for setup_app
    main.o(i.main) refers to oled.o(i.OLED_DrawBMP) for OLED_DrawBMP
    main.o(i.main) refers to application.o(i.loop_app) for loop_app
    main.o(i.main) refers to main.o(.data) for BMP
    global.o(i.abs_float) refers to cfrcmple.o(.text) for __aeabi_cfrcmple
    global.o(i.map) refers to fadd.o(.text) for __aeabi_fsub
    global.o(i.map) refers to fmul.o(.text) for __aeabi_fmul
    global.o(i.map) refers to fdiv.o(.text) for __aeabi_fdiv
    application.o(i.Buzzer_times) refers to stm32f10x_gpio.o(i.GPIO_SetBits) for GPIO_SetBits
    application.o(i.Buzzer_times) refers to systick.o(i.Delay_ms) for Delay_ms
    application.o(i.Buzzer_times) refers to stm32f10x_gpio.o(i.GPIO_ResetBits) for GPIO_ResetBits
    application.o(i.Led_Blink) refers to systick.o(i.Millis) for Millis
    application.o(i.Led_Blink) refers to stm32f10x_gpio.o(i.GPIO_ReadOutputDataBit) for GPIO_ReadOutputDataBit
    application.o(i.Led_Blink) refers to stm32f10x_gpio.o(i.GPIO_WriteBit) for GPIO_WriteBit
    application.o(i.Led_Blink) refers to application.o(.data) for systick_ms_bak_led
    application.o(i.Loop_Uart) refers to protocol.o(i.Parse_Group_Cmd) for Parse_Group_Cmd
    application.o(i.Loop_Uart) refers to protocol.o(i.Parse_Cmd) for Parse_Cmd
    application.o(i.Loop_Uart) refers to protocol.o(i.Parse_Action) for Parse_Action
    application.o(i.Loop_Uart) refers to protocol.o(i.Save_Action) for Save_Action
    application.o(i.Loop_Uart) refers to uart.o(.data) for Uart_GetOK
    application.o(i.Loop_Uart) refers to uart.o(.bss) for Uart_ReceiveBuf
    application.o(i.Parameter_Init) refers to spi_flash.o(i.SpiFlash_Read) for SpiFlash_Read
    application.o(i.Parameter_Init) refers to printfa.o(i.__0sprintf) for __2sprintf
    application.o(i.Parameter_Init) refers to uart.o(i.Uart1_Print) for Uart1_Print
    application.o(i.Parameter_Init) refers to protocol.o(.bss) for eeprom_info
    application.o(i.ServoState_Init) refers to fflti.o(.text) for __aeabi_i2f
    application.o(i.ServoState_Init) refers to protocol.o(.bss) for eeprom_info
    application.o(i.ServoState_Init) refers to pwmservo.o(.bss) for duoji_doing
    application.o(i.Uart_Init) refers to uart.o(i.Uart1_Init) for Uart1_Init
    application.o(i.Uart_Init) refers to uart.o(i.Uart2_Init) for Uart2_Init
    application.o(i.Uart_Init) refers to uart.o(i.Uart3_Init) for Uart3_Init
    application.o(i.loop_app) refers to application.o(i.Led_Blink) for Led_Blink
    application.o(i.loop_app) refers to application.o(i.Loop_Uart) for Loop_Uart
    application.o(i.loop_app) refers to app_ps2.o(i.AppPs2Run) for AppPs2Run
    application.o(i.loop_app) refers to action.o(i.Loop_Action) for Loop_Action
    application.o(i.loop_key) refers to systick.o(i.Millis) for Millis
    application.o(i.loop_key) refers to stm32f10x_gpio.o(i.GPIO_ReadInputDataBit) for GPIO_ReadInputDataBit
    application.o(i.loop_key) refers to systick.o(i.Delay_ms) for Delay_ms
    application.o(i.loop_key) refers to stm32f10x_gpio.o(i.GPIO_SetBits) for GPIO_SetBits
    application.o(i.loop_key) refers to stm32f10x_gpio.o(i.GPIO_ResetBits) for GPIO_ResetBits
    application.o(i.loop_key) refers to uart.o(i.Uart1_Print) for Uart1_Print
    application.o(i.loop_key) refers to application.o(.data) for sys_time_bak
    application.o(i.setup_app) refers to rcc.o(i.Rcc_Init) for Rcc_Init
    application.o(i.setup_app) refers to sys.o(i.SWJGpio_Init) for SWJGpio_Init
    application.o(i.setup_app) refers to systick.o(i.SysTickInit) for SysTickInit
    application.o(i.setup_app) refers to beep.o(i.Buzzer_Init) for Buzzer_Init
    application.o(i.setup_app) refers to led.o(i.LED_Init) for LED_Init
    application.o(i.setup_app) refers to application.o(i.Uart_Init) for Uart_Init
    application.o(i.setup_app) refers to ultrasonic.o(i.US_Init) for US_Init
    application.o(i.setup_app) refers to soft_i2c.o(i.SoftI2C_init) for SoftI2C_init
    application.o(i.setup_app) refers to oled.o(i.OLED_Init) for OLED_Init
    application.o(i.setup_app) refers to oled.o(i.OLED_Clear) for OLED_Clear
    application.o(i.setup_app) refers to pwmservo.o(i.PwmServoInit) for PwmServoInit
    application.o(i.setup_app) refers to servopid.o(i.PidInit) for PidInit
    application.o(i.setup_app) refers to timer.o(i.TIM1_Init) for TIM1_Init
    application.o(i.setup_app) refers to timer.o(i.TIM2_Init) for TIM2_Init
    application.o(i.setup_app) refers to spi_flash.o(i.SpiFlash_Init) for SpiFlash_Init
    application.o(i.setup_app) refers to ps2.o(i.Ps2_Init) for Ps2_Init
    application.o(i.setup_app) refers to application.o(i.Parameter_Init) for Parameter_Init
    application.o(i.setup_app) refers to application.o(i.ServoState_Init) for ServoState_Init
[...]
    i.Millis                                 0x08002030   Section        0  systick.o(i.Millis)
    i.NVIC_Init                              0x0800203c   Section        0  misc.o(i.NVIC_Init)
    i.OLED_Clear                             0x080020ac   Section        0  oled.o(i.OLED_Clear)
    i.OLED_DrawBMP                           0x080020ec   Section        0  oled.o(i.OLED_DrawBMP)
    i.OLED_Init                              0x08002162   Section        0  oled.o(i.OLED_Init)
    i.OLED_SetPos                            0x08002244   Section        0  oled.o(i.OLED_SetPos)
    i.OLED_WRByte                            0x0800226e   Section        0  oled.o(i.OLED_WRByte)
    i.Parameter_Init                         0x08002290   Section        0  application.o(i.Parameter_Init)
    i.ParsePsx_Buf                           0x08002364   Section        0  app_ps2.o(i.ParsePsx_Buf)
    i.Parse_Action                           0x080025c0   Section        0  protocol.o(i.Parse_Action)
    i.Parse_Cmd                              0x0800291c   Section        0  protocol.o(i.Parse_Cmd)
    i.Parse_Group_Cmd                        0x08002e00   Section        0  protocol.o(i.Parse_Group_Cmd)
    i.PidInit                                0x08002e88   Section        0  servopid.o(i.PidInit)
    i.Ps2_Init                               0x08002ec4   Section        0  ps2.o(i.Ps2_Init)
    i.Ps2_Transfer                           0x08002f48   Section        0  ps2.o(i.Ps2_Transfer)
    i.Ps2_WriteRead                          0x08002fb8   Section        0  ps2.o(i.Ps2_WriteRead)
    i.PwmServoInit                           0x08003034   Section        0  pwmservo.o(i.PwmServoInit)
    i.PwmServoStop                           0x08003104   Section        0  pwmservo.o(i.PwmServoStop)
    i.PwmServo_DoingSet                      0x08003160   Section        0  pwmservo.o(i.PwmServo_DoingSet)
    i.PwmServo_IncOffset                     0x08003260   Section        0  pwmservo.o(i.PwmServo_IncOffset)
    i.PwmServo_PinSet                        0x08003314   Section        0  pwmservo.o(i.PwmServo_PinSet)
    i.PwmServo_SetAngle                      0x0800338c   Section        0  pwmservo.o(i.PwmServo_SetAngle)
    i.RCC_APB1PeriphClockCmd                 0x08003414   Section        0  stm32f10x_rcc.o(i.RCC_APB1PeriphClockCmd)
    i.RCC_APB1PeriphResetCmd                 0x08003434   Section        0  stm32f10x_rcc.o(i.RCC_APB1PeriphResetCmd)
    i.RCC_APB2PeriphClockCmd                 0x08003454   Section        0  stm32f10x_rcc.o(i.RCC_APB2PeriphClockCmd)
    i.RCC_APB2PeriphResetCmd                 0x08003474   Section        0  stm32f10x_rcc.o(i.RCC_APB2PeriphResetCmd)
    i.RCC_DeInit                             0x08003494   Section        0  stm32f10x_rcc.o(i.RCC_DeInit)
    i.RCC_GetClocksFreq                      0x080034e0   Section        0  stm32f10x_rcc.o(i.RCC_GetClocksFreq)
    i.RCC_GetFlagStatus                      0x080035b4   Section        0  stm32f10x_rcc.o(i.RCC_GetFlagStatus)
    i.RCC_GetSYSCLKSource                    0x080035f0   Section        0  stm32f10x_rcc.o(i.RCC_GetSYSCLKSource)
    i.RCC_HCLKConfig                         0x08003600   Section        0  stm32f10x_rcc.o(i.RCC_HCLKConfig)
    i.RCC_HSEConfig                          0x08003618   Section        0  stm32f10x_rcc.o(i.RCC_HSEConfig)
    i.RCC_PCLK1Config                        0x08003664   Section        0  stm32f10x_rcc.o(i.RCC_PCLK1Config)
    i.RCC_PCLK2Config                        0x0800367c   Section        0  stm32f10x_rcc.o(i.RCC_PCLK2Config)
    i.RCC_PLLCmd                             0x08003694   Section        0  stm32f10x_rcc.o(i.RCC_PLLCmd)
    i.RCC_PLLConfig                          0x080036a0   Section        0  stm32f10x_rcc.o(i.RCC_PLLConfig)
    i.RCC_SYSCLKConfig                       0x080036bc   Section        0  stm32f10x_rcc.o(i.RCC_SYSCLKConfig)
    i.RCC_WaitForHSEStartUp                  0x080036d4   Section        0  stm32f10x_rcc.o(i.RCC_WaitForHSEStartUp)
    i.Rcc_Init                               0x0800370c   Section        0  rcc.o(i.Rcc_Init)
    i.Replace_Char                           0x0800376a   Section        0  global.o(i.Replace_Char)
    i.Rewrite_Eeprom                         0x08003780   Section        0  protocol.o(i.Rewrite_Eeprom)
    i.SPI_Cmd                                0x080037a0   Section        0  stm32f10x_spi.o(i.SPI_Cmd)
    i.SPI_I2S_GetFlagStatus                  0x080037b8   Section        0  stm32f10x_spi.o(i.SPI_I2S_GetFlagStatus)
    i.SPI_I2S_ReceiveData                    0x080037ca   Section        0  stm32f10x_spi.o(i.SPI_I2S_ReceiveData)
    i.SPI_I2S_SendData                       0x080037d0   Section        0  stm32f10x_spi.o(i.SPI_I2S_SendData)
    i.SPI_Init                               0x080037d4   Section        0  stm32f10x_spi.o(i.SPI_Init)
    i.SWJGpio_Init                           0x08003810   Section        0  sys.o(i.SWJGpio_Init)
    i.Save_Action                            0x08003828   Section        0  protocol.o(i.Save_Action)
    i.Send                                   0x08003950   Section        0  soft_i2c.o(i.Send)
    i.ServoState_Init                        0x080039c8   Section        0  application.o(i.ServoState_Init)
    i.SetPrintfUart                          0x08003a28   Section        0  uart.o(i.SetPrintfUart)
    i.SetSysClock                            0x08003a34   Section        0  system_stm32f10x.o(i.SetSysClock)
    SetSysClock                              0x08003a35   Thumb Code     8  system_stm32f10x.o(i.SetSysClock)
    i.SetSysClockTo72                        0x08003a3c   Section        0  system_stm32f10x.o(i.SetSysClockTo72)
    SetSysClockTo72                          0x08003a3d   Thumb Code   214  system_stm32f10x.o(i.SetSysClockTo72)
    i.SoftI2C_init                           0x08003b1c   Section        0  soft_i2c.o(i.SoftI2C_init)
    i.SoftI2C_write                          0x08003b80   Section        0  soft_i2c.o(i.SoftI2C_write)
    i.Soft_Reset                             0x08003bd8   Section        0  sys.o(i.Soft_Reset)
    i.SpiFlash_Erase_Sector                  0x08003c08   Section        0  spi_flash.o(i.SpiFlash_Erase_Sector)
    i.SpiFlash_Init                          0x08003c54   Section        0  spi_flash.o(i.SpiFlash_Init)
    i.SpiFlash_Read                          0x08003d08   Section        0  spi_flash.o(i.SpiFlash_Read)
    i.SpiFlash_Read_SR                       0x08003d60   Section        0  spi_flash.o(i.SpiFlash_Read_SR)
    i.SpiFlash_Wait_Busy                     0x08003d90   Section        0  spi_flash.o(i.SpiFlash_Wait_Busy)
    i.SpiFlash_Write_Enable                  0x08003da4   Section        0  spi_flash.o(i.SpiFlash_Write_Enable)
    i.SpiFlash_Write_No_Check                0x08003dc8   Section        0  spi_flash.o(i.SpiFlash_Write_No_Check)
    i.SpiFlash_Write_Page                    0x08003e10   Section        0  spi_flash.o(i.SpiFlash_Write_Page)
    i.SpiFlash_Write_S                       0x08003e7c   Section        0  spi_flash.o(i.SpiFlash_Write_S)
    i.Spi_SetSpeed                           0x08003f30   Section        0  spi_flash.o(i.Spi_SetSpeed)
    i.Spi_WriteRead                          0x08003f54   Section        0  spi_flash.o(i.Spi_WriteRead)
    i.Start                                  0x08003fa8   Section        0  soft_i2c.o(i.Start)
    i.Stop                                   0x08004018   Section        0  soft_i2c.o(i.Stop)
    i.Str_Contain_Str                        0x08004074   Section        0  global.o(i.Str_Contain_Str)
    i.SysTickInit                            0x080040c0   Section        0  systick.o(i.SysTickInit)
    i.SysTick_Handler                        0x08004120   Section        0  systick.o(i.SysTick_Handler)
    i.SystemInit                             0x08004130   Section        0  system_stm32f10x.o(i.SystemInit)
    i.TIM1_Init                              0x08004190   Section        0  timer.o(i.TIM1_Init)
    i.TIM2_IRQHandler                        0x080041f8   Section        0  timer.o(i.TIM2_IRQHandler)
    i.TIM2_Init                              0x08004298   Section        0  timer.o(i.TIM2_Init)
    i.TIM_ARRPreloadConfig                   0x080042fe   Section        0  stm32f10x_tim.o(i.TIM_ARRPreloadConfig)
    i.TIM_ClearITPendingBit                  0x08004316   Section        0  stm32f10x_tim.o(i.TIM_ClearITPendingBit)
    i.TIM_Cmd                                0x0800431c   Section        0  stm32f10x_tim.o(i.TIM_Cmd)
    i.TIM_GetITStatus                        0x08004334   Section        0  stm32f10x_tim.o(i.TIM_GetITStatus)
    i.TIM_ITConfig                           0x08004356   Section        0  stm32f10x_tim.o(i.TIM_ITConfig)
    i.TIM_TimeBaseInit                       0x08004368   Section        0  stm32f10x_tim.o(i.TIM_TimeBaseInit)
    i.USART1_IRQHandler                      0x0800440c   Section        0  uart.o(i.USART1_IRQHandler)
    i.USART2_IRQHandler                      0x08004530   Section        0  uart.o(i.USART2_IRQHandler)
    i.USART3_IRQHandler                      0x08004654   Section        0  uart.o(i.USART3_IRQHandler)
    i.USART_ClearITPendingBit                0x08004788   Section        0  stm32f10x_usart.o(i.USART_ClearITPendingBit)
    i.USART_Cmd                              0x080047a6   Section        0  stm32f10x_usart.o(i.USART_Cmd)
    i.USART_DeInit                           0x080047c0   Section        0  stm32f10x_usart.o(i.USART_DeInit)
    i.USART_GetFlagStatus                    0x0800485c   Section        0  stm32f10x_usart.o(i.USART_GetFlagStatus)
    i.USART_HalfDuplexCmd                    0x08004876   Section        0  stm32f10x_usart.o(i.USART_HalfDuplexCmd)
    i.USART_ITConfig                         0x0800488e   Section        0  stm32f10x_usart.o(i.USART_ITConfig)
    i.USART_Init                             0x080048d8   Section        0  stm32f10x_usart.o(i.USART_Init)
    i.USART_ReceiveData                      0x080049b0   Section        0  stm32f10x_usart.o(i.USART_ReceiveData)
    i.USART_SendData                         0x080049ba   Section        0  stm32f10x_usart.o(i.USART_SendData)
    i.USTimer_Init                           0x080049c4   Section        0  ultrasonic.o(i.USTimer_Init)
    i.US_Init                                0x080049f4   Section        0  ultrasonic.o(i.US_Init)
    i.Uart1_Init                             0x08004a38   Section        0  uart.o(i.Uart1_Init)
    i.Uart1_Print                            0x08004af4   Section        0  uart.o(i.Uart1_Print)
    i.Uart2_Init                             0x08004b20   Section        0  uart.o(i.Uart2_Init)
    i.Uart3_Init                             0x08004bc4   Section        0  uart.o(i.Uart3_Init)
    i.UartAll_Printf                         0x08004c78   Section        0  uart.o(i.UartAll_Printf)
    i.Uart_Init                              0x08004cac   Section        0  application.o(i.Uart_Init)
    i.Wait_Ack                               0x08004cc8   Section        0  soft_i2c.o(i.Wait_Ack)
    i.__0printf                              0x08004d60   Section        0  printfa.o(i.__0printf)
    i.__0sprintf                             0x08004d80   Section        0  printfa.o(i.__0sprintf)
    i.__ARM_fpclassify                       0x08004da8   Section        0  fpclassify.o(i.__ARM_fpclassify)
    i.__ieee754_rem_pio2                     0x08004dd0   Section        0  rred.o(i.__ieee754_rem_pio2)
    i.__kernel_cos                           0x08005158   Section        0  cos_i.o(i.__kernel_cos)
    i.__kernel_poly                          0x08005254   Section        0  poly.o(i.__kernel_poly)
    i.__kernel_sin                           0x08005300   Section        0  sin_i.o(i.__kernel_sin)
    i.__mathlib_dbl_infnan                   0x080053ec   Section        0  dunder.o(i.__mathlib_dbl_infnan)
    i.__mathlib_dbl_invalid                  0x080053f2   Section        0  dunder.o(i.__mathlib_dbl_invalid)
    i.__mathlib_dbl_underflow                0x08005400   Section        0  dunder.o(i.__mathlib_dbl_underflow)
    i.__scatterload_copy                     0x08005410   Section       14  handlers.o(i.__scatterload_copy)
    i.__scatterload_null                     0x0800541e   Section        2  handlers.o(i.__scatterload_null)
    i.__scatterload_zeroinit                 0x08005420   Section       14  handlers.o(i.__scatterload_zeroinit)
    i.__set_errno                            0x08005430   Section        0  errno.o(i.__set_errno)
    i._fp_digits                             0x0800543c   Section        0  printfa.o(i._fp_digits)
    _fp_digits                               0x0800543d   Thumb Code   366  printfa.o(i._fp_digits)
    i._is_digit                              0x080055c0   Section        0  scanf_fp.o(i._is_digit)
    i._printf_core                           0x080055d0   Section        0  printfa.o(i._printf_core)
    _printf_core                             0x080055d1   Thumb Code  1744  printfa.o(i._printf_core)
    i._printf_post_padding                   0x08005cac   Section        0  printfa.o(i._printf_post_padding)
    _printf_post_padding                     0x08005cad   Thumb Code    36  printfa.o(i._printf_post_padding)
    i._printf_pre_padding                    0x08005cd0   Section        0  printfa.o(i._printf_pre_padding)
    _printf_pre_padding                      0x08005cd1   Thumb Code    46  printfa.o(i._printf_pre_padding)
    i._sputc                                 0x08005cfe   Section        0  printfa.o(i._sputc)
    _sputc                                   0x08005cff   Thumb Code    10  printfa.o(i._sputc)
    i.abs_float                              0x08005d08   Section        0  global.o(i.abs_float)
    i.acos                                   0x08005d20   Section        0  acos.o(i.acos)
    i.atan                                   0x08005f9c   Section        0  atan.o(i.atan)
    i.cos                                    0x080061bc   Section        0  cos.o(i.cos)
    i.fmax                                   0x08006258   Section        0  fmax.o(i.fmax)
    i.fmin                                   0x0800629a   Section        0  fmin.o(i.fmin)
    i.fputc                                  0x080062dc   Section        0  uart.o(i.fputc)
    i.kinematics_Move                        0x08006358   Section        0  kinematics.o(i.kinematics_Move)
    i.loop_app                               0x080064c8   Section        0  application.o(i.loop_app)
    i.main                                   0x080064e0   Section        0  main.o(i.main)
    i.setup_app                              0x08006504   Section        0  application.o(i.setup_app)
    i.setup_run_action                       0x0800657c   Section        0  application.o(i.setup_run_action)
    i.sin                                    0x080065ac   Section        0  sin.o(i.sin)
    i.sqrt                                   0x0800664c   Section        0  sqrt.o(i.sqrt)
    .constdata                               0x08006698   Section       80  acos.o(.constdata)
    pS                                       0x08006698   Data          48  acos.o(.constdata)
    qS                                       0x080066c8   Data          32  acos.o(.constdata)
    .constdata                               0x080066e8   Section      152  atan.o(.constdata)
    atanhi                                   0x080066e8   Data          32  atan.o(.constdata)
    atanlo                                   0x08006708   Data          32  atan.o(.constdata)
    aTodd                                    0x08006728   Data          40  atan.o(.constdata)
    aTeven                                   0x08006750   Data          48  atan.o(.constdata)
    .constdata                               0x08006780   Section       48  cos_i.o(.constdata)
    C                                        0x08006780   Data          48  cos_i.o(.constdata)
    .constdata                               0x080067b0   Section      200  rred.o(.constdata)
    pio2s                                    0x080067b0   Data          48  rred.o(.constdata)
    twooverpi                                0x080067e0   Data         152  rred.o(.constdata)
    .constdata                               0x08006878   Section       40  sin_i.o(.constdata)
    S                                        0x08006878   Data          40  sin_i.o(.constdata)
    .constdata                               0x080068a0   Section       64  ctype_c.o(.constdata)
    .conststring                             0x080068e0   Section      870  app_ps2.o(.conststring)
    .data                                    0x20000000   Section     1024  main.o(.data)
    .data                                    0x20000400   Section        8  application.o(.data)
    systick_ms_bak_led                       0x20000400   Data           4  application.o(.data)
    sys_time_bak                             0x20000404   Data           4  application.o(.data)
    .data                                    0x20000408   Section       32  action.o(.data)
    systick_ms_bak                           0x20000424   Data           4  action.o(.data)
    .data                                    0x20000428   Section      142  app_ps2.o(.data)
    psx_button_bak                           0x200004a8   Data           2  app_ps2.o(.data)
    systick_ms_bak                           0x200004ac   Data           4  app_ps2.o(.data)
    bak                                      0x200004b0   Data           2  app_ps2.o(.data)
    temp                                     0x200004b2   Data           2  app_ps2.o(.data)
    temp2                                    0x200004b4   Data           2  app_ps2.o(.data)
    .data                                    0x200004b6   Section        1  protocol.o(.data)
    .data                                    0x200004b8   Section        4  pwmservo.o(.data)
    .data                                    0x200004bc   Section       14  uart.o(.data)
    buf_index                                0x200004c2   Data           2  uart.o(.data)
    buf_index                                0x200004c4   Data           2  uart.o(.data)
    buf_index                                0x200004c6   Data           2  uart.o(.data)
    buf_index                                0x200004c8   Data           2  uart.o(.data)
    .data                                    0x200004ca   Section        5  spi_flash.o(.data)
    tmp                                      0x200004ce   Data           1  spi_flash.o(.data)
    .data                                    0x200004d0   Section        4  systick.o(.data)
    systick_ms                               0x200004d0   Data           4  systick.o(.data)
    .data                                    0x200004d4   Section        3  timer.o(.data)
    duoji_index2                             0x200004d4   Data           1  timer.o(.data)
    flag                                     0x200004d5   Data           1  timer.o(.data)
    duoji_index1                             0x200004d6   Data           1  timer.o(.data)
    .data                                    0x200004d8   Section       20  system_stm32f10x.o(.data)
    .data                                    0x200004ec   Section       20  stm32f10x_rcc.o(.data)
    APBAHBPrescTable                         0x200004ec   Data          16  stm32f10x_rcc.o(.data)
    ADCPrescTable                            0x200004fc   Data           4  stm32f10x_rcc.o(.data)
    .data                                    0x20000500   Section        4  stdout.o(.data)
    .data                                    0x20000504   Section        4  errno.o(.data)
    _errno                                   0x20000504   Data           4  errno.o(.data)
    .bss                                     0x20000508   Section     1232  protocol.o(.bss)
    .bss                                     0x200009d8   Section       88  kinematics.o(.bss)
    .bss                                     0x20000a30   Section      224  pwmservo.o(.bss)
    .bss                                     0x20000b10   Section     1024  uart.o(.bss)
    .bss                                     0x20000f10   Section        9  ps2.o(.bss)
    .bss                                     0x20000f1a   Section     4114  spi_flash.o(.bss)
    STACK                                    0x20001f30   Section     1024  startup_stm32f10x_md.o(STACK)

    Global Symbols

    Symbol Name                              Value     Ov Type        Size  Object(Section)

    BuildAttributes$$THM_ISAv4$P$D$K$B$S$PE$A:L22UL41UL21$X:L11$S22US41US21$IEEE1$IW$USESV6$~STKCKD$USESV7$~SHL$OTIME$ROPI$IEEEX$EBA8$MICROLIB$REQ8$PRES8$EABIv2 0x00000000   Number         0  anon$$obj.o ABSOLUTE
    __ARM_use_no_argv                        0x00000000   Number         0  main.o ABSOLUTE
    _printf_a                                0x00000000   Number         0  stubs.o ABSOLUTE
    _printf_c                                0x00000000   Number         0  stubs.o ABSOLUTE
    _printf_charcount                        0x00000000   Number         0  stubs.o ABSOLUTE
    _printf_d                                0x00000000   Number         0  stubs.o ABSOLUTE
    _printf_e                                0x00000000   Number         0  stubs.o ABSOLUTE
    _printf_f                                0x00000000   Number         0  stubs.o ABSOLUTE
    _printf_flags                            0x00000000   Number         0  stubs.o ABSOLUTE
    _printf_fp_dec                           0x00000000   Number         0  stubs.o ABSOLUTE
    _printf_fp_hex                           0x00000000   Number         0  stubs.o ABSOLUTE
    _printf_g                                0x00000000   Number         0  stubs.o ABSOLUTE
    _printf_i                                0x00000000   Number         0  stubs.o ABSOLUTE
    _printf_int_dec                          0x00000000   Number         0  stubs.o ABSOLUTE
    _printf_l                                0x00000000   Number         0  stubs.o ABSOLUTE
    _printf_lc                               0x00000000   Number         0  stubs.o ABSOLUTE
    _printf_ll                               0x00000000   Number         0  stubs.o ABSOLUTE
    _printf_lld                              0x00000000   Number         0  stubs.o ABSOLUTE
    _printf_lli                              0x00000000   Number         0  stubs.o ABSOLUTE
    _printf_llo                              0x00000000   Number         0  stubs.o ABSOLUTE
    _printf_llu                              0x00000000   Number         0  stubs.o ABSOLUTE
    _printf_llx                              0x00000000   Number         0  stubs.o ABSOLUTE
    _printf_longlong_dec                     0x00000000   Number         0  stubs.o ABSOLUTE
    _printf_longlong_hex                     0x00000000   Number         0  stubs.o ABSOLUTE
    _printf_longlong_oct                     0x00000000   Number         0  stubs.o ABSOLUTE
    _printf_ls                               0x00000000   Number         0  stubs.o ABSOLUTE
    _printf_mbtowc                           0x00000000   Number         0  stubs.o ABSOLUTE
    _printf_n                                0x00000000   Number         0  stubs.o ABSOLUTE
    _printf_o                                0x00000000   Number         0  stubs.o ABSOLUTE
    _printf_p                                0x00000000   Number         0  stubs.o ABSOLUTE
    _printf_percent                          0x00000000   Number         0  stubs.o ABSOLUTE
    _printf_pre_padding                      0x00000000   Number         0  stubs.o ABSOLUTE
    _printf_return_value                     0x00000000   Number         0  stubs.o ABSOLUTE
    _printf_s                                0x00000000   Number         0  stubs.o ABSOLUTE
    _printf_sizespec                         0x00000000   Number         0  stubs.o ABSOLUTE
    _printf_str                              0x00000000   Number         0  stubs.o ABSOLUTE
    _printf_truncate_signed                  0x00000000   Number         0  stubs.o ABSOLUTE
    _printf_truncate_unsigned                0x00000000   Number         0  stubs.o ABSOLUTE
    _printf_u                                0x00000000   Number         0  stubs.o ABSOLUTE
    _printf_wc                               0x00000000   Number         0  stubs.o ABSOLUTE
    _printf_wctomb                           0x00000000   Number         0  stubs.o ABSOLUTE
    _printf_widthprec                        0x00000000   Number         0  stubs.o ABSOLUTE
    _printf_x                                0x00000000   Number         0  stubs.o ABSOLUTE
    __cpp_initialize__aeabi_                  - Undefined Weak Reference
    __cxa_finalize                            - Undefined Weak Reference
    _clock_init                               - Undefined Weak Reference
    _microlib_exit                            - Undefined Weak Reference
    _scanf_longlong                           - Undefined Weak Reference
    _scanf_string                             - Undefined Weak Reference
    __Vectors_Size                           0x000000ec   Number         0  startup_stm32f10x_md.o ABSOLUTE
    __Vectors                                0x08000000   Data           4  startup_stm32f10x_md.o(RESET)
    __Vectors_End                            0x080000ec   Data           0  startup_stm32f10x_md.o(RESET)
    __main                                   0x080000ed   Thumb Code     0  entry.o(.ARM.Collect$$$$00000000)
    _main_stk                                0x080000ed   Thumb Code     0  entry2.o(.ARM.Collect$$$$00000001)
    _main_scatterload                        0x080000f1   Thumb Code     0  entry5.o(.ARM.Collect$$$$00000004)
    __main_after_scatterload                 0x080000f5   Thumb Code     0  entry5.o(.ARM.Collect$$$$00000004)
    _main_clock                              0x080000f5   Thumb Code     0  entry7b.o(.ARM.Collect$$$$00000008)
    _main_cpp_init                           0x080000f5   Thumb Code     0  entry8b.o(.ARM.Collect$$$$0000000A)
    _main_init                               0x080000f5   Thumb Code     0  entry9a.o(.ARM.Collect$$$$0000000B)
    __rt_final_cpp                           0x080000fd   Thumb Code     0  entry10a.o(.ARM.Collect$$$$0000000D)
    __rt_final_exit                          0x080000fd   Thumb Code     0  entry11a.o(.ARM.Collect$$$$0000000F)
    Reset_Handler                            0x08000101   Thumb Code     8  startup_stm32f10x_md.o(.text)
    NMI_Handler                              0x08000109   Thumb Code     2  startup_stm32f10x_md.o(.text)
    HardFault_Handler                        0x0800010b   Thumb Code     2  startup_stm32f10x_md.o(.text)
    MemManage_Handler                        0x0800010d   Thumb Code     2  startup_stm32f10x_md.o(.text)
    BusFault_Handler                         0x0800010f   Thumb Code     2  startup_stm32f10x_md.o(.text)
    UsageFault_Handler                       0x08000111   Thumb Code     2  startup_stm32f10x_md.o(.text)
    SVC_Handler                              0x08000113   Thumb Code     2  startup_stm32f10x_md.o(.text)
    DebugMon_Handler                         0x08000115   Thumb Code     2  startup_stm32f10x_md.o(.text)
    PendSV_Handler                           0x08000117   Thumb Code     2  startup_stm32f10x_md.o(.text)
    ADC1_2_IRQHandler                        0x0800011b   Thumb Code     0  startup_stm32f10x_md.o(.text)
    CAN1_RX1_IRQHandler                      0x0800011b   Thumb Code     0  startup_stm32f10x_md.o(.text)
    CAN1_SCE_IRQHandler                      0x0800011b   Thumb Code     0  startup_stm32f10x_md.o(.text)
    DMA1_Channel1_IRQHandler                 0x0800011b   Thumb Code     0  startup_stm32f10x_md.o(.text)
    DMA1_Channel2_IRQHandler                 0x0800011b   Thumb Code     0  startup_stm32f10x_md.o(.text)
    DMA1_Channel3_IRQHandler                 0x0800011b   Thumb Code     0  startup_stm32f10x_md.o(.text)
    DMA1_Channel4_IRQHandler                 0x0800011b   Thumb Code     0  startup_stm32f10x_md.o(.text)
    DMA1_Channel5_IRQHandler                 0x0800011b   Thumb Code     0  startup_stm32f10x_md.o(.text)
    DMA1_Channel6_IRQHandler                 0x0800011b   Thumb Code     0  startup_stm32f10x_md.o(.text)
    DMA1_Channel7_IRQHandler                 0x0800011b   Thumb Code     0  startup_stm32f10x_md.o(.text)
    EXTI0_IRQHandler                         0x0800011b   Thumb Code     0  startup_stm32f10x_md.o(.text)
    EXTI15_10_IRQHandler                     0x0800011b   Thumb Code     0  startup_stm32f10x_md.o(.text)
    EXTI1_IRQHandler                         0x0800011b   Thumb Code     0  startup_stm32f10x_md.o(.text)
    EXTI2_IRQHandler                         0x0800011b   Thumb Code     0  startup_stm32f10x_md.o(.text)
    EXTI3_IRQHandler                         0x0800011b   Thumb Code     0  startup_stm32f10x_md.o(.text)
    EXTI4_IRQHandler                         0x0800011b   Thumb Code     0  startup_stm32f10x_md.o(.text)
    EXTI9_5_IRQHandler                       0x0800011b   Thumb Code     0  startup_stm32f10x_md.o(.text)
    FLASH_IRQHandler                         0x0800011b   Thumb Code     0  startup_stm32f10x_md.o(.text)
    I2C1_ER_IRQHandler                       0x0800011b   Thumb Code     0  startup_stm32f10x_md.o(.text)
    I2C1_EV_IRQHandler                       0x0800011b   Thumb Code     0  startup_stm32f10x_md.o(.text)
    I2C2_ER_IRQHandler                       0x0800011b   Thumb Code     0  startup_stm32f10x_md.o(.text)
    I2C2_EV_IRQHandler                       0x0800011b   Thumb Code     0  startup_stm32f10x_md.o(.text)
    PVD_IRQHandler                           0x0800011b   Thumb Code     0  startup_stm32f10x_md.o(.text)
    RCC_IRQHandler                           0x0800011b   Thumb Code     0  startup_stm32f10x_md.o(.text)
    RTCAlarm_IRQHandler                      0x0800011b   Thumb Code     0  startup_stm32f10x_md.o(.text)
    RTC_IRQHandler                           0x0800011b   Thumb Code     0  startup_stm32f10x_md.o(.text)
    SPI1_IRQHandler                          0x0800011b   Thumb Code     0  startup_stm32f10x_md.o(.text)
    SPI2_IRQHandler                          0x0800011b   Thumb Code     0  startup_stm32f10x_md.o(.text)
    TAMPER_IRQHandler                        0x0800011b   Thumb Code     0  startup_stm32f10x_md.o(.text)
    TIM1_BRK_IRQHandler                      0x0800011b   Thumb Code     0  startup_stm32f10x_md.o(.text)
    TIM1_CC_IRQHandler                       0x0800011b   Thumb Code     0  startup_stm32f10x_md.o(.text)
    TIM1_TRG_COM_IRQHandler                  0x0800011b   Thumb Code     0  startup_stm32f10x_md.o(.text)
    TIM1_UP_IRQHandler                       0x0800011b   Thumb Code     0  startup_stm32f10x_md.o(.text)
    TIM3_IRQHandler                          0x0800011b   Thumb Code     0  startup_stm32f10x_md.o(.text)
    TIM4_IRQHandler                          0x0800011b   Thumb Code     0  startup_stm32f10x_md.o(.text)
    USBWakeUp_IRQHandler                     0x0800011b   Thumb Code     0  startup_stm32f10x_md.o(.text)
    USB_HP_CAN1_TX_IRQHandler                0x0800011b   Thumb Code     0  startup_stm32f10x_md.o(.text)
    USB_LP_CAN1_RX0_IRQHandler               0x0800011b   Thumb Code     0  startup_stm32f10x_md.o(.text)
    WWDG_IRQHandler                          0x0800011b   Thumb Code     0  startup_stm32f10x_md.o(.text)
    __aeabi_memcpy                           0x08000125   Thumb Code    36  memcpya.o(.text)
    __aeabi_memcpy4                          0x08000125   Thumb Code     0  memcpya.o(.text)
    __aeabi_memcpy8                          0x08000125   Thumb Code     0  memcpya.o(.text)
    __aeabi_memset                           0x08000149   Thumb Code    14  memseta.o(.text)
    __aeabi_memset4                          0x08000149   Thumb Code     0  memseta.o(.text)
    __aeabi_memset8                          0x08000149   Thumb Code     0  memseta.o(.text)
    __aeabi_memclr                           0x08000157   Thumb Code     4  memseta.o(.text)
    __aeabi_memclr4                          0x08000157   Thumb Code     0  memseta.o(.text)
    __aeabi_memclr8                          0x08000157   Thumb Code     0  memseta.o(.text)
    _memset$wrapper                          0x0800015b   Thumb Code    18  memseta.o(.text)
    strlen                                   0x0800016d   Thumb Code    14  strlen.o(.text)
    strcpy                                   0x0800017b   Thumb Code    18  strcpy.o(.text)
    __0sscanf                                0x0800018d   Thumb Code    48  __0sscanf.o(.text)
    _scanf_int                               0x080001c5   Thumb Code   332  _scanf_int.o(.text)
    _scanf_real                              0x08000439   Thumb Code     0  scanf_fp.o(.text)
    _scanf_really_real                       0x08000439   Thumb Code   556  scanf_fp.o(.text)
    __aeabi_fadd                             0x08000671   Thumb Code   164  fadd.o(.text)
    __aeabi_fsub                             0x08000715   Thumb Code     6  fadd.o(.text)
    __aeabi_frsub                            0x0800071b   Thumb Code     6  fadd.o(.text)
    __aeabi_fmul                             0x08000721   Thumb Code   100  fmul.o(.text)
    __aeabi_fdiv                             0x08000785   Thumb Code   124  fdiv.o(.text)
    __aeabi_dadd                             0x08000801   Thumb Code   322  dadd.o(.text)
    __aeabi_dsub                             0x08000943   Thumb Code     6  dadd.o(.text)
    __aeabi_drsub                            0x08000949   Thumb Code     6  dadd.o(.text)
    __aeabi_dmul                             0x0800094f   Thumb Code   228  dmul.o(.text)
    __aeabi_ddiv                             0x08000a33   Thumb Code   222  ddiv.o(.text)
    __aeabi_i2f                              0x08000b11   Thumb Code    18  fflti.o(.text)
    __aeabi_ui2f                             0x08000b23   Thumb Code    10  ffltui.o(.text)
    __aeabi_ui2d                             0x08000b2d   Thumb Code    26  dfltui.o(.text)
    __aeabi_f2iz                             0x08000b47   Thumb Code    50  ffixi.o(.text)
    __aeabi_f2uiz                            0x08000b79   Thumb Code    40  ffixui.o(.text)
    __aeabi_d2iz                             0x08000ba1   Thumb Code    62  dfixi.o(.text)
    __aeabi_f2d                              0x08000bdf   Thumb Code    38  f2d.o(.text)
    __aeabi_cdcmpeq                          0x08000c05   Thumb Code     0  cdcmple.o(.text)
    __aeabi_cdcmple                          0x08000c05   Thumb Code    48  cdcmple.o(.text)
    __aeabi_cdrcmple                         0x08000c35   Thumb Code    48  cdrcmple.o(.text)
    __aeabi_d2f                              0x08000c65   Thumb Code    56  d2f.o(.text)
    __aeabi_cfcmpeq                          0x08000c9d   Thumb Code     0  cfcmple.o(.text)
    __aeabi_cfcmple                          0x08000c9d   Thumb Code    20  cfcmple.o(.text)
    __aeabi_cfrcmple                         0x08000cb1   Thumb Code    20  cfrcmple.o(.text)
    __aeabi_uidiv                            0x08000cc5   Thumb Code     0  uidiv.o(.text)
    __aeabi_uidivmod                         0x08000cc5   Thumb Code    44  uidiv.o(.text)
    __aeabi_uldivmod                         0x08000cf1   Thumb Code    98  uldiv.o(.text)
    __aeabi_llsl                             0x08000d53   Thumb Code    30  llshl.o(.text)
    _ll_shift_l                              0x08000d53   Thumb Code     0  llshl.o(.text)
    __aeabi_llsr                             0x08000d71   Thumb Code    32  llushr.o(.text)
    _ll_ushift_r                             0x08000d71   Thumb Code     0  llushr.o(.text)
    __aeabi_lasr                             0x08000d91   Thumb Code    36  llsshr.o(.text)
    _ll_sshift_r                             0x08000d91   Thumb Code     0  llsshr.o(.text)
    _chval                                   0x08000db5   Thumb Code    28  _chval.o(.text)
    __vfscanf_char                           0x08000ddd   Thumb Code    20  scanf_char.o(.text)
    _sgetc                                   0x08000df9   Thumb Code    30  _sgetc.o(.text)
    _sbackspace                              0x08000e17   Thumb Code    34  _sgetc.o(.text)
    __I$use$fp                               0x08000e39   Thumb Code     0  iusefp.o(.text)
    _float_round                             0x08000e39   Thumb Code    18  fepilogue.o(.text)
    _float_epilogue                          0x08000e4b   Thumb Code    92  fepilogue.o(.text)
    _double_round                            0x08000ea7   Thumb Code    30  depilogue.o(.text)
    _double_epilogue                         0x08000ec5   Thumb Code   156  depilogue.o(.text)
    __ARM_scalbn                             0x08000f61   Thumb Code    46  dscalb.o(.text)
    scalbn                                   0x08000f61   Thumb Code     0  dscalb.o(.text)
    _dsqrt                                   0x08000f8f   Thumb Code   162  dsqrt.o(.text)
    __aeabi_ul2d                             0x08001031   Thumb Code    24  dfltul.o(.text)
    __aeabi_d2ulz                            0x08001049   Thumb Code    48  dfixul.o(.text)
    __ARM_dcmp4                              0x08001079   Thumb Code    96  dcmp4.o(.text)
    _dcmp4                                   0x08001079   Thumb Code     0  dcmp4.o(.text)
    __scatterload                            0x080010d9   Thumb Code    28  init.o(.text)
    __scatterload_rt2                        0x080010d9   Thumb Code     0  init.o(.text)
    isspace                                  0x080010fd   Thumb Code    10  isspace_c.o(.text)
    __vfscanf                                0x08001109   Thumb Code   808  _scanf.o(.text)
    __aeabi_i2d                              0x08001435   Thumb Code    34  dflti.o(.text)
    __ctype_lookup                           0x08001459   Thumb Code    34  ctype_c.o(.text)
    __decompress                             0x08001481   Thumb Code     0  __dczerorl2.o(.text)
    __decompress1                            0x08001481   Thumb Code    86  __dczerorl2.o(.text)
    AppPs2Run                                0x080014d9   Thumb Code    82  app_ps2.o(i.AppPs2Run)
    Buzzer_Init                              0x08001539   Thumb Code    46  beep.o(i.Buzzer_Init)
    Buzzer_times                             0x0800156d   Thumb Code    46  application.o(i.Buzzer_times)
    Delay_ms                                 0x080015a1   Thumb Code    32  systick.o(i.Delay_ms)
    Delay_us                                 0x080015c1   Thumb Code    40  systick.o(i.Delay_us)
    DoGroup_Once                             0x080015e9   Thumb Code    44  action.o(i.DoGroup_Once)
    GPIO_Init                                0x0800161d   Thumb Code   278  stm32f10x_gpio.o(i.GPIO_Init)
    GPIO_PinRemapConfig                      0x08001735   Thumb Code   138  stm32f10x_gpio.o(i.GPIO_PinRemapConfig)
    GPIO_ReadInputDataBit                    0x080017c5   Thumb Code    18  stm32f10x_gpio.o(i.GPIO_ReadInputDataBit)
    GPIO_ReadOutputDataBit                   0x080017d7   Thumb Code    18  stm32f10x_gpio.o(i.GPIO_ReadOutputDataBit)
    GPIO_ResetBits                           0x080017e9   Thumb Code     4  stm32f10x_gpio.o(i.GPIO_ResetBits)
    GPIO_SetBits                             0x080017ed   Thumb Code     4  stm32f10x_gpio.o(i.GPIO_SetBits)
    GPIO_WriteBit                            0x080017f1   Thumb Code    10  stm32f10x_gpio.o(i.GPIO_WriteBit)
    GetMaxTime                               0x080017fb   Thumb Code    92  action.o(i.GetMaxTime)
    Kinematics_Analysis                      0x08001859   Thumb Code  1504  kinematics.o(i.Kinematics_Analysis)
    LED_Init                                 0x08001e65   Thumb Code    50  led.o(i.LED_Init)
    Led_Blink                                0x08001e9d   Thumb Code    60  application.o(i.Led_Blink)
    Loop_Action                              0x08001ee1   Thumb Code   192  action.o(i.Loop_Action)
    Loop_Uart                                0x08001fcd   Thumb Code    88  application.o(i.Loop_Uart)
    Millis                                   0x08002031   Thumb Code     6  systick.o(i.Millis)
    NVIC_Init                                0x0800203d   Thumb Code   100  misc.o(i.NVIC_Init)
    OLED_Clear                               0x080020ad   Thumb Code    64  oled.o(i.OLED_Clear)
    OLED_DrawBMP                             0x080020ed   Thumb Code   118  oled.o(i.OLED_DrawBMP)
    OLED_Init                                0x08002163   Thumb Code   226  oled.o(i.OLED_Init)
    OLED_SetPos                              0x08002245   Thumb Code    42  oled.o(i.OLED_SetPos)
    OLED_WRByte                              0x0800226f   Thumb Code    34  oled.o(i.OLED_WRByte)
    Parameter_Init                           0x08002291   Thumb Code   164  application.o(i.Parameter_Init)
    ParsePsx_Buf                             0x08002365   Thumb Code   552  app_ps2.o(i.ParsePsx_Buf)
    Parse_Action                             0x080025c1   Thumb Code   768  protocol.o(i.Parse_Action)
    Parse_Cmd                                0x0800291d   Thumb Code   782  protocol.o(i.Parse_Cmd)
    Parse_Group_Cmd                          0x08002e01   Thumb Code    88  protocol.o(i.Parse_Group_Cmd)
    PidInit                                  0x08002e89   Thumb Code    52  servopid.o(i.PidInit)
    Ps2_Init                                 0x08002ec5   Thumb Code   122  ps2.o(i.Ps2_Init)
    Ps2_Transfer                             0x08002f49   Thumb Code   104  ps2.o(i.Ps2_Transfer)
    Ps2_WriteRead                            0x08002fb9   Thumb Code   114  ps2.o(i.Ps2_WriteRead)
    PwmServoInit                             0x08003035   Thumb Code   192  pwmservo.o(i.PwmServoInit)
    PwmServoStop                             0x08003105   Thumb Code    88  pwmservo.o(i.PwmServoStop)
    PwmServo_DoingSet                        0x08003161   Thumb Code   242  pwmservo.o(i.PwmServo_DoingSet)
    PwmServo_IncOffset                       0x08003261   Thumb Code   176  pwmservo.o(i.PwmServo_IncOffset)
    PwmServo_PinSet                          0x08003315   Thumb Code   116  pwmservo.o(i.PwmServo_PinSet)
    PwmServo_SetAngle                        0x0800338d   Thumb Code   122  pwmservo.o(i.PwmServo_SetAngle)
    RCC_APB1PeriphClockCmd                   0x08003415   Thumb Code    26  stm32f10x_rcc.o(i.RCC_APB1PeriphClockCmd)
    RCC_APB1PeriphResetCmd                   0x08003435   Thumb Code    26  stm32f10x_rcc.o(i.RCC_APB1PeriphResetCmd)
    RCC_APB2PeriphClockCmd                   0x08003455   Thumb Code    26  stm32f10x_rcc.o(i.RCC_APB2PeriphClockCmd)
    RCC_APB2PeriphResetCmd                   0x08003475   Thumb Code    26  stm32f10x_rcc.o(i.RCC_APB2PeriphResetCmd)
    RCC_DeInit                               0x08003495   Thumb Code    64  stm32f10x_rcc.o(i.RCC_DeInit)
    RCC_GetClocksFreq                        0x080034e1   Thumb Code   192  stm32f10x_rcc.o(i.RCC_GetClocksFreq)
    RCC_GetFlagStatus                        0x080035b5   Thumb Code    56  stm32f10x_rcc.o(i.RCC_GetFlagStatus)
    RCC_GetSYSCLKSource                      0x080035f1   Thumb Code    10  stm32f10x_rcc.o(i.RCC_GetSYSCLKSource)
    RCC_HCLKConfig                           0x08003601   Thumb Code    18  stm32f10x_rcc.o(i.RCC_HCLKConfig)
    RCC_HSEConfig                            0x08003619   Thumb Code    70  stm32f10x_rcc.o(i.RCC_HSEConfig)
    RCC_PCLK1Config                          0x08003665   Thumb Code    18  stm32f10x_rcc.o(i.RCC_PCLK1Config)
    RCC_PCLK2Config                          0x0800367d   Thumb Code    20  stm32f10x_rcc.o(i.RCC_PCLK2Config)
    RCC_PLLCmd                               0x08003695   Thumb Code     6  stm32f10x_rcc.o(i.RCC_PLLCmd)
    RCC_PLLConfig                            0x080036a1   Thumb Code    24  stm32f10x_rcc.o(i.RCC_PLLConfig)
    RCC_SYSCLKConfig                         0x080036bd   Thumb Code    18  stm32f10x_rcc.o(i.RCC_SYSCLKConfig)
    RCC_WaitForHSEStartUp                    0x080036d5   Thumb Code    56  stm32f10x_rcc.o(i.RCC_WaitForHSEStartUp)
    Rcc_Init                                 0x0800370d   Thumb Code    94  rcc.o(i.Rcc_Init)
    Replace_Char                             0x0800376b   Thumb Code    20  global.o(i.Replace_Char)
    Rewrite_Eeprom                           0x08003781   Thumb Code    22  protocol.o(i.Rewrite_Eeprom)
    SPI_Cmd                                  0x080037a1   Thumb Code    24  stm32f10x_spi.o(i.SPI_Cmd)
    SPI_I2S_GetFlagStatus                    0x080037b9   Thumb Code    18  stm32f10x_spi.o(i.SPI_I2S_GetFlagStatus)
    SPI_I2S_ReceiveData                      0x080037cb   Thumb Code     6  stm32f10x_spi.o(i.SPI_I2S_ReceiveData)
    SPI_I2S_SendData                         0x080037d1   Thumb Code     4  stm32f10x_spi.o(i.SPI_I2S_SendData)
    SPI_Init                                 0x080037d5   Thumb Code    60  stm32f10x_spi.o(i.SPI_Init)
    SWJGpio_Init                             0x08003811   Thumb Code    20  sys.o(i.SWJGpio_Init)
    Save_Action                              0x08003829   Thumb Code   244  protocol.o(i.Save_Action)
    Send                                     0x08003951   Thumb Code   114  soft_i2c.o(i.Send)
    ServoState_Init                          0x080039c9   Thumb Code    86  application.o(i.ServoState_Init)
    SetPrintfUart                            0x08003a29   Thumb Code     6  uart.o(i.SetPrintfUart)
    SoftI2C_init                             0x08003b1d   Thumb Code    96  soft_i2c.o(i.SoftI2C_init)
    SoftI2C_write                            0x08003b81   Thumb Code    88  soft_i2c.o(i.SoftI2C_write)
    Soft_Reset                               0x08003bd9   Thumb Code    38  sys.o(i.Soft_Reset)
    SpiFlash_Erase_Sector                    0x08003c09   Thumb Code    70  spi_flash.o(i.SpiFlash_Erase_Sector)
    SpiFlash_Init                            0x08003c55   Thumb Code   164  spi_flash.o(i.SpiFlash_Init)
    SpiFlash_Read                            0x08003d09   Thumb Code    84  spi_flash.o(i.SpiFlash_Read)
    SpiFlash_Read_SR                         0x08003d61   Thumb Code    44  spi_flash.o(i.SpiFlash_Read_SR)
    SpiFlash_Wait_Busy                       0x08003d91   Thumb Code    18  spi_flash.o(i.SpiFlash_Wait_Busy)
    SpiFlash_Write_Enable                    0x08003da5   Thumb Code    32  spi_flash.o(i.SpiFlash_Write_Enable)
    SpiFlash_Write_No_Check                  0x08003dc9   Thumb Code    70  spi_flash.o(i.SpiFlash_Write_No_Check)
    SpiFlash_Write_Page                      0x08003e11   Thumb Code   102  spi_flash.o(i.SpiFlash_Write_Page)
    SpiFlash_Write_S                         0x08003e7d   Thumb Code   176  spi_flash.o(i.SpiFlash_Write_S)
    Spi_SetSpeed                             0x08003f31   Thumb Code    26  spi_flash.o(i.Spi_SetSpeed)
    Spi_WriteRead                            0x08003f55   Thumb Code    78  spi_flash.o(i.Spi_WriteRead)
    Start                                    0x08003fa9   Thumb Code   106  soft_i2c.o(i.Start)
    Stop                                     0x08004019   Thumb Code    88  soft_i2c.o(i.Stop)
    Str_Contain_Str                          0x08004075   Thumb Code    74  global.o(i.Str_Contain_Str)
    SysTickInit                              0x080040c1   Thumb Code    84  systick.o(i.SysTickInit)
    SysTick_Handler                          0x08004121   Thumb Code    12  systick.o(i.SysTick_Handler)
    SystemInit                               0x08004131   Thumb Code    78  system_stm32f10x.o(i.SystemInit)
    TIM1_Init                                0x08004191   Thumb Code    98  timer.o(i.TIM1_Init)
    TIM2_IRQHandler                          0x080041f9   Thumb Code   148  timer.o(i.TIM2_IRQHandler)
    TIM2_Init                                0x08004299   Thumb Code   102  timer.o(i.TIM2_Init)
    TIM_ARRPreloadConfig                     0x080042ff   Thumb Code    24  stm32f10x_tim.o(i.TIM_ARRPreloadConfig)
    TIM_ClearITPendingBit                    0x08004317   Thumb Code     6  stm32f10x_tim.o(i.TIM_ClearITPendingBit)
    TIM_Cmd                                  0x0800431d   Thumb Code    24  stm32f10x_tim.o(i.TIM_Cmd)
    TIM_GetITStatus                          0x08004335   Thumb Code    34  stm32f10x_tim.o(i.TIM_GetITStatus)
    TIM_ITConfig                             0x08004357   Thumb Code    18  stm32f10x_tim.o(i.TIM_ITConfig)
    TIM_TimeBaseInit                         0x08004369   Thumb Code   122  stm32f10x_tim.o(i.TIM_TimeBaseInit)
    USART1_IRQHandler                        0x0800440d   Thumb Code   270  uart.o(i.USART1_IRQHandler)
    USART2_IRQHandler                        0x08004531   Thumb Code   270  uart.o(i.USART2_IRQHandler)
    USART3_IRQHandler                        0x08004655   Thumb Code   282  uart.o(i.USART3_IRQHandler)
    USART_ClearITPendingBit                  0x08004789   Thumb Code    30  stm32f10x_usart.o(i.USART_ClearITPendingBit)
    USART_Cmd                                0x080047a7   Thumb Code    24  stm32f10x_usart.o(i.USART_Cmd)
    USART_DeInit                             0x080047c1   Thumb Code   134  stm32f10x_usart.o(i.USART_DeInit)
    USART_GetFlagStatus                      0x0800485d   Thumb Code    26  stm32f10x_usart.o(i.USART_GetFlagStatus)
    USART_HalfDuplexCmd                      0x08004877   Thumb Code    24  stm32f10x_usart.o(i.USART_HalfDuplexCmd)
    USART_ITConfig                           0x0800488f   Thumb Code    74  stm32f10x_usart.o(i.USART_ITConfig)
    USART_Init                               0x080048d9   Thumb Code   210  stm32f10x_usart.o(i.USART_Init)
    USART_ReceiveData                        0x080049b1   Thumb Code    10  stm32f10x_usart.o(i.USART_ReceiveData)
    USART_SendData                           0x080049bb   Thumb Code     8  stm32f10x_usart.o(i.USART_SendData)
    USTimer_Init                             0x080049c5   Thumb Code    44  ultrasonic.o(i.USTimer_Init)
    US_Init                                  0x080049f5   Thumb Code    62  ultrasonic.o(i.US_Init)
    Uart1_Init                               0x08004a39   Thumb Code   180  uart.o(i.Uart1_Init)
    Uart1_Print                              0x08004af5   Thumb Code    38  uart.o(i.Uart1_Print)
    Uart2_Init                               0x08004b21   Thumb Code   156  uart.o(i.Uart2_Init)
    Uart3_Init                               0x08004bc5   Thumb Code   172  uart.o(i.Uart3_Init)
    UartAll_Printf                           0x08004c79   Thumb Code    48  uart.o(i.UartAll_Printf)
    Uart_Init                                0x08004cad   Thumb Code    28  application.o(i.Uart_Init)
    Wait_Ack                                 0x08004cc9   Thumb Code   148  soft_i2c.o(i.Wait_Ack)
    __0printf                                0x08004d61   Thumb Code    22  printfa.o(i.__0printf)
    __1printf                                0x08004d61   Thumb Code     0  printfa.o(i.__0printf)
    __2printf                                0x08004d61   Thumb Code     0  printfa.o(i.__0printf)
    __c89printf                              0x08004d61   Thumb Code     0  printfa.o(i.__0printf)
    printf                                   0x08004d61   Thumb Code     0  printfa.o(i.__0printf)
    __0sprintf                               0x08004d81   Thumb Code    34  printfa.o(i.__0sprintf)
    __1sprintf                               0x08004d81   Thumb Code     0  printfa.o(i.__0sprintf)
    __2sprintf                               0x08004d81   Thumb Code     0  printfa.o(i.__0sprintf)
    __c89sprintf                             0x08004d81   Thumb Code     0  printfa.o(i.__0sprintf)
    sprintf                                  0x08004d81   Thumb Code     0  printfa.o(i.__0sprintf)
    __ARM_fpclassify                         0x08004da9   Thumb Code    40  fpclassify.o(i.__ARM_fpclassify)
    __ieee754_rem_pio2                       0x08004dd1   Thumb Code   828  rred.o(i.__ieee754_rem_pio2)
    __kernel_cos                             0x08005159   Thumb Code   230  cos_i.o(i.__kernel_cos)
    __kernel_poly                            0x08005255   Thumb Code   170  poly.o(i.__kernel_poly)
    __kernel_sin                             0x08005301   Thumb Code   224  sin_i.o(i.__kernel_sin)
    __mathlib_dbl_infnan                     0x080053ed   Thumb Code     6  dunder.o(i.__mathlib_dbl_infnan)
    __mathlib_dbl_invalid                    0x080053f3   Thumb Code    12  dunder.o(i.__mathlib_dbl_invalid)
    __mathlib_dbl_underflow                  0x08005401   Thumb Code    10  dunder.o(i.__mathlib_dbl_underflow)
    __scatterload_copy                       0x08005411   Thumb Code    14  handlers.o(i.__scatterload_copy)
    __scatterload_null                       0x0800541f   Thumb Code     2  handlers.o(i.__scatterload_null)
    __scatterload_zeroinit                   0x08005421   Thumb Code    14  handlers.o(i.__scatterload_zeroinit)
    __set_errno                              0x08005431   Thumb Code     6  errno.o(i.__set_errno)
    _is_digit                                0x080055c1   Thumb Code    14  scanf_fp.o(i._is_digit)
    abs_float                                0x08005d09   Thumb Code    24  global.o(i.abs_float)
    acos                                     0x08005d21   Thumb Code   574  acos.o(i.acos)
    atan                                     0x08005f9d   Thumb Code   474  atan.o(i.atan)
    cos                                      0x080061bd   Thumb Code   148  cos.o(i.cos)
    fmax                                     0x08006259   Thumb Code    66  fmax.o(i.fmax)
    fmin                                     0x0800629b   Thumb Code    66  fmin.o(i.fmin)
    fputc                                    0x080062dd   Thumb Code   108  uart.o(i.fputc)
    kinematics_Move                          0x08006359   Thumb Code   232  kinematics.o(i.kinematics_Move)
    loop_app                                 0x080064c9   Thumb Code    24  application.o(i.loop_app)
    main                                     0x080064e1   Thumb Code    30  main.o(i.main)
    setup_app                                0x08006505   Thumb Code   106  application.o(i.setup_app)
    setup_run_action                         0x0800657d   Thumb Code    40  application.o(i.setup_run_action)
    sin                                      0x080065ad   Thumb Code   150  sin.o(i.sin)
    sqrt                                     0x0800664d   Thumb Code    76  sqrt.o(i.sqrt)
    __ctype_categories                       0x080068a0   Data          64  ctype_c.o(.constdata)
    Region$$Table$$Base                      0x08006c48   Number         0  anon$$obj.o(Region$$Table)
    Region$$Table$$Limit                     0x08006c68   Number         0  anon$$obj.o(Region$$Table)
    BMP                                      0x20000000   Data        1024  main.o(.data)
    group_do_ok                              0x20000408   Data           1  action.o(.data)
    do_start_index                           0x2000040c   Data           4  action.o(.data)
    do_time                                  0x20000410   Data           4  action.o(.data)
    group_num_start                          0x20000414   Data           4  action.o(.data)
    group_num_end                            0x20000418   Data           4  action.o(.data)
    group_num_times                          0x2000041c   Data           4  action.o(.data)
    action_time                              0x20000420   Data           4  action.o(.data)
    pre_cmd_set_red                          0x20000428   Data          64  app_ps2.o(.data)
    pre_cmd_set_grn                          0x20000468   Data          64  app_ps2.o(.data)
    AI_mode                                  0x200004b6   Data           1  protocol.o(.data)
    fix_raio                                 0x200004b8   Data           4  pwmservo.o(.data)
    SW_Uart                                  0x200004bc   Data           1  uart.o(.data)
    Uart_GetOK                               0x200004be   Data           2  uart.o(.data)
    Uart_Mode                                0x200004c0   Data           1  uart.o(.data)
    GPIO_InitStructure                       0x200004ca   Data           4  spi_flash.o(.data)
    SystemCoreClock                          0x200004d8   Data           4  system_stm32f10x.o(.data)
    AHBPrescTable                            0x200004dc   Data          16  system_stm32f10x.o(.data)
    __stdout                                 0x20000500   Data           4  stdout.o(.data)
    cmd_return                               0x20000508   Data        1024  protocol.o(.bss)
    eeprom_info                              0x20000908   Data         208  protocol.o(.bss)
    kinematics                               0x200009d8   Data          88  kinematics.o(.bss)
    duoji_doing                              0x20000a30   Data         128  pwmservo.o(.bss)
    pid_doing                                0x20000ab0   Data          96  pwmservo.o(.bss)
    Uart_ReceiveBuf                          0x20000b10   Data        1024  uart.o(.bss)
    psx_buf                                  0x20000f10   Data           9  ps2.o(.bss)
    SPI_InitStructure                        0x20000f1a   Data          18  spi_flash.o(.bss)
    W25Q_BUF                                 0x20000f2c   Data        4096  spi_flash.o(.bss)
    __initial_sp                             0x20002330   Data           0  startup_stm32f10x_md.o(STACK)



==============================================================================

Memory Map of the image

  Image Entry point : 0x080000ed

  Load Region LR_IROM1 (Base: 0x08000000, Size: 0x00007170, Max: 0x00010000, ABSOLUTE, COMPRESSED[0x00006db0])

    Execution Region ER_IROM1 (Exec base: 0x08000000, Load base: 0x08000000, Size: 0x00006c68, Max: 0x00010000, ABSOLUTE)

    Exec Addr    Load Addr    Size         Type   Attr      Idx    E Section Name        Object

    0x08000000   0x08000000   0x000000ec   Data   RO         1176    RESET               startup_stm32f10x_md.o
    0x080000ec   0x080000ec   0x00000000   Code   RO         4230  * .ARM.Collect$$$$00000000  mc_w.l(entry.o)
    0x080000ec   0x080000ec   0x00000004   Code   RO         4580    .ARM.Collect$$$$00000001  mc_w.l(entry2.o)
    0x080000f0   0x080000f0   0x00000004   Code   RO         4583    .ARM.Collect$$$$00000004  mc_w.l(entry5.o)
    0x080000f4   0x080000f4   0x00000000   Code   RO         4585    .ARM.Collect$$$$00000008  mc_w.l(entry7b.o)
    0x080000f4   0x080000f4   0x00000000   Code   RO         4587    .ARM.Collect$$$$0000000A  mc_w.l(entry8b.o)
    0x080000f4   0x080000f4   0x00000008   Code   RO         4588    .ARM.Collect$$$$0000000B  mc_w.l(entry9a.o)
    0x080000fc   0x080000fc   0x00000000   Code   RO         4590    .ARM.Collect$$$$0000000D  mc_w.l(entry10a.o)
    0x080000fc   0x080000fc   0x00000000   Code   RO         4592    .ARM.Collect$$$$0000000F  mc_w.l(entry11a.o)
    0x080000fc   0x080000fc   0x00000004   Code   RO         4581    .ARM.Collect$$$$00002712  mc_w.l(entry2.o)
    0x08000100   0x08000100   0x00000024   Code   RO         1177    .text               startup_stm32f10x_md.o
    0x08000124   0x08000124   0x00000024   Code   RO         4233    .text               mc_w.l(memcpya.o)
    0x08000148   0x08000148   0x00000024   Code   RO         4235    .text               mc_w.l(memseta.o)
    0x0800016c   0x0800016c   0x0000000e   Code   RO         4237    .text               mc_w.l(strlen.o)
    0x0800017a   0x0800017a   0x00000012   Code   RO         4239    .text               mc_w.l(strcpy.o)
    0x0800018c   0x0800018c   0x00000038   Code   RO         4504    .text               mc_w.l(__0sscanf.o)
    0x080001c4   0x080001c4   0x0000014c   Code   RO         4506    .text               mc_w.l(_scanf_int.o)
    0x08000310   0x08000310   0x00000360   Code   RO         4508    .text               mc_w.l(scanf_fp.o)
    0x08000670   0x08000670   0x000000b0   Code   RO         4512    .text               mf_w.l(fadd.o)
    0x08000720   0x08000720   0x00000064   Code   RO         4514    .text               mf_w.l(fmul.o)
    0x08000784   0x08000784   0x0000007c   Code   RO         4516    .text               mf_w.l(fdiv.o)
    0x08000800   0x08000800   0x0000014e   Code   RO         4518    .text               mf_w.l(dadd.o)
    0x0800094e   0x0800094e   0x000000e4   Code   RO         4520    .text               mf_w.l(dmul.o)
    0x08000a32   0x08000a32   0x000000de   Code   RO         4522    .text               mf_w.l(ddiv.o)
    0x08000b10   0x08000b10   0x00000012   Code   RO         4524    .text               mf_w.l(fflti.o)
    0x08000b22   0x08000b22   0x0000000a   Code   RO         4526    .text               mf_w.l(ffltui.o)
    0x08000b2c   0x08000b2c   0x0000001a   Code   RO         4528    .text               mf_w.l(dfltui.o)
    0x08000b46   0x08000b46   0x00000032   Code   RO         4530    .text               mf_w.l(ffixi.o)
    0x08000b78   0x08000b78   0x00000028   Code   RO         4532    .text               mf_w.l(ffixui.o)
    0x08000ba0   0x08000ba0   0x0000003e   Code   RO         4534    .text               mf_w.l(dfixi.o)
    0x08000bde   0x08000bde   0x00000026   Code   RO         4536    .text               mf_w.l(f2d.o)
    0x08000c04   0x08000c04   0x00000030   Code   RO         4538    .text               mf_w.l(cdcmple.o)
    0x08000c34   0x08000c34   0x00000030   Code   RO         4540    .text               mf_w.l(cdrcmple.o)
    0x08000c64   0x08000c64   0x00000038   Code   RO         4542    .text               mf_w.l(d2f.o)
    0x08000c9c   0x08000c9c   0x00000014   Code   RO         4544    .text               mf_w.l(cfcmple.o)
    0x08000cb0   0x08000cb0   0x00000014   Code   RO         4546    .text               mf_w.l(cfrcmple.o)
    0x08000cc4   0x08000cc4   0x0000002c   Code   RO         4595    .text               mc_w.l(uidiv.o)
    0x08000cf0   0x08000cf0   0x00000062   Code   RO         4597    .text               mc_w.l(uldiv.o)
    0x08000d52   0x08000d52   0x0000001e   Code   RO         4599    .text               mc_w.l(llshl.o)
    0x08000d70   0x08000d70   0x00000020   Code   RO         4601    .text               mc_w.l(llushr.o)
    0x08000d90   0x08000d90   0x00000024   Code   RO         4603    .text               mc_w.l(llsshr.o)
    0x08000db4   0x08000db4   0x0000001c   Code   RO         4612    .text               mc_w.l(_chval.o)
    0x08000dd0   0x08000dd0   0x00000028   Code   RO         4614    .text               mc_w.l(scanf_char.o)
    0x08000df8   0x08000df8   0x00000040   Code   RO         4616    .text               mc_w.l(_sgetc.o)
    0x08000e38   0x08000e38   0x00000000   Code   RO         4618    .text               mc_w.l(iusefp.o)
    0x08000e38   0x08000e38   0x0000006e   Code   RO         4619    .text               mf_w.l(fepilogue.o)
    0x08000ea6   0x08000ea6   0x000000ba   Code   RO         4621    .text               mf_w.l(depilogue.o)
    0x08000f60   0x08000f60   0x0000002e   Code   RO         4623    .text               mf_w.l(dscalb.o)
    0x08000f8e   0x08000f8e   0x000000a2   Code   RO         4625    .text               mf_w.l(dsqrt.o)
    0x08001030   0x08001030   0x00000018   Code   RO         4627    .text               mf_w.l(dfltul.o)
    0x08001048   0x08001048   0x00000030   Code   RO         4629    .text               mf_w.l(dfixul.o)
    0x08001078   0x08001078   0x00000060   Code   RO         4631    .text               mf_w.l(dcmp4.o)
    0x080010d8   0x080010d8   0x00000024   Code   RO         4633    .text               mc_w.l(init.o)
    0x080010fc   0x080010fc   0x0000000a   Code   RO         4635    .text               mc_w.l(isspace_c.o)
    0x08001106   0x08001106   0x00000002   PAD
    0x08001108   0x08001108   0x0000032c   Code   RO         4637    .text               mc_w.l(_scanf.o)
    0x08001434   0x08001434   0x00000022   Code   RO         4639    .text               mf_w.l(dflti.o)
    0x08001456   0x08001456   0x00000002   PAD
    0x08001458   0x08001458   0x00000028   Code   RO         4641    .text               mc_w.l(ctype_c.o)
    0x08001480   0x08001480   0x00000056   Code   RO         4652    .text               mc_w.l(__dczerorl2.o)
    0x080014d6   0x080014d6   0x00000002   PAD
    0x080014d8   0x080014d8   0x00000060   Code   RO          382    i.AppPs2Run         app_ps2.o
    0x08001538   0x08001538   0x00000034   Code   RO          769    i.Buzzer_Init       beep.o
    0x0800156c   0x0800156c   0x00000034   Code   RO          265    i.Buzzer_times      application.o
    0x080015a0   0x080015a0   0x00000020   Code   RO         1084    i.Delay_ms          systick.o
    0x080015c0   0x080015c0   0x00000028   Code   RO         1086    i.Delay_us          systick.o
    0x080015e8   0x080015e8   0x00000034   Code   RO          332    i.DoGroup_Once      action.o
    0x0800161c   0x0800161c   0x00000116   Code   RO         2366    i.GPIO_Init         stm32f10x_gpio.o
    0x08001732   0x08001732   0x00000002   PAD
    0x08001734   0x08001734   0x00000090   Code   RO         2368    i.GPIO_PinRemapConfig  stm32f10x_gpio.o
    0x080017c4   0x080017c4   0x00000012   Code   RO         2370    i.GPIO_ReadInputDataBit  stm32f10x_gpio.o
    0x080017d6   0x080017d6   0x00000012   Code   RO         2372    i.GPIO_ReadOutputDataBit  stm32f10x_gpio.o
    0x080017e8   0x080017e8   0x00000004   Code   RO         2373    i.GPIO_ResetBits    stm32f10x_gpio.o
    0x080017ec   0x080017ec   0x00000004   Code   RO         2374    i.GPIO_SetBits      stm32f10x_gpio.o
    0x080017f0   0x080017f0   0x0000000a   Code   RO         2377    i.GPIO_WriteBit     stm32f10x_gpio.o
    0x080017fa   0x080017fa   0x0000005c   Code   RO          333    i.GetMaxTime        action.o
    0x08001856   0x08001856   0x00000002   PAD
    0x08001858   0x08001858   0x0000060c   Code   RO          491    i.Kinematics_Analysis  kinematics.o
    0x08001e64   0x08001e64   0x00000038   Code   RO          800    i.LED_Init          led.o
    0x08001e9c   0x08001e9c   0x00000044   Code   RO          266    i.Led_Blink         application.o
    0x08001ee0   0x08001ee0   0x000000ec   Code   RO          334    i.Loop_Action       action.o
    0x08001fcc   0x08001fcc   0x00000064   Code   RO          267    i.Loop_Uart         application.o
    0x08002030   0x08002030   0x0000000c   Code   RO         1087    i.Millis            systick.o
    0x0800203c   0x0800203c   0x00000070   Code   RO         1215    i.NVIC_Init         misc.o
    0x080020ac   0x080020ac   0x00000040   Code   RO          521    i.OLED_Clear        oled.o
    0x080020ec   0x080020ec   0x00000076   Code   RO          524    i.OLED_DrawBMP      oled.o
    0x08002162   0x08002162   0x000000e2   Code   RO          526    i.OLED_Init         oled.o
    0x08002244   0x08002244   0x0000002a   Code   RO          529    i.OLED_SetPos       oled.o
    0x0800226e   0x0800226e   0x00000022   Code   RO          533    i.OLED_WRByte       oled.o
    0x08002290   0x08002290   0x000000d4   Code   RO          268    i.Parameter_Init    application.o
    0x08002364   0x08002364   0x0000025c   Code   RO          383    i.ParsePsx_Buf      app_ps2.o
    0x080025c0   0x080025c0   0x0000035c   Code   RO          421    i.Parse_Action      protocol.o
    0x0800291c   0x0800291c   0x000004e4   Code   RO          422    i.Parse_Cmd         protocol.o
    0x08002e00   0x08002e00   0x00000088   Code   RO          423    i.Parse_Group_Cmd   protocol.o
    0x08002e88   0x08002e88   0x0000003c   Code   RO          464    i.PidInit           servopid.o
    0x08002ec4   0x08002ec4   0x00000084   Code   RO          812    i.Ps2_Init          ps2.o
    0x08002f48   0x08002f48   0x00000070   Code   RO          813    i.Ps2_Transfer      ps2.o
    0x08002fb8   0x08002fb8   0x0000007c   Code   RO          814    i.Ps2_WriteRead     ps2.o
    0x08003034   0x08003034   0x000000d0   Code   RO          635    i.PwmServoInit      pwmservo.o
    0x08003104   0x08003104   0x0000005c   Code   RO          636    i.PwmServoStop      pwmservo.o
    0x08003160   0x08003160   0x00000100   Code   RO          638    i.PwmServo_DoingSet  pwmservo.o
    0x08003260   0x08003260   0x000000b4   Code   RO          639    i.PwmServo_IncOffset  pwmservo.o
    0x08003314   0x08003314   0x00000078   Code   RO          640    i.PwmServo_PinSet   pwmservo.o
    0x0800338c   0x0800338c   0x00000088   Code   RO          641    i.PwmServo_SetAngle  pwmservo.o
    0x08003414   0x08003414   0x00000020   Code   RO         2782    i.RCC_APB1PeriphClockCmd  stm32f10x_rcc.o
    0x08003434   0x08003434   0x00000020   Code   RO         2783    i.RCC_APB1PeriphResetCmd  stm32f10x_rcc.o
    0x08003454   0x08003454   0x00000020   Code   RO         2784    i.RCC_APB2PeriphClockCmd  stm32f10x_rcc.o
    0x08003474   0x08003474   0x00000020   Code   RO         2785    i.RCC_APB2PeriphResetCmd  stm32f10x_rcc.o
    0x08003494   0x08003494   0x0000004c   Code   RO         2791    i.RCC_DeInit        stm32f10x_rcc.o
    0x080034e0   0x080034e0   0x000000d4   Code   RO         2792    i.RCC_GetClocksFreq  stm32f10x_rcc.o
    0x080035b4   0x080035b4   0x0000003c   Code   RO         2793    i.RCC_GetFlagStatus  stm32f10x_rcc.o
    0x080035f0   0x080035f0   0x00000010   Code   RO         2795    i.RCC_GetSYSCLKSource  stm32f10x_rcc.o
    0x08003600   0x08003600   0x00000018   Code   RO         2796    i.RCC_HCLKConfig    stm32f10x_rcc.o
    0x08003618   0x08003618   0x0000004c   Code   RO         2797    i.RCC_HSEConfig     stm32f10x_rcc.o
    0x08003664   0x08003664   0x00000018   Code   RO         2803    i.RCC_PCLK1Config   stm32f10x_rcc.o
    0x0800367c   0x0800367c   0x00000018   Code   RO         2804    i.RCC_PCLK2Config   stm32f10x_rcc.o
    0x08003694   0x08003694   0x0000000c   Code   RO         2805    i.RCC_PLLCmd        stm32f10x_rcc.o
    0x080036a0   0x080036a0   0x0000001c   Code   RO         2806    i.RCC_PLLConfig     stm32f10x_rcc.o
    0x080036bc   0x080036bc   0x00000018   Code   RO         2809    i.RCC_SYSCLKConfig  stm32f10x_rcc.o
    0x080036d4   0x080036d4   0x00000038   Code   RO         2811    i.RCC_WaitForHSEStartUp  stm32f10x_rcc.o
    0x0800370c   0x0800370c   0x0000005e   Code   RO         1044    i.Rcc_Init          rcc.o
    0x0800376a   0x0800376a   0x00000014   Code   RO          195    i.Replace_Char      global.o
    0x0800377e   0x0800377e   0x00000002   PAD
    0x08003780   0x08003780   0x00000020   Code   RO          424    i.Rewrite_Eeprom    protocol.o
    0x080037a0   0x080037a0   0x00000018   Code   RO         3261    i.SPI_Cmd           stm32f10x_spi.o
    0x080037b8   0x080037b8   0x00000012   Code   RO         3269    i.SPI_I2S_GetFlagStatus  stm32f10x_spi.o
    0x080037ca   0x080037ca   0x00000006   Code   RO         3272    i.SPI_I2S_ReceiveData  stm32f10x_spi.o
    0x080037d0   0x080037d0   0x00000004   Code   RO         3273    i.SPI_I2S_SendData  stm32f10x_spi.o
    0x080037d4   0x080037d4   0x0000003c   Code   RO         3274    i.SPI_Init          stm32f10x_spi.o
    0x08003810   0x08003810   0x00000018   Code   RO         1057    i.SWJGpio_Init      sys.o
    0x08003828   0x08003828   0x00000128   Code   RO          425    i.Save_Action       protocol.o
    0x08003950   0x08003950   0x00000078   Code   RO          979    i.Send              soft_i2c.o
    0x080039c8   0x080039c8   0x00000060   Code   RO          269    i.ServoState_Init   application.o
    0x08003a28   0x08003a28   0x0000000c   Code   RO          690    i.SetPrintfUart     uart.o
    0x08003a34   0x08003a34   0x00000008   Code   RO         1181    i.SetSysClock       system_stm32f10x.o
    0x08003a3c   0x08003a3c   0x000000e0   Code   RO         1182    i.SetSysClockTo72   system_stm32f10x.o
    0x08003b1c   0x08003b1c   0x00000064   Code   RO          981    i.SoftI2C_init      soft_i2c.o
    0x08003b80   0x08003b80   0x00000058   Code   RO          983    i.SoftI2C_write     soft_i2c.o
    0x08003bd8   0x08003bd8   0x00000030   Code   RO         1058    i.Soft_Reset        sys.o
    0x08003c08   0x08003c08   0x0000004c   Code   RO          843    i.SpiFlash_Erase_Sector  spi_flash.o
    0x08003c54   0x08003c54   0x000000b4   Code   RO          844    i.SpiFlash_Init     spi_flash.o
    0x08003d08   0x08003d08   0x00000058   Code   RO          846    i.SpiFlash_Read     spi_flash.o
    0x08003d60   0x08003d60   0x00000030   Code   RO          849    i.SpiFlash_Read_SR  spi_flash.o
    0x08003d90   0x08003d90   0x00000012   Code   RO          850    i.SpiFlash_Wait_Busy  spi_flash.o
    0x08003da2   0x08003da2   0x00000002   PAD
    0x08003da4   0x08003da4   0x00000024   Code   RO          853    i.SpiFlash_Write_Enable  spi_flash.o
    0x08003dc8   0x08003dc8   0x00000046   Code   RO          854    i.SpiFlash_Write_No_Check  spi_flash.o
    0x08003e0e   0x08003e0e   0x00000002   PAD
    0x08003e10   0x08003e10   0x0000006c   Code   RO          855    i.SpiFlash_Write_Page  spi_flash.o
    0x08003e7c   0x08003e7c   0x000000b4   Code   RO          856    i.SpiFlash_Write_S  spi_flash.o
    0x08003f30   0x08003f30   0x00000024   Code   RO          861    i.Spi_SetSpeed      spi_flash.o
    0x08003f54   0x08003f54   0x00000054   Code   RO          862    i.Spi_WriteRead     spi_flash.o
    0x08003fa8   0x08003fa8   0x00000070   Code   RO          985    i.Start             soft_i2c.o
    0x08004018   0x08004018   0x0000005c   Code   RO          986    i.Stop              soft_i2c.o
    0x08004074   0x08004074   0x0000004a   Code   RO          197    i.Str_Contain_Str   global.o
    0x080040be   0x080040be   0x00000002   PAD
    0x080040c0   0x080040c0   0x00000060   Code   RO         1088    i.SysTickInit       systick.o
    0x08004120   0x08004120   0x00000010   Code   RO         1089    i.SysTick_Handler   systick.o
    0x08004130   0x08004130   0x00000060   Code   RO         1184    i.SystemInit        system_stm32f10x.o
    0x08004190   0x08004190   0x00000068   Code   RO         1133    i.TIM1_Init         timer.o
    0x080041f8   0x080041f8   0x000000a0   Code   RO         1134    i.TIM2_IRQHandler   timer.o
    0x08004298   0x08004298   0x00000066   Code   RO         1135    i.TIM2_Init         timer.o
    0x080042fe   0x080042fe   0x00000018   Code   RO         3404    i.TIM_ARRPreloadConfig  stm32f10x_tim.o
    0x08004316   0x08004316   0x00000006   Code   RO         3411    i.TIM_ClearITPendingBit  stm32f10x_tim.o
    0x0800431c   0x0800431c   0x00000018   Code   RO         3416    i.TIM_Cmd           stm32f10x_tim.o
    0x08004334   0x08004334   0x00000022   Code   RO         3437    i.TIM_GetITStatus   stm32f10x_tim.o
    0x08004356   0x08004356   0x00000012   Code   RO         3441    i.TIM_ITConfig      stm32f10x_tim.o
    0x08004368   0x08004368   0x000000a4   Code   RO         3487    i.TIM_TimeBaseInit  stm32f10x_tim.o
    0x0800440c   0x0800440c   0x00000124   Code   RO          691    i.USART1_IRQHandler  uart.o
    0x08004530   0x08004530   0x00000124   Code   RO          692    i.USART2_IRQHandler  uart.o
    0x08004654   0x08004654   0x00000134   Code   RO          693    i.USART3_IRQHandler  uart.o
    0x08004788   0x08004788   0x0000001e   Code   RO         3949    i.USART_ClearITPendingBit  stm32f10x_usart.o
    0x080047a6   0x080047a6   0x00000018   Code   RO         3952    i.USART_Cmd         stm32f10x_usart.o
    0x080047be   0x080047be   0x00000002   PAD
    0x080047c0   0x080047c0   0x0000009c   Code   RO         3954    i.USART_DeInit      stm32f10x_usart.o
    0x0800485c   0x0800485c   0x0000001a   Code   RO         3955    i.USART_GetFlagStatus  stm32f10x_usart.o
    0x08004876   0x08004876   0x00000018   Code   RO         3957    i.USART_HalfDuplexCmd  stm32f10x_usart.o
    0x0800488e   0x0800488e   0x0000004a   Code   RO         3958    i.USART_ITConfig    stm32f10x_usart.o
    0x080048d8   0x080048d8   0x000000d8   Code   RO         3959    i.USART_Init        stm32f10x_usart.o
    0x080049b0   0x080049b0   0x0000000a   Code   RO         3966    i.USART_ReceiveData  stm32f10x_usart.o
    0x080049ba   0x080049ba   0x00000008   Code   RO         3969    i.USART_SendData    stm32f10x_usart.o
    0x080049c2   0x080049c2   0x00000002   PAD
    0x080049c4   0x080049c4   0x00000030   Code   RO          611    i.USTimer_Init      ultrasonic.o
    0x080049f4   0x080049f4   0x00000044   Code   RO          613    i.US_Init           ultrasonic.o
    0x08004a38   0x08004a38   0x000000bc   Code   RO          694    i.Uart1_Init        uart.o
    0x08004af4   0x08004af4   0x0000002c   Code   RO          695    i.Uart1_Print       uart.o
    0x08004b20   0x08004b20   0x000000a4   Code   RO          696    i.Uart2_Init        uart.o
    0x08004bc4   0x08004bc4   0x000000b4   Code   RO          697    i.Uart3_Init        uart.o
    0x08004c78   0x08004c78   0x00000034   Code   RO          698    i.UartAll_Printf    uart.o
    0x08004cac   0x08004cac   0x0000001c   Code   RO          270    i.Uart_Init         application.o
    0x08004cc8   0x08004cc8   0x00000098   Code   RO          987    i.Wait_Ack          soft_i2c.o
    0x08004d60   0x08004d60   0x00000020   Code   RO         4476    i.__0printf         mc_w.l(printfa.o)
    0x08004d80   0x08004d80   0x00000028   Code   RO         4478    i.__0sprintf        mc_w.l(printfa.o)
    0x08004da8   0x08004da8   0x00000028   Code   RO         4565    i.__ARM_fpclassify  m_ws.l(fpclassify.o)
    0x08004dd0   0x08004dd0   0x00000388   Code   RO         4569    i.__ieee754_rem_pio2  m_ws.l(rred.o)
    0x08005158   0x08005158   0x000000fc   Code   RO         4548    i.__kernel_cos      m_ws.l(cos_i.o)
    0x08005254   0x08005254   0x000000aa   Code   RO         4567    i.__kernel_poly     m_ws.l(poly.o)
    0x080052fe   0x080052fe   0x00000002   PAD
    0x08005300   0x08005300   0x000000ec   Code   RO         4574    i.__kernel_sin      m_ws.l(sin_i.o)
    0x080053ec   0x080053ec   0x00000006   Code   RO         4552    i.__mathlib_dbl_infnan  m_ws.l(dunder.o)
    0x080053f2   0x080053f2   0x0000000c   Code   RO         4554    i.__mathlib_dbl_invalid  m_ws.l(dunder.o)
    0x080053fe   0x080053fe   0x00000002   PAD
    0x08005400   0x08005400   0x00000010   Code   RO         4557    i.__mathlib_dbl_underflow  m_ws.l(dunder.o)
    0x08005410   0x08005410   0x0000000e   Code   RO         4646    i.__scatterload_copy  mc_w.l(handlers.o)
    0x0800541e   0x0800541e   0x00000002   Code   RO         4647    i.__scatterload_null  mc_w.l(handlers.o)
    0x08005420   0x08005420   0x0000000e   Code   RO         4648    i.__scatterload_zeroinit  mc_w.l(handlers.o)
    0x0800542e   0x0800542e   0x00000002   PAD
    0x08005430   0x08005430   0x0000000c   Code   RO         4607    i.__set_errno       mc_w.l(errno.o)
    0x0800543c   0x0800543c   0x00000184   Code   RO         4483    i._fp_digits        mc_w.l(printfa.o)
    0x080055c0   0x080055c0   0x0000000e   Code   RO         4510    i._is_digit         mc_w.l(scanf_fp.o)
    0x080055ce   0x080055ce   0x00000002   PAD
    0x080055d0   0x080055d0   0x000006dc   Code   RO         4484    i._printf_core      mc_w.l(printfa.o)
    0x08005cac   0x08005cac   0x00000024   Code   RO         4485    i._printf_post_padding  mc_w.l(printfa.o)
    0x08005cd0   0x08005cd0   0x0000002e   Code   RO         4486    i._printf_pre_padding  mc_w.l(printfa.o)
    0x08005cfe   0x08005cfe   0x0000000a   Code   RO         4488    i._sputc            mc_w.l(printfa.o)
    0x08005d08   0x08005d08   0x00000018   Code   RO          198    i.abs_float         global.o
    0x08005d20   0x08005d20   0x0000027c   Code   RO         4183    i.acos              m_ws.l(acos.o)
    0x08005f9c   0x08005f9c   0x00000220   Code   RO         4193    i.atan              m_ws.l(atan.o)
    0x080061bc   0x080061bc   0x0000009c   Code   RO         4203    i.cos               m_ws.l(cos.o)
    0x08006258   0x08006258   0x00000042   Code   RO         4210    i.fmax              m_ws.l(fmax.o)
    0x0800629a   0x0800629a   0x00000042   Code   RO         4228    i.fmin              m_ws.l(fmin.o)
    0x080062dc   0x080062dc   0x0000007c   Code   RO          700    i.fputc             uart.o
    0x08006358   0x08006358   0x00000170   Code   RO          492    i.kinematics_Move   kinematics.o
    0x080064c8   0x080064c8   0x00000018   Code   RO          271    i.loop_app          application.o
    0x080064e0   0x080064e0   0x00000024   Code   RO            1    i.main              main.o
    0x08006504   0x08006504   0x00000078   Code   RO          273    i.setup_app         application.o
    0x0800657c   0x0800657c   0x00000030   Code   RO          274    i.setup_run_action  application.o
    0x080065ac   0x080065ac   0x000000a0   Code   RO         4213    i.sin               m_ws.l(sin.o)
    0x0800664c   0x0800664c   0x0000004c   Code   RO         4221    i.sqrt              m_ws.l(sqrt.o)
    0x08006698   0x08006698   0x00000050   Data   RO         4184    .constdata          m_ws.l(acos.o)
    0x080066e8   0x080066e8   0x00000098   Data   RO         4194    .constdata          m_ws.l(atan.o)
    0x08006780   0x08006780   0x00000030   Data   RO         4549    .constdata          m_ws.l(cos_i.o)
    0x080067b0   0x080067b0   0x000000c8   Data   RO         4571    .constdata          m_ws.l(rred.o)
    0x08006878   0x08006878   0x00000028   Data   RO         4575    .constdata          m_ws.l(sin_i.o)
    0x080068a0   0x080068a0   0x00000040   Data   RO         4642    .constdata          mc_w.l(ctype_c.o)
    0x080068e0   0x080068e0   0x00000366   Data   RO          384    .conststring        app_ps2.o
    0x08006c46   0x08006c46   0x00000002   PAD
    0x08006c48   0x08006c48   0x00000020   Data   RO         4644    Region$$Table       anon$$obj.o


    Execution Region RW_IRAM1 (Exec base: 0x20000000, Load base: 0x08006c68, Size: 0x00002330, Max: 0x00005000, ABSOLUTE, COMPRESSED[0x00000148])

    Exec Addr    Load Addr    Size         Type   Attr      Idx    E Section Name        Object

    0x20000000   COMPRESSED   0x00000400   Data   RW            2    .data               main.o
    0x20000400   COMPRESSED   0x00000008   Data   RW          275    .data               application.o
    0x20000408   COMPRESSED   0x00000020   Data   RW          335    .data               action.o
    0x20000428   COMPRESSED   0x0000008e   Data   RW          385    .data               app_ps2.o
    0x200004b6   COMPRESSED   0x00000001   Data   RW          427    .data               protocol.o
    0x200004b7   COMPRESSED   0x00000001   PAD
    0x200004b8   COMPRESSED   0x00000004   Data   RW          643    .data               pwmservo.o
    0x200004bc   COMPRESSED   0x0000000e   Data   RW          702    .data               uart.o
    0x200004ca   COMPRESSED   0x00000005   Data   RW          864    .data               spi_flash.o
    0x200004cf   COMPRESSED   0x00000001   PAD
    0x200004d0   COMPRESSED   0x00000004   Data   RW         1090    .data               systick.o
    0x200004d4   COMPRESSED   0x00000003   Data   RW         1136    .data               timer.o
    0x200004d7   COMPRESSED   0x00000001   PAD
    0x200004d8   COMPRESSED   0x00000014   Data   RW         1185    .data               system_stm32f10x.o
    0x200004ec   COMPRESSED   0x00000014   Data   RW         2812    .data               stm32f10x_rcc.o
    0x20000500   COMPRESSED   0x00000004   Data   RW         4594    .data               mc_w.l(stdout.o)
    0x20000504   COMPRESSED   0x00000004   Data   RW         4608    .data               mc_w.l(errno.o)
    0x20000508        -       0x000004d0   Zero   RW          426    .bss                protocol.o
    0x200009d8        -       0x00000058   Zero   RW          494    .bss                kinematics.o
    0x20000a30        -       0x000000e0   Zero   RW          642    .bss                pwmservo.o
    0x20000b10        -       0x00000400   Zero   RW          701    .bss                uart.o
    0x20000f10        -       0x00000009   Zero   RW          815    .bss                ps2.o
    0x20000f19   COMPRESSED   0x00000001   PAD
    0x20000f1a        -       0x00001012   Zero   RW          863    .bss                spi_flash.o
    0x20001f2c   COMPRESSED   0x00000004   PAD
    0x20001f30        -       0x00000400   Zero   RW         1174    STACK               startup_stm32f10x_md.o


==============================================================================

Image component sizes


      Code (inc. data)   RO Data    RW Data    ZI Data      Debug   Object Name

       380         52          0         32          0       2245   action.o
       700         66        870        142          0       2277   app_ps2.o
       748        106          0          8          0       5339   application.o
        52          6          0          0          0        502   beep.o
         0          0          0          0          0         32   core_cm3.o
       118          0          0          0          0     203625   global.o
      1916        204          0          0         88       3441   kinematics.o
        56          6          0          0          0        491   led.o
        36          6          0       1024          0     261864   main.o
       112         12          0          0          0        992   misc.o
       484          0          0          0          0       3264   oled.o
      2576        672          0          1       1232       4901   protocol.o
       368         28          0          0          9       2232   ps2.o
       992         64          0          4        224       6294   pwmservo.o
        94          0          0          0          0        527   rcc.o
        60          8          0          0          0        466   servopid.o
       664         24          0          0          0       4116   soft_i2c.o
       924         60          0          5       4114       8107   spi_flash.o
        36          8        236          0       1024        824   startup_stm32f10x_md.o
       476          6          0          0          0       5631   stm32f10x_gpio.o
       760        104          0         20          0      11536   stm32f10x_rcc.o
       112          0          0          0          0       3778   stm32f10x_spi.o
       270         42          0          0          0       4041   stm32f10x_tim.o
       568         28          0          0          0       7140   stm32f10x_usart.o
        72         14          0          0          0      16151   sys.o
       328         28          0         20          0       2341   system_stm32f10x.o
       196         22          0          4          0      18042   systick.o
       366         18          0          3          0       2360   timer.o
      1656        126          0         14       1024       7906   uart.o
       116         10          0          0          0       1025   ultrasonic.o

    ----------------------------------------------------------------------
     15252       1720       1140       1280       7720     591490   Object Totals
         0          0         32          0          0          0   (incl. Generated)
        16          0          2          3          5          0   (incl. Padding)

    ----------------------------------------------------------------------

      Code (inc. data)   RO Data    RW Data    ZI Data      Debug   Library Member Name

       636         62         80          0          0        188   acos.o
       544         70        152          0          0        124   atan.o
       156          8          0          0          0        104   cos.o
       252         22         48          0          0        124   cos_i.o
        34          6          0          0          0        204   dunder.o
        66          0          0          0          0         84   fmax.o
        66          0          0          0          0         84   fmin.o
        40          0          0          0          0         68   fpclassify.o
       170          0          0          0          0         96   poly.o
       904         76        200          0          0        140   rred.o
       160         10          0          0          0        108   sin.o
       236         12         40          0          0        128   sin_i.o
        76          0          0          0          0         84   sqrt.o
        56          8          0          0          0         84   __0sscanf.o
        86          0          0          0          0          0   __dczerorl2.o
        28          0          0          0          0         68   _chval.o
       812          4          0          0          0        112   _scanf.o
       332          0          0          0          0         96   _scanf_int.o
        64          0          0          0          0         84   _sgetc.o
        40          6         64          0          0         68   ctype_c.o
         0          0          0          0          0          0   entry.o
         0          0          0          0          0          0   entry10a.o
         0          0          0          0          0          0   entry11a.o
         8          4          0          0          0          0   entry2.o
         4          0          0          0          0          0   entry5.o
         0          0          0          0          0          0   entry7b.o
         0          0          0          0          0          0   entry8b.o
         8          4          0          0          0          0   entry9a.o
        12          6          0          4          0         68   errno.o
        30          0          0          0          0          0   handlers.o
        36          8          0          0          0         68   init.o
        10          0          0          0          0         68   isspace_c.o
         0          0          0          0          0          0   iusefp.o
        30          0          0          0          0         68   llshl.o
        36          0          0          0          0         68   llsshr.o
        32          0          0          0          0         68   llushr.o
        36          0          0          0          0         68   memcpya.o
        36          0          0          0          0        108   memseta.o
      2308         96          0          0          0        604   printfa.o
        40          8          0          0          0         84   scanf_char.o
       878         12          0          0          0        216   scanf_fp.o
         0          0          0          4          0          0   stdout.o
        18          0          0          0          0         68   strcpy.o
        14          0          0          0          0         68   strlen.o
        44          0          0          0          0         80   uidiv.o
        98          0          0          0          0         92   uldiv.o
        48          0          0          0          0         68   cdcmple.o
        48          0          0          0          0         68   cdrcmple.o
        20          0          0          0          0         68   cfcmple.o
        20          0          0          0          0         68   cfrcmple.o
        56          0          0          0          0         88   d2f.o
       334          0          0          0          0        148   dadd.o
        96          0          0          0          0         80   dcmp4.o
       222          0          0          0          0        100   ddiv.o
       186          0          0          0          0        176   depilogue.o
        62          0          0          0          0         80   dfixi.o
        48          0          0          0          0         68   dfixul.o
        34          0          0          0          0         76   dflti.o
        26          0          0          0          0         76   dfltui.o
        24          0          0          0          0         76   dfltul.o
       228          0          0          0          0         96   dmul.o
        46          0          0          0          0         80   dscalb.o
       162          0          0          0          0        100   dsqrt.o
        38          0          0          0          0         68   f2d.o
       176          0          0          0          0        140   fadd.o
       124          0          0          0          0         88   fdiv.o
       110          0          0          0          0        168   fepilogue.o
        50          0          0          0          0         68   ffixi.o
        40          0          0          0          0         68   ffixui.o
        18          0          0          0          0         68   fflti.o
        10          0          0          0          0         68   ffltui.o
       100          0          0          0          0         76   fmul.o

    ----------------------------------------------------------------------
     10776        422        584          8          0       6172   Library Totals
        14          0          0          0          0          0   (incl. Padding)

    ----------------------------------------------------------------------

      Code (inc. data)   RO Data    RW Data    ZI Data      Debug   Library Name

      3340        266        520          0          0       1536   m_ws.l
      5096        156         64          8          0       2308   mc_w.l
      2326          0          0          0          0       2328   mf_w.l

    ----------------------------------------------------------------------
     10776        422        584          8          0       6172   Library Totals

    ----------------------------------------------------------------------

==============================================================================


      Code (inc. data)   RO Data    RW Data    ZI Data      Debug   

     26028       2142       1724       1288       7720     587910   Grand Totals
     26028       2142       1724        328       7720     587910   ELF Image Totals (compressed)
     26028       2142       1724        328          0          0   ROM Totals

==============================================================================

    Total RO  Size (Code + RO Data)                27752 (  27.10kB)
    Total RW  Size (RW Data + ZI Data)              9008 (   8.80kB)
    Total ROM Size (Code + RO Data + RW Data)      28080 (  27.42kB)

==============================================================================

