<html>
<body>
<pre>
<h1>礦ision Build Log</h1>
<h2>Tool Versions:</h2>
IDE-Version: μVision V5.41.0.0
Copyright (C) 2024 ARM Ltd and ARM Germany GmbH. All rights reserved.
License Information: W WenUNxiN, W, LIC=CZLZX-HLQWN-NNWAF-6FWDP-6IJF8-7D5FJ
 
Tool Versions:
Toolchain:       MDK-ARM Plus  Version: 5.41.0.0
Toolchain Path:  C:\Keil_v5\ARM\ARMCC\Bin
C Compiler:      Armcc.exe V5.06 update 7 (build 960)
Assembler:       Armasm.exe V5.06 update 7 (build 960)
Linker/Locator:  ArmLink.exe V5.06 update 7 (build 960)
Library Manager: ArmAr.exe V5.06 update 7 (build 960)
Hex Converter:   FromElf.exe V5.06 update 7 (build 960)
CPU DLL:         SARMCM3.DLL V5.41.0.0
Dialog DLL:      DCM.DLL V1.17.5.0
Target DLL:      STLink\ST-LINKIII-KEIL_SWO.dll V3.3.0.0
Dialog DLL:      TCM.DLL V1.56.4.0
 
<h2>Project:</h2>
D:\Company_Project\课程资料\ControlBoard_F103\Routine\16-综合示例-动作组\Project\Project.uvprojx
Project File Date:  08/16/2025

<h2>Output:</h2>
*** Using Compiler 'V5.06 update 7 (build 960)', folder: 'C:\Keil_v5\ARM\ARMCC\Bin'
Rebuild target 'Target 1'
compiling Application.c...
compiling ServoPID.c...
compiling Global.c...
compiling main.c...
compiling PwmServo.c...
compiling App_Ps2.c...
compiling joystick.c...
compiling Kinematics.c...
compiling GY33T.c...
compiling Ultrasonic.c...
compiling Function.c...
compiling Action.c...
compiling OLED.c...
..\BSP\OLEDFont.h(215): warning:  #2548-D: multicharacter character literal (potential portability problem)
  '艾',
..\BSP\OLEDFont.h(218): warning:  #2548-D: multicharacter character literal (potential portability problem)
  '米',
..\BSP\OLEDFont.h(221): warning:  #2548-D: multicharacter character literal (potential portability problem)
  '思',
..\BSP\OLEDFont.h(224): warning:  #2548-D: multicharacter character literal (potential portability problem)
  '悠',
..\BSP\OLEDFont.h(227): warning:  #2548-D: multicharacter character literal (potential portability problem)
  '颜',
..\BSP\OLEDFont.h(230): warning:  #2548-D: multicharacter character literal (potential portability problem)
  '色',
..\BSP\OLEDFont.h(233): warning:  #2548-D: multicharacter character literal (potential portability problem)
  '语',
..\BSP\OLEDFont.h(236): warning:  #2548-D: multicharacter character literal (potential portability problem)
  '音',
..\BSP\OLEDFont.h(239): warning:  #2548-D: multicharacter character literal (potential portability problem)
  '超',
..\BSP\OLEDFont.h(242): warning:  #2548-D: multicharacter character literal (potential portability problem)
  '声',
..\BSP\OLEDFont.h(245): warning:  #2548-D: multicharacter character literal (potential portability problem)
  '波',
..\BSP\OLEDFont.h(248): warning:  #2548-D: multicharacter character literal (potential portability problem)
  '摇',
..\BSP\OLEDFont.h(251): warning:  #2548-D: multicharacter character literal (potential portability problem)
  '杆',
..\BSP\OLEDFont.h(254): warning:  #2548-D: multicharacter character literal (potential portability problem)
  '触',
..\BSP\OLEDFont.h(257): warning:  #2548-D: multicharacter character literal (potential portability problem)
  '摸',
..\BSP\OLEDFont.h(260): warning:  #2548-D: multicharacter character literal (potential portability problem)
  '视',
..\BSP\OLEDFont.h(263): warning:  #2548-D: multicharacter character literal (potential portability problem)
  '觉',
..\BSP\OLEDFont.h(266): warning:  #2548-D: multicharacter character literal (potential portability problem)
  '码',
..\BSP\OLEDFont.h(269): warning:  #2548-D: multicharacter character literal (potential portability problem)
  '垛',
..\BSP\OLEDFont.h(272): warning:  #2548-D: multicharacter character literal (potential portability problem)
  '追',
..\BSP\OLEDFont.h(275): warning:  #2548-D: multicharacter character literal (potential portability problem)
  '踪',
..\BSP\OLEDFont.h(278): warning:  #2548-D: multicharacter character literal (potential portability problem)
  '数',
..\BSP\OLEDFont.h(281): warning:  #2548-D: multicharacter character literal (potential portability problem)
  '字',
..\BSP\OLEDFont.h(284): warning:  #2548-D: multicharacter character literal (potential portability problem)
  '分',
..\BSP\OLEDFont.h(287): warning:  #2548-D: multicharacter character literal (potential portability problem)
  '拣',
..\BSP\OLEDFont.h(290): warning:  #2548-D: multicharacter character literal (potential portability problem)
  '二',
..\BSP\OLEDFont.h(293): warning:  #2548-D: multicharacter character literal (potential portability problem)
  '维',
..\BSP\OLEDFont.h(296): warning:  #2548-D: multicharacter character literal (potential portability problem)
  '人',
..\BSP\OLEDFont.h(299): warning:  #2548-D: multicharacter character literal (potential portability problem)
  '脸',
..\BSP\OLEDFont.h(302): warning:  #2548-D: multicharacter character literal (potential portability problem)
  '视',
..\BSP\OLEDFont.h(305): warning:  #2548-D: multicharacter character literal (potential portability problem)
  '觉',
..\BSP\OLEDFont.h(308): warning:  #2548-D: multicharacter character literal (potential portability problem)
  '传',
..\BSP\OLEDFont.h(311): warning:  #2548-D: multicharacter character literal (potential portability problem)
  '感',
..\BSP\OLEDFont.h(314): warning:  #2548-D: multicharacter character literal (potential portability problem)
  '器',
..\BSP\OLEDFont.h(317): warning:  #2548-D: multicharacter character literal (potential portability problem)
  '垃',
..\BSP\OLEDFont.h(320): warning:  #2548-D: multicharacter character literal (potential portability problem)
  '圾',
..\BSP\OLED.c: 36 warnings, 0 errors
compiling Protocol.c...
compiling Ps2.c...
compiling Led.c...
compiling Key.c...
compiling Beep.c...
compiling SPI_Flash.c...
compiling Uart.c...
compiling rcc.c...
compiling sys.c...
compiling SysTick.c...
compiling Timer.c...
compiling Soft_I2C.c...
compiling core_cm3.c...
assembling startup_stm32f10x_md.s...
compiling system_stm32f10x.c...
compiling misc.c...
compiling stm32f10x_adc.c...
compiling stm32f10x_cec.c...
compiling stm32f10x_can.c...
compiling stm32f10x_dac.c...
compiling stm32f10x_bkp.c...
compiling stm32f10x_fsmc.c...
compiling stm32f10x_flash.c...
compiling stm32f10x_dbgmcu.c...
compiling stm32f10x_exti.c...
compiling stm32f10x_gpio.c...
compiling stm32f10x_crc.c...
compiling stm32f10x_dma.c...
compiling stm32f10x_i2c.c...
compiling stm32f10x_iwdg.c...
compiling stm32f10x_pwr.c...
compiling stm32f10x_rcc.c...
compiling stm32f10x_rtc.c...
compiling stm32f10x_spi.c...
compiling stm32f10x_sdio.c...
compiling stm32f10x_wwdg.c...
compiling stm32f10x_usart.c...
compiling stm32f10x_tim.c...
linking...
Program Size: Code=32944 RO-data=5088 RW-data=1352 ZI-data=9728  
FromELF: creating hex file...
After Build - User command #1: D:\Company_Project\课程资料\ControlBoard_F103\Routine\16-综合示例-动作组\Project\keil5_disp_size_bar.exe
ram:
  RW_IRAM1 :0x20000000
   20.00 KB :|■■■■■■■■■■__________|   54.10 % (   10.82 KB /    20.00 KB) [9400 B]
flash:
  ER_IROM1 :0x8000000
   64.00 KB :|■■■■■■■■■■■_________|   58.03 % (   37.14 KB /    64.00 KB) [27504 B]
"..\Objects\Project.axf" - 0 Error(s), 36 Warning(s).

<h2>Software Packages used:</h2>

Package Vendor: Keil
                https://www.keil.com/pack/Keil.STM32F1xx_DFP.2.4.1.pack
                Keil::STM32F1xx_DFP@2.4.1
                STMicroelectronics STM32F1 Series Device Support, Drivers and Examples

<h2>Collection of Component include folders:</h2>
  C:/Keil_v5/Pack/Keil/STM32F1xx_DFP/2.4.1/Device/Include

<h2>Collection of Component Files used:</h2>
Build Time Elapsed:  00:00:03
</pre>
</body>
</html>
