Component: ARM Compiler 5.06 update 6 (build 750) Tool: armlink [4d35ed]

==============================================================================

Section Cross References

    main.o(i.loop_oled) refers to systick.o(i.Millis) for Millis
    main.o(i.loop_oled) refers to oled.o(i.OLED_Clear) for OLED_Clear
    main.o(i.loop_oled) refers to oled.o(i.OLED_Print) for OLED_Print
    main.o(i.loop_oled) refers to main.o(.data) for last_tick
    main.o(i.loop_oled) refers to application.o(.data) for SetMode
    main.o(i.main) refers to application.o(i.setup_app) for setup_app
    main.o(i.main) refers to main.o(i.loop_oled) for loop_oled
    main.o(i.main) refers to application.o(i.loop_app) for loop_app
    global.o(i.abs_float) refers to cfrcmple.o(.text) for __aeabi_cfrcmple
    global.o(i.map) refers to fadd.o(.text) for __aeabi_fsub
    global.o(i.map) refers to fmul.o(.text) for __aeabi_fmul
    global.o(i.map) refers to fdiv.o(.text) for __aeabi_fdiv
    application.o(i.Buzzer_times) refers to stm32f10x_gpio.o(i.GPIO_SetBits) for GPIO_SetBits
    application.o(i.Buzzer_times) refers to systick.o(i.Delay_ms) for Delay_ms
    application.o(i.Buzzer_times) refers to stm32f10x_gpio.o(i.GPIO_ResetBits) for GPIO_ResetBits
    application.o(i.Led_Blink) refers to systick.o(i.Millis) for Millis
    application.o(i.Led_Blink) refers to stm32f10x_gpio.o(i.GPIO_ReadOutputDataBit) for GPIO_ReadOutputDataBit
    application.o(i.Led_Blink) refers to stm32f10x_gpio.o(i.GPIO_WriteBit) for GPIO_WriteBit
    application.o(i.Led_Blink) refers to application.o(.data) for systick_ms_bak_led
    application.o(i.LoopMode) refers to systick.o(i.Millis) for Millis
    application.o(i.LoopMode) refers to function.o(i.ColorTask) for ColorTask
    application.o(i.LoopMode) refers to function.o(i.SoundTouchTask) for SoundTouchTask
    application.o(i.LoopMode) refers to function.o(i.JoystickTask) for JoystickTask
    application.o(i.LoopMode) refers to application.o(.data) for systick_ms_bak_mode
    application.o(i.Loop_Uart) refers to protocol.o(i.Parse_Group_Cmd) for Parse_Group_Cmd
    application.o(i.Loop_Uart) refers to protocol.o(i.Parse_Cmd) for Parse_Cmd
    application.o(i.Loop_Uart) refers to protocol.o(i.Parse_Action) for Parse_Action
    application.o(i.Loop_Uart) refers to protocol.o(i.Save_Action) for Save_Action
    application.o(i.Loop_Uart) refers to uart.o(.data) for Uart_GetOK
    application.o(i.Loop_Uart) refers to uart.o(.bss) for Uart_ReceiveBuf
    application.o(i.Parameter_Init) refers to spi_flash.o(i.SpiFlash_Read) for SpiFlash_Read
    application.o(i.Parameter_Init) refers to printfa.o(i.__0sprintf) for __2sprintf
    application.o(i.Parameter_Init) refers to uart.o(i.Uart1_Print) for Uart1_Print
    application.o(i.Parameter_Init) refers to protocol.o(.bss) for eeprom_info
    application.o(i.ServoState_Init) refers to fflti.o(.text) for __aeabi_i2f
    application.o(i.ServoState_Init) refers to protocol.o(.bss) for eeprom_info
    application.o(i.ServoState_Init) refers to pwmservo.o(.bss) for duoji_doing
    application.o(i.Uart_Init) refers to uart.o(i.Uart1_Init) for Uart1_Init
    application.o(i.Uart_Init) refers to uart.o(i.Uart2_Init) for Uart2_Init
    application.o(i.Uart_Init) refers to uart.o(i.Uart3_Init) for Uart3_Init
    application.o(i.loop_Joystick_key) refers to systick.o(i.Millis) for Millis
    application.o(i.loop_Joystick_key) refers to stm32f10x_gpio.o(i.GPIO_ResetBits) for GPIO_ResetBits
    application.o(i.loop_Joystick_key) refers to stm32f10x_gpio.o(i.GPIO_ReadInputDataBit) for GPIO_ReadInputDataBit
    application.o(i.loop_Joystick_key) refers to stm32f10x_gpio.o(i.GPIO_SetBits) for GPIO_SetBits
    application.o(i.loop_Joystick_key) refers to uart.o(i.Uart1_Print) for Uart1_Print
    application.o(i.loop_Joystick_key) refers to pwmservo.o(i.PwmServo_DoingSet) for PwmServo_DoingSet
    application.o(i.loop_Joystick_key) refers to application.o(.data) for SetMode
    application.o(i.loop_app) refers to application.o(i.Led_Blink) for Led_Blink
    application.o(i.loop_app) refers to application.o(i.loop_key) for loop_key
    application.o(i.loop_app) refers to application.o(i.loop_Joystick_key) for loop_Joystick_key
    application.o(i.loop_app) refers to application.o(i.Loop_Uart) for Loop_Uart
    application.o(i.loop_app) refers to app_ps2.o(i.AppPs2Run) for AppPs2Run
    application.o(i.loop_app) refers to action.o(i.Loop_Action) for Loop_Action
    application.o(i.loop_app) refers to application.o(i.LoopMode) for LoopMode
    application.o(i.loop_key) refers to systick.o(i.Millis) for Millis
    application.o(i.loop_key) refers to stm32f10x_gpio.o(i.GPIO_ReadInputDataBit) for GPIO_ReadInputDataBit
    application.o(i.loop_key) refers to stm32f10x_gpio.o(i.GPIO_SetBits) for GPIO_SetBits
    application.o(i.loop_key) refers to uart.o(i.Uart1_Print) for Uart1_Print
    application.o(i.loop_key) refers to printfa.o(i.__0printf) for __2printf
[...]
    i.__set_errno                            0x08005890   Section        0  errno.o(i.__set_errno)
    i._fp_digits                             0x0800589c   Section        0  printfa.o(i._fp_digits)
    _fp_digits                               0x0800589d   Thumb Code   366  printfa.o(i._fp_digits)
    i._is_digit                              0x08005a20   Section        0  scanf_fp.o(i._is_digit)
    i._printf_core                           0x08005a30   Section        0  printfa.o(i._printf_core)
    _printf_core                             0x08005a31   Thumb Code  1744  printfa.o(i._printf_core)
    i._printf_post_padding                   0x0800610c   Section        0  printfa.o(i._printf_post_padding)
    _printf_post_padding                     0x0800610d   Thumb Code    36  printfa.o(i._printf_post_padding)
    i._printf_pre_padding                    0x08006130   Section        0  printfa.o(i._printf_pre_padding)
    _printf_pre_padding                      0x08006131   Thumb Code    46  printfa.o(i._printf_pre_padding)
    i._sputc                                 0x0800615e   Section        0  printfa.o(i._sputc)
    _sputc                                   0x0800615f   Thumb Code    10  printfa.o(i._sputc)
    i.abs_float                              0x08006168   Section        0  global.o(i.abs_float)
    i.acos                                   0x08006180   Section        0  acos.o(i.acos)
    i.atan                                   0x080063fc   Section        0  atan.o(i.atan)
    i.cos                                    0x0800661c   Section        0  cos.o(i.cos)
    i.fmax                                   0x080066b8   Section        0  fmax.o(i.fmax)
    i.fmin                                   0x080066fa   Section        0  fmin.o(i.fmin)
    i.fputc                                  0x0800673c   Section        0  uart.o(i.fputc)
    i.kinematics_Move                        0x080067b4   Section        0  kinematics.o(i.kinematics_Move)
    i.kinematics_analysis                    0x08006934   Section        0  kinematics.o(i.kinematics_analysis)
    i.loop_Joystick_key                      0x08006f40   Section        0  application.o(i.loop_Joystick_key)
    i.loop_app                               0x08007040   Section        0  application.o(i.loop_app)
    i.loop_key                               0x08007064   Section        0  application.o(i.loop_key)
    i.loop_oled                              0x08007138   Section        0  main.o(i.loop_oled)
    i.main                                   0x08007200   Section        0  main.o(i.main)
    i.setup_app                              0x08007210   Section        0  application.o(i.setup_app)
    i.setup_run_action                       0x0800729c   Section        0  application.o(i.setup_run_action)
    i.sin                                    0x080072cc   Section        0  sin.o(i.sin)
    i.sqrt                                   0x0800736c   Section        0  sqrt.o(i.sqrt)
    .constdata                               0x080073b8   Section       99  function.o(.constdata)
    color_map                                0x080073b8   Data          99  function.o(.constdata)
    .constdata                               0x0800741c   Section     2650  oled.o(.constdata)
    .constdata                               0x08007e78   Section       80  acos.o(.constdata)
    pS                                       0x08007e78   Data          48  acos.o(.constdata)
    qS                                       0x08007ea8   Data          32  acos.o(.constdata)
    .constdata                               0x08007ec8   Section      152  atan.o(.constdata)
    atanhi                                   0x08007ec8   Data          32  atan.o(.constdata)
    atanlo                                   0x08007ee8   Data          32  atan.o(.constdata)
    aTodd                                    0x08007f08   Data          40  atan.o(.constdata)
    aTeven                                   0x08007f30   Data          48  atan.o(.constdata)
    .constdata                               0x08007f60   Section       48  cos_i.o(.constdata)
    C                                        0x08007f60   Data          48  cos_i.o(.constdata)
    .constdata                               0x08007f90   Section      200  rred.o(.constdata)
    pio2s                                    0x08007f90   Data          48  rred.o(.constdata)
    twooverpi                                0x08007fc0   Data         152  rred.o(.constdata)
    .constdata                               0x08008058   Section       40  sin_i.o(.constdata)
    S                                        0x08008058   Data          40  sin_i.o(.constdata)
    .constdata                               0x08008080   Section       64  ctype_c.o(.constdata)
    .conststring                             0x080080c0   Section      870  app_ps2.o(.conststring)
    .data                                    0x20000000   Section     1029  main.o(.data)
    last_tick                                0x20000400   Data           4  main.o(.data)
    last_mode                                0x20000404   Data           1  main.o(.data)
    .data                                    0x20000408   Section       28  application.o(.data)
    systick_ms_bak_led                       0x2000040c   Data           4  application.o(.data)
    tick_bak                                 0x20000410   Data           4  application.o(.data)
    state                                    0x20000414   Data           1  application.o(.data)
    Joystick_tick_bak                        0x20000418   Data           4  application.o(.data)
    state1                                   0x2000041c   Data           1  application.o(.data)
    clamp                                    0x2000041d   Data           1  application.o(.data)
    systick_ms_bak_mode                      0x20000420   Data           4  application.o(.data)
    .data                                    0x20000424   Section       32  action.o(.data)
    systick_ms_bak                           0x20000440   Data           4  action.o(.data)
    .data                                    0x20000444   Section      142  app_ps2.o(.data)
    psx_button_bak                           0x200004c4   Data           2  app_ps2.o(.data)
    systick_ms_bak                           0x200004c8   Data           4  app_ps2.o(.data)
    bak                                      0x200004cc   Data           2  app_ps2.o(.data)
    temp                                     0x200004ce   Data           2  app_ps2.o(.data)
    temp2                                    0x200004d0   Data           2  app_ps2.o(.data)
    .data                                    0x200004d2   Section        1  protocol.o(.data)
    .data                                    0x200004d4   Section       30  function.o(.data)
    state                                    0x200004d4   Data           1  function.o(.data)
    last_tick                                0x200004d8   Data           4  function.o(.data)
    action_state                             0x200004dc   Data           1  function.o(.data)
    touch_tick_bak                           0x200004e0   Data           4  function.o(.data)
    state                                    0x200004e4   Data           1  function.o(.data)
    joystick_tick_bak                        0x200004e8   Data           4  function.o(.data)
    xpwm                                     0x200004ec   Data           2  function.o(.data)
    ypwm                                     0x200004ee   Data           2  function.o(.data)
    ypwm1                                    0x200004f0   Data           2  function.o(.data)
    .data                                    0x200004f4   Section        4  pwmservo.o(.data)
    .data                                    0x200004f8   Section       10  uart.o(.data)
    buf_index                                0x20000500   Data           2  uart.o(.data)
    .data                                    0x20000502   Section        5  spi_flash.o(.data)
    tmp                                      0x20000506   Data           1  spi_flash.o(.data)
    .data                                    0x20000508   Section        4  systick.o(.data)
    systick_ms                               0x20000508   Data           4  systick.o(.data)
    .data                                    0x2000050c   Section        3  timer.o(.data)
    duoji_index2                             0x2000050c   Data           1  timer.o(.data)
    flag                                     0x2000050d   Data           1  timer.o(.data)
    duoji_index1                             0x2000050e   Data           1  timer.o(.data)
    .data                                    0x20000510   Section       20  system_stm32f10x.o(.data)
    .data                                    0x20000524   Section       20  stm32f10x_rcc.o(.data)
    APBAHBPrescTable                         0x20000524   Data          16  stm32f10x_rcc.o(.data)
    ADCPrescTable                            0x20000534   Data           4  stm32f10x_rcc.o(.data)
    .data                                    0x20000538   Section        4  stdout.o(.data)
    .data                                    0x2000053c   Section        4  errno.o(.data)
    _errno                                   0x2000053c   Data           4  errno.o(.data)
    .bss                                     0x20000540   Section     1232  protocol.o(.bss)
    .bss                                     0x20000a10   Section       88  kinematics.o(.bss)
    .bss                                     0x20000a68   Section      224  pwmservo.o(.bss)
    .bss                                     0x20000b48   Section     2048  uart.o(.bss)
    .bss                                     0x20001348   Section        9  ps2.o(.bss)
    .bss                                     0x20001352   Section     4114  spi_flash.o(.bss)
    STACK                                    0x20002368   Section     1024  startup_stm32f10x_md.o(STACK)

    Global Symbols

    Symbol Name                              Value     Ov Type        Size  Object(Section)

    BuildAttributes$$THM_ISAv4$P$D$K$B$S$PE$A:L22UL41UL21$X:L11$S22US41US21$IEEE1$IW$USESV6$~STKCKD$USESV7$~SHL$OTIME$ROPI$IEEEX$EBA8$MICROLIB$REQ8$PRES8$EABIv2 0x00000000   Number         0  anon$$obj.o ABSOLUTE
    __ARM_use_no_argv                        0x00000000   Number         0  main.o ABSOLUTE
    _printf_a                                0x00000000   Number         0  stubs.o ABSOLUTE
    _printf_c                                0x00000000   Number         0  stubs.o ABSOLUTE
    _printf_charcount                        0x00000000   Number         0  stubs.o ABSOLUTE
    _printf_d                                0x00000000   Number         0  stubs.o ABSOLUTE
    _printf_e                                0x00000000   Number         0  stubs.o ABSOLUTE
    _printf_f                                0x00000000   Number         0  stubs.o ABSOLUTE
    _printf_flags                            0x00000000   Number         0  stubs.o ABSOLUTE
    _printf_fp_dec                           0x00000000   Number         0  stubs.o ABSOLUTE
    _printf_fp_hex                           0x00000000   Number         0  stubs.o ABSOLUTE
    _printf_g                                0x00000000   Number         0  stubs.o ABSOLUTE
    _printf_i                                0x00000000   Number         0  stubs.o ABSOLUTE
    _printf_int_dec                          0x00000000   Number         0  stubs.o ABSOLUTE
    _printf_l                                0x00000000   Number         0  stubs.o ABSOLUTE
    _printf_lc                               0x00000000   Number         0  stubs.o ABSOLUTE
    _printf_ll                               0x00000000   Number         0  stubs.o ABSOLUTE
    _printf_lld                              0x00000000   Number         0  stubs.o ABSOLUTE
    _printf_lli                              0x00000000   Number         0  stubs.o ABSOLUTE
    _printf_llo                              0x00000000   Number         0  stubs.o ABSOLUTE
    _printf_llu                              0x00000000   Number         0  stubs.o ABSOLUTE
    _printf_llx                              0x00000000   Number         0  stubs.o ABSOLUTE
    _printf_longlong_dec                     0x00000000   Number         0  stubs.o ABSOLUTE
    _printf_longlong_hex                     0x00000000   Number         0  stubs.o ABSOLUTE
    _printf_longlong_oct                     0x00000000   Number         0  stubs.o ABSOLUTE
    _printf_ls                               0x00000000   Number         0  stubs.o ABSOLUTE
    _printf_mbtowc                           0x00000000   Number         0  stubs.o ABSOLUTE
    _printf_n                                0x00000000   Number         0  stubs.o ABSOLUTE
    _printf_o                                0x00000000   Number         0  stubs.o ABSOLUTE
    _printf_p                                0x00000000   Number         0  stubs.o ABSOLUTE
    _printf_percent                          0x00000000   Number         0  stubs.o ABSOLUTE
    _printf_pre_padding                      0x00000000   Number         0  stubs.o ABSOLUTE
    _printf_return_value                     0x00000000   Number         0  stubs.o ABSOLUTE
    _printf_s                                0x00000000   Number         0  stubs.o ABSOLUTE
    _printf_sizespec                         0x00000000   Number         0  stubs.o ABSOLUTE
    _printf_str                              0x00000000   Number         0  stubs.o ABSOLUTE
    _printf_truncate_signed                  0x00000000   Number         0  stubs.o ABSOLUTE
    _printf_truncate_unsigned                0x00000000   Number         0  stubs.o ABSOLUTE
    _printf_u                                0x00000000   Number         0  stubs.o ABSOLUTE
    _printf_wc                               0x00000000   Number         0  stubs.o ABSOLUTE
    _printf_wctomb                           0x00000000   Number         0  stubs.o ABSOLUTE
    _printf_widthprec                        0x00000000   Number         0  stubs.o ABSOLUTE
    _printf_x                                0x00000000   Number         0  stubs.o ABSOLUTE
    __cpp_initialize__aeabi_                  - Undefined Weak Reference
    __cxa_finalize                            - Undefined Weak Reference
    _clock_init                               - Undefined Weak Reference
    _microlib_exit                            - Undefined Weak Reference
    _scanf_longlong                           - Undefined Weak Reference
    _scanf_string                             - Undefined Weak Reference
    __Vectors_Size                           0x000000ec   Number         0  startup_stm32f10x_md.o ABSOLUTE
    __Vectors                                0x08000000   Data           4  startup_stm32f10x_md.o(RESET)
    __Vectors_End                            0x080000ec   Data           0  startup_stm32f10x_md.o(RESET)
    __main                                   0x080000ed   Thumb Code     0  entry.o(.ARM.Collect$$$$00000000)
    _main_stk                                0x080000ed   Thumb Code     0  entry2.o(.ARM.Collect$$$$00000001)
    _main_scatterload                        0x080000f1   Thumb Code     0  entry5.o(.ARM.Collect$$$$00000004)
    __main_after_scatterload                 0x080000f5   Thumb Code     0  entry5.o(.ARM.Collect$$$$00000004)
    _main_clock                              0x080000f5   Thumb Code     0  entry7b.o(.ARM.Collect$$$$00000008)
    _main_cpp_init                           0x080000f5   Thumb Code     0  entry8b.o(.ARM.Collect$$$$0000000A)
    _main_init                               0x080000f5   Thumb Code     0  entry9a.o(.ARM.Collect$$$$0000000B)
    __rt_final_cpp                           0x080000fd   Thumb Code     0  entry10a.o(.ARM.Collect$$$$0000000D)
    __rt_final_exit                          0x080000fd   Thumb Code     0  entry11a.o(.ARM.Collect$$$$0000000F)
    Reset_Handler                            0x08000101   Thumb Code     8  startup_stm32f10x_md.o(.text)
    NMI_Handler                              0x08000109   Thumb Code     2  startup_stm32f10x_md.o(.text)
    HardFault_Handler                        0x0800010b   Thumb Code     2  startup_stm32f10x_md.o(.text)
    MemManage_Handler                        0x0800010d   Thumb Code     2  startup_stm32f10x_md.o(.text)
    BusFault_Handler                         0x0800010f   Thumb Code     2  startup_stm32f10x_md.o(.text)
    UsageFault_Handler                       0x08000111   Thumb Code     2  startup_stm32f10x_md.o(.text)
    SVC_Handler                              0x08000113   Thumb Code     2  startup_stm32f10x_md.o(.text)
    DebugMon_Handler                         0x08000115   Thumb Code     2  startup_stm32f10x_md.o(.text)
    PendSV_Handler                           0x08000117   Thumb Code     2  startup_stm32f10x_md.o(.text)
    ADC1_2_IRQHandler                        0x0800011b   Thumb Code     0  startup_stm32f10x_md.o(.text)
    CAN1_RX1_IRQHandler                      0x0800011b   Thumb Code     0  startup_stm32f10x_md.o(.text)
    CAN1_SCE_IRQHandler                      0x0800011b   Thumb Code     0  startup_stm32f10x_md.o(.text)
    DMA1_Channel1_IRQHandler                 0x0800011b   Thumb Code     0  startup_stm32f10x_md.o(.text)
    DMA1_Channel2_IRQHandler                 0x0800011b   Thumb Code     0  startup_stm32f10x_md.o(.text)
    DMA1_Channel3_IRQHandler                 0x0800011b   Thumb Code     0  startup_stm32f10x_md.o(.text)
    DMA1_Channel4_IRQHandler                 0x0800011b   Thumb Code     0  startup_stm32f10x_md.o(.text)
    DMA1_Channel5_IRQHandler                 0x0800011b   Thumb Code     0  startup_stm32f10x_md.o(.text)
    DMA1_Channel6_IRQHandler                 0x0800011b   Thumb Code     0  startup_stm32f10x_md.o(.text)
    DMA1_Channel7_IRQHandler                 0x0800011b   Thumb Code     0  startup_stm32f10x_md.o(.text)
    EXTI0_IRQHandler                         0x0800011b   Thumb Code     0  startup_stm32f10x_md.o(.text)
    EXTI15_10_IRQHandler                     0x0800011b   Thumb Code     0  startup_stm32f10x_md.o(.text)
    EXTI1_IRQHandler                         0x0800011b   Thumb Code     0  startup_stm32f10x_md.o(.text)
    EXTI2_IRQHandler                         0x0800011b   Thumb Code     0  startup_stm32f10x_md.o(.text)
    EXTI3_IRQHandler                         0x0800011b   Thumb Code     0  startup_stm32f10x_md.o(.text)
    EXTI4_IRQHandler                         0x0800011b   Thumb Code     0  startup_stm32f10x_md.o(.text)
    EXTI9_5_IRQHandler                       0x0800011b   Thumb Code     0  startup_stm32f10x_md.o(.text)
    FLASH_IRQHandler                         0x0800011b   Thumb Code     0  startup_stm32f10x_md.o(.text)
    I2C1_ER_IRQHandler                       0x0800011b   Thumb Code     0  startup_stm32f10x_md.o(.text)
    I2C1_EV_IRQHandler                       0x0800011b   Thumb Code     0  startup_stm32f10x_md.o(.text)
    I2C2_ER_IRQHandler                       0x0800011b   Thumb Code     0  startup_stm32f10x_md.o(.text)
    I2C2_EV_IRQHandler                       0x0800011b   Thumb Code     0  startup_stm32f10x_md.o(.text)
    PVD_IRQHandler                           0x0800011b   Thumb Code     0  startup_stm32f10x_md.o(.text)
    RCC_IRQHandler                           0x0800011b   Thumb Code     0  startup_stm32f10x_md.o(.text)
    RTCAlarm_IRQHandler                      0x0800011b   Thumb Code     0  startup_stm32f10x_md.o(.text)
    RTC_IRQHandler                           0x0800011b   Thumb Code     0  startup_stm32f10x_md.o(.text)
    SPI1_IRQHandler                          0x0800011b   Thumb Code     0  startup_stm32f10x_md.o(.text)
    SPI2_IRQHandler                          0x0800011b   Thumb Code     0  startup_stm32f10x_md.o(.text)
    TAMPER_IRQHandler                        0x0800011b   Thumb Code     0  startup_stm32f10x_md.o(.text)
    TIM1_BRK_IRQHandler                      0x0800011b   Thumb Code     0  startup_stm32f10x_md.o(.text)
    TIM1_CC_IRQHandler                       0x0800011b   Thumb Code     0  startup_stm32f10x_md.o(.text)
    TIM1_TRG_COM_IRQHandler                  0x0800011b   Thumb Code     0  startup_stm32f10x_md.o(.text)
    TIM1_UP_IRQHandler                       0x0800011b   Thumb Code     0  startup_stm32f10x_md.o(.text)
    TIM3_IRQHandler                          0x0800011b   Thumb Code     0  startup_stm32f10x_md.o(.text)
    TIM4_IRQHandler                          0x0800011b   Thumb Code     0  startup_stm32f10x_md.o(.text)
    USBWakeUp_IRQHandler                     0x0800011b   Thumb Code     0  startup_stm32f10x_md.o(.text)
    USB_HP_CAN1_TX_IRQHandler                0x0800011b   Thumb Code     0  startup_stm32f10x_md.o(.text)
    USB_LP_CAN1_RX0_IRQHandler               0x0800011b   Thumb Code     0  startup_stm32f10x_md.o(.text)
    WWDG_IRQHandler                          0x0800011b   Thumb Code     0  startup_stm32f10x_md.o(.text)
    __aeabi_memcpy                           0x08000125   Thumb Code    36  memcpya.o(.text)
    __aeabi_memcpy4                          0x08000125   Thumb Code     0  memcpya.o(.text)
    __aeabi_memcpy8                          0x08000125   Thumb Code     0  memcpya.o(.text)
    __aeabi_memset                           0x08000149   Thumb Code    14  memseta.o(.text)
    __aeabi_memset4                          0x08000149   Thumb Code     0  memseta.o(.text)
    __aeabi_memset8                          0x08000149   Thumb Code     0  memseta.o(.text)
    __aeabi_memclr                           0x08000157   Thumb Code     4  memseta.o(.text)
    __aeabi_memclr4                          0x08000157   Thumb Code     0  memseta.o(.text)
    __aeabi_memclr8                          0x08000157   Thumb Code     0  memseta.o(.text)
    _memset$wrapper                          0x0800015b   Thumb Code    18  memseta.o(.text)
    strlen                                   0x0800016d   Thumb Code    14  strlen.o(.text)
    strcpy                                   0x0800017b   Thumb Code    18  strcpy.o(.text)
    __0sscanf                                0x0800018d   Thumb Code    48  __0sscanf.o(.text)
    _scanf_int                               0x080001c5   Thumb Code   332  _scanf_int.o(.text)
    _scanf_real                              0x08000439   Thumb Code     0  scanf_fp.o(.text)
    _scanf_really_real                       0x08000439   Thumb Code   556  scanf_fp.o(.text)
    __aeabi_fadd                             0x08000671   Thumb Code   164  fadd.o(.text)
    __aeabi_fsub                             0x08000715   Thumb Code     6  fadd.o(.text)
    __aeabi_frsub                            0x0800071b   Thumb Code     6  fadd.o(.text)
    __aeabi_fmul                             0x08000721   Thumb Code   100  fmul.o(.text)
    __aeabi_fdiv                             0x08000785   Thumb Code   124  fdiv.o(.text)
    __aeabi_dadd                             0x08000801   Thumb Code   322  dadd.o(.text)
    __aeabi_dsub                             0x08000943   Thumb Code     6  dadd.o(.text)
    __aeabi_drsub                            0x08000949   Thumb Code     6  dadd.o(.text)
    __aeabi_dmul                             0x0800094f   Thumb Code   228  dmul.o(.text)
    __aeabi_ddiv                             0x08000a33   Thumb Code   222  ddiv.o(.text)
    __aeabi_i2f                              0x08000b11   Thumb Code    18  fflti.o(.text)
    __aeabi_ui2f                             0x08000b23   Thumb Code    10  ffltui.o(.text)
    __aeabi_ui2d                             0x08000b2d   Thumb Code    26  dfltui.o(.text)
    __aeabi_f2iz                             0x08000b47   Thumb Code    50  ffixi.o(.text)
    __aeabi_f2uiz                            0x08000b79   Thumb Code    40  ffixui.o(.text)
    __aeabi_d2iz                             0x08000ba1   Thumb Code    62  dfixi.o(.text)
    __aeabi_f2d                              0x08000bdf   Thumb Code    38  f2d.o(.text)
    __aeabi_cdcmpeq                          0x08000c05   Thumb Code     0  cdcmple.o(.text)
    __aeabi_cdcmple                          0x08000c05   Thumb Code    48  cdcmple.o(.text)
    __aeabi_cdrcmple                         0x08000c35   Thumb Code    48  cdrcmple.o(.text)
    __aeabi_d2f                              0x08000c65   Thumb Code    56  d2f.o(.text)
    __aeabi_cfcmpeq                          0x08000c9d   Thumb Code     0  cfcmple.o(.text)
    __aeabi_cfcmple                          0x08000c9d   Thumb Code    20  cfcmple.o(.text)
    __aeabi_cfrcmple                         0x08000cb1   Thumb Code    20  cfrcmple.o(.text)
    __aeabi_uidiv                            0x08000cc5   Thumb Code     0  uidiv.o(.text)
    __aeabi_uidivmod                         0x08000cc5   Thumb Code    44  uidiv.o(.text)
    __aeabi_uldivmod                         0x08000cf1   Thumb Code    98  uldiv.o(.text)
    __aeabi_llsl                             0x08000d53   Thumb Code    30  llshl.o(.text)
    _ll_shift_l                              0x08000d53   Thumb Code     0  llshl.o(.text)
    __aeabi_llsr                             0x08000d71   Thumb Code    32  llushr.o(.text)
    _ll_ushift_r                             0x08000d71   Thumb Code     0  llushr.o(.text)
    __aeabi_lasr                             0x08000d91   Thumb Code    36  llsshr.o(.text)
    _ll_sshift_r                             0x08000d91   Thumb Code     0  llsshr.o(.text)
    _chval                                   0x08000db5   Thumb Code    28  _chval.o(.text)
    __vfscanf_char                           0x08000ddd   Thumb Code    20  scanf_char.o(.text)
    _sgetc                                   0x08000df9   Thumb Code    30  _sgetc.o(.text)
    _sbackspace                              0x08000e17   Thumb Code    34  _sgetc.o(.text)
    __I$use$fp                               0x08000e39   Thumb Code     0  iusefp.o(.text)
    _float_round                             0x08000e39   Thumb Code    18  fepilogue.o(.text)
    _float_epilogue                          0x08000e4b   Thumb Code    92  fepilogue.o(.text)
    _double_round                            0x08000ea7   Thumb Code    30  depilogue.o(.text)
    _double_epilogue                         0x08000ec5   Thumb Code   156  depilogue.o(.text)
    __ARM_scalbn                             0x08000f61   Thumb Code    46  dscalb.o(.text)
    scalbn                                   0x08000f61   Thumb Code     0  dscalb.o(.text)
    _dsqrt                                   0x08000f8f   Thumb Code   162  dsqrt.o(.text)
    __aeabi_ul2d                             0x08001031   Thumb Code    24  dfltul.o(.text)
    __aeabi_d2ulz                            0x08001049   Thumb Code    48  dfixul.o(.text)
    __ARM_dcmp4                              0x08001079   Thumb Code    96  dcmp4.o(.text)
    _dcmp4                                   0x08001079   Thumb Code     0  dcmp4.o(.text)
    __scatterload                            0x080010d9   Thumb Code    28  init.o(.text)
    __scatterload_rt2                        0x080010d9   Thumb Code     0  init.o(.text)
    isspace                                  0x080010fd   Thumb Code    10  isspace_c.o(.text)
    __vfscanf                                0x08001109   Thumb Code   808  _scanf.o(.text)
    __aeabi_i2d                              0x08001435   Thumb Code    34  dflti.o(.text)
    __ctype_lookup                           0x08001459   Thumb Code    34  ctype_c.o(.text)
    __decompress                             0x08001481   Thumb Code     0  __dczerorl2.o(.text)
    __decompress1                            0x08001481   Thumb Code    86  __dczerorl2.o(.text)
    ADC_Cmd                                  0x080014d7   Thumb Code    22  stm32f10x_adc.o(i.ADC_Cmd)
    ADC_GetCalibrationStatus                 0x080014ed   Thumb Code    20  stm32f10x_adc.o(i.ADC_GetCalibrationStatus)
    ADC_GetConversionValue                   0x08001501   Thumb Code     8  stm32f10x_adc.o(i.ADC_GetConversionValue)
    ADC_GetFlagStatus                        0x08001509   Thumb Code    18  stm32f10x_adc.o(i.ADC_GetFlagStatus)
    ADC_GetResetCalibrationStatus            0x0800151b   Thumb Code    20  stm32f10x_adc.o(i.ADC_GetResetCalibrationStatus)
    ADC_Init                                 0x08001531   Thumb Code    70  stm32f10x_adc.o(i.ADC_Init)
    ADC_Joystick_Init                        0x08001581   Thumb Code   142  joystick.o(i.ADC_Joystick_Init)
    ADC_RegularChannelConfig                 0x08001619   Thumb Code   184  stm32f10x_adc.o(i.ADC_RegularChannelConfig)
    ADC_ResetCalibration                     0x080016d1   Thumb Code    10  stm32f10x_adc.o(i.ADC_ResetCalibration)
    ADC_SoftwareStartConvCmd                 0x080016db   Thumb Code    22  stm32f10x_adc.o(i.ADC_SoftwareStartConvCmd)
    ADC_StartCalibration                     0x080016f1   Thumb Code    10  stm32f10x_adc.o(i.ADC_StartCalibration)
    AppPs2Run                                0x080016fd   Thumb Code    82  app_ps2.o(i.AppPs2Run)
    Buzzer_Init                              0x0800175d   Thumb Code    46  beep.o(i.Buzzer_Init)
    Buzzer_times                             0x08001791   Thumb Code    46  application.o(i.Buzzer_times)
    ColorTask                                0x080017c5   Thumb Code   118  function.o(i.ColorTask)
    DMA_Cmd                                  0x0800184d   Thumb Code    24  stm32f10x_dma.o(i.DMA_Cmd)
    DMA_DeInit                               0x08001865   Thumb Code   324  stm32f10x_dma.o(i.DMA_DeInit)
    DMA_GetCurrDataCounter                   0x080019b1   Thumb Code     8  stm32f10x_dma.o(i.DMA_GetCurrDataCounter)
    DMA_Init                                 0x080019b9   Thumb Code    60  stm32f10x_dma.o(i.DMA_Init)
    DMA_SetCurrDataCounter                   0x080019f5   Thumb Code     4  stm32f10x_dma.o(i.DMA_SetCurrDataCounter)
    Delay_ms                                 0x080019f9   Thumb Code    32  systick.o(i.Delay_ms)
    Delay_us                                 0x08001a19   Thumb Code    40  systick.o(i.Delay_us)
    DoGroup_Once                             0x08001a41   Thumb Code    44  action.o(i.DoGroup_Once)
    GPIO_Init                                0x08001a75   Thumb Code   278  stm32f10x_gpio.o(i.GPIO_Init)
    GPIO_PinRemapConfig                      0x08001b8d   Thumb Code   138  stm32f10x_gpio.o(i.GPIO_PinRemapConfig)
    GPIO_ReadInputDataBit                    0x08001c1d   Thumb Code    18  stm32f10x_gpio.o(i.GPIO_ReadInputDataBit)
    GPIO_ReadOutputDataBit                   0x08001c2f   Thumb Code    18  stm32f10x_gpio.o(i.GPIO_ReadOutputDataBit)
    GPIO_ResetBits                           0x08001c41   Thumb Code     4  stm32f10x_gpio.o(i.GPIO_ResetBits)
    GPIO_SetBits                             0x08001c45   Thumb Code     4  stm32f10x_gpio.o(i.GPIO_SetBits)
    GPIO_WriteBit                            0x08001c49   Thumb Code    10  stm32f10x_gpio.o(i.GPIO_WriteBit)
    GY33T_Read                               0x08001c53   Thumb Code    28  gy33t.o(i.GY33T_Read)
    GY33T_Write_Byte                         0x08001c6f   Thumb Code    20  gy33t.o(i.GY33T_Write_Byte)
    GetMaxTime                               0x08001c83   Thumb Code    92  action.o(i.GetMaxTime)
    Get_Adc_Joystick_Value                   0x08001ce1   Thumb Code    72  joystick.o(i.Get_Adc_Joystick_Value)
    Get_Joystick_Percentage_value            0x08001d2d   Thumb Code    66  joystick.o(i.Get_Joystick_Percentage_value)
    JoystickStatus                           0x08001d79   Thumb Code    62  joystick.o(i.JoystickStatus)
    JoystickTask                             0x08001db9   Thumb Code   302  function.o(i.JoystickTask)
    Joystick_Key_Init                        0x08001f1d   Thumb Code    34  joystick.o(i.Joystick_Key_Init)
    Joystick_LED_Init                        0x08001f45   Thumb Code    50  joystick.o(i.Joystick_LED_Init)
    Key_Init                                 0x08001f7d   Thumb Code    32  key.o(i.Key_Init)
    LED_Init                                 0x08001fa1   Thumb Code    50  led.o(i.LED_Init)
    Led_Blink                                0x08001fd9   Thumb Code    60  application.o(i.Led_Blink)
    LoopMode                                 0x0800201d   Thumb Code    80  application.o(i.LoopMode)
    Loop_Action                              0x08002075   Thumb Code   192  action.o(i.Loop_Action)
    Loop_Uart                                0x08002161   Thumb Code    82  application.o(i.Loop_Uart)
    Millis                                   0x080021c1   Thumb Code     6  systick.o(i.Millis)
    NVIC_Init                                0x080021cd   Thumb Code   100  misc.o(i.NVIC_Init)
    OLED_Clear                               0x0800223d   Thumb Code    64  oled.o(i.OLED_Clear)
    OLED_Init                                0x0800227d   Thumb Code   226  oled.o(i.OLED_Init)
    OLED_Print                               0x08002361   Thumb Code   206  oled.o(i.OLED_Print)
    OLED_SetPos                              0x08002435   Thumb Code    42  oled.o(i.OLED_SetPos)
    OLED_ShowChar                            0x08002461   Thumb Code   154  oled.o(i.OLED_ShowChar)
    OLED_WRByte                              0x08002505   Thumb Code    34  oled.o(i.OLED_WRByte)
    Parameter_Init                           0x08002529   Thumb Code   164  application.o(i.Parameter_Init)
    ParsePsx_Buf                             0x080025fd   Thumb Code   552  app_ps2.o(i.ParsePsx_Buf)
    Parse_Action                             0x08002859   Thumb Code   772  protocol.o(i.Parse_Action)
    Parse_Cmd                                0x08002bb9   Thumb Code   800  protocol.o(i.Parse_Cmd)
    Parse_Group_Cmd                          0x080030ad   Thumb Code    88  protocol.o(i.Parse_Group_Cmd)
    PidInit                                  0x08003135   Thumb Code    52  servopid.o(i.PidInit)
    Ps2_Init                                 0x08003171   Thumb Code   122  ps2.o(i.Ps2_Init)
    Ps2_Transfer                             0x080031f5   Thumb Code   104  ps2.o(i.Ps2_Transfer)
    Ps2_WriteRead                            0x08003265   Thumb Code   114  ps2.o(i.Ps2_WriteRead)
    PwmServoInit                             0x080032e1   Thumb Code   192  pwmservo.o(i.PwmServoInit)
    PwmServoStop                             0x080033b1   Thumb Code    88  pwmservo.o(i.PwmServoStop)
    PwmServo_DoingSet                        0x0800340d   Thumb Code   242  pwmservo.o(i.PwmServo_DoingSet)
    PwmServo_IncOffset                       0x0800350d   Thumb Code   176  pwmservo.o(i.PwmServo_IncOffset)
    PwmServo_PinSet                          0x080035c1   Thumb Code   116  pwmservo.o(i.PwmServo_PinSet)
    PwmServo_SetAngle                        0x08003639   Thumb Code   122  pwmservo.o(i.PwmServo_SetAngle)
    RCC_ADCCLKConfig                         0x080036c1   Thumb Code    18  stm32f10x_rcc.o(i.RCC_ADCCLKConfig)
    RCC_AHBPeriphClockCmd                    0x080036d9   Thumb Code    26  stm32f10x_rcc.o(i.RCC_AHBPeriphClockCmd)
    RCC_APB1PeriphClockCmd                   0x080036f9   Thumb Code    26  stm32f10x_rcc.o(i.RCC_APB1PeriphClockCmd)
    RCC_APB1PeriphResetCmd                   0x08003719   Thumb Code    26  stm32f10x_rcc.o(i.RCC_APB1PeriphResetCmd)
    RCC_APB2PeriphClockCmd                   0x08003739   Thumb Code    26  stm32f10x_rcc.o(i.RCC_APB2PeriphClockCmd)
    RCC_APB2PeriphResetCmd                   0x08003759   Thumb Code    26  stm32f10x_rcc.o(i.RCC_APB2PeriphResetCmd)
    RCC_DeInit                               0x08003779   Thumb Code    64  stm32f10x_rcc.o(i.RCC_DeInit)
    RCC_GetClocksFreq                        0x080037c5   Thumb Code   192  stm32f10x_rcc.o(i.RCC_GetClocksFreq)
    RCC_GetFlagStatus                        0x08003899   Thumb Code    56  stm32f10x_rcc.o(i.RCC_GetFlagStatus)
    RCC_GetSYSCLKSource                      0x080038d5   Thumb Code    10  stm32f10x_rcc.o(i.RCC_GetSYSCLKSource)
    RCC_HCLKConfig                           0x080038e5   Thumb Code    18  stm32f10x_rcc.o(i.RCC_HCLKConfig)
    RCC_HSEConfig                            0x080038fd   Thumb Code    70  stm32f10x_rcc.o(i.RCC_HSEConfig)
    RCC_PCLK1Config                          0x08003949   Thumb Code    18  stm32f10x_rcc.o(i.RCC_PCLK1Config)
    RCC_PCLK2Config                          0x08003961   Thumb Code    20  stm32f10x_rcc.o(i.RCC_PCLK2Config)
    RCC_PLLCmd                               0x08003979   Thumb Code     6  stm32f10x_rcc.o(i.RCC_PLLCmd)
    RCC_PLLConfig                            0x08003985   Thumb Code    24  stm32f10x_rcc.o(i.RCC_PLLConfig)
    RCC_SYSCLKConfig                         0x080039a1   Thumb Code    18  stm32f10x_rcc.o(i.RCC_SYSCLKConfig)
    RCC_WaitForHSEStartUp                    0x080039b9   Thumb Code    56  stm32f10x_rcc.o(i.RCC_WaitForHSEStartUp)
    Rcc_Init                                 0x080039f1   Thumb Code    94  rcc.o(i.Rcc_Init)
    Read                                     0x08003a51   Thumb Code   102  soft_i2c.o(i.Read)
    Replace_Char                             0x08003abd   Thumb Code    20  global.o(i.Replace_Char)
    Rewrite_Eeprom                           0x08003ad1   Thumb Code    22  protocol.o(i.Rewrite_Eeprom)
    SPI_Cmd                                  0x08003af1   Thumb Code    24  stm32f10x_spi.o(i.SPI_Cmd)
    SPI_I2S_GetFlagStatus                    0x08003b09   Thumb Code    18  stm32f10x_spi.o(i.SPI_I2S_GetFlagStatus)
    SPI_I2S_ReceiveData                      0x08003b1b   Thumb Code     6  stm32f10x_spi.o(i.SPI_I2S_ReceiveData)
    SPI_I2S_SendData                         0x08003b21   Thumb Code     4  stm32f10x_spi.o(i.SPI_I2S_SendData)
    SPI_Init                                 0x08003b25   Thumb Code    60  stm32f10x_spi.o(i.SPI_Init)
    SWJGpio_Init                             0x08003b61   Thumb Code    20  sys.o(i.SWJGpio_Init)
    Save_Action                              0x08003b79   Thumb Code   244  protocol.o(i.Save_Action)
    Send                                     0x08003ca1   Thumb Code   114  soft_i2c.o(i.Send)
    Send_Ack                                 0x08003d19   Thumb Code   128  soft_i2c.o(i.Send_Ack)
    ServoState_Init                          0x08003d9d   Thumb Code    86  application.o(i.ServoState_Init)
    SetPrintfUart                            0x08003dfd   Thumb Code     6  uart.o(i.SetPrintfUart)
    SoftI2C_init                             0x08003ef1   Thumb Code    96  soft_i2c.o(i.SoftI2C_init)
    SoftI2C_read                             0x08003f55   Thumb Code   118  soft_i2c.o(i.SoftI2C_read)
    SoftI2C_write                            0x08003fcb   Thumb Code    88  soft_i2c.o(i.SoftI2C_write)
    Soft_Reset                               0x08004025   Thumb Code    38  sys.o(i.Soft_Reset)
    SoundTouchTask                           0x08004055   Thumb Code   182  function.o(i.SoundTouchTask)
    Sound_Touch_Key_Init                     0x08004131   Thumb Code    64  key.o(i.Sound_Touch_Key_Init)
    SpiFlash_Erase_Sector                    0x08004175   Thumb Code    70  spi_flash.o(i.SpiFlash_Erase_Sector)
    SpiFlash_Init                            0x080041c1   Thumb Code   164  spi_flash.o(i.SpiFlash_Init)
    SpiFlash_Read                            0x08004275   Thumb Code    84  spi_flash.o(i.SpiFlash_Read)
    SpiFlash_Read_SR                         0x080042cd   Thumb Code    44  spi_flash.o(i.SpiFlash_Read_SR)
    SpiFlash_Wait_Busy                       0x080042fd   Thumb Code    18  spi_flash.o(i.SpiFlash_Wait_Busy)
    SpiFlash_Write_Enable                    0x08004311   Thumb Code    32  spi_flash.o(i.SpiFlash_Write_Enable)
    SpiFlash_Write_No_Check                  0x08004335   Thumb Code    70  spi_flash.o(i.SpiFlash_Write_No_Check)
    SpiFlash_Write_Page                      0x0800437d   Thumb Code   102  spi_flash.o(i.SpiFlash_Write_Page)
    SpiFlash_Write_S                         0x080043e9   Thumb Code   176  spi_flash.o(i.SpiFlash_Write_S)
    Spi_SetSpeed                             0x0800449d   Thumb Code    26  spi_flash.o(i.Spi_SetSpeed)
    Spi_WriteRead                            0x080044c1   Thumb Code    78  spi_flash.o(i.Spi_WriteRead)
    Start                                    0x08004515   Thumb Code   106  soft_i2c.o(i.Start)
    Stop                                     0x08004585   Thumb Code    88  soft_i2c.o(i.Stop)
    Str_Contain_Str                          0x080045e1   Thumb Code    74  global.o(i.Str_Contain_Str)
    SysTickInit                              0x0800462d   Thumb Code    84  systick.o(i.SysTickInit)
    SysTick_Handler                          0x0800468d   Thumb Code    12  systick.o(i.SysTick_Handler)
    SystemInit                               0x0800469d   Thumb Code    78  system_stm32f10x.o(i.SystemInit)
    TIM1_Init                                0x080046fd   Thumb Code    98  timer.o(i.TIM1_Init)
    TIM2_IRQHandler                          0x08004765   Thumb Code   148  timer.o(i.TIM2_IRQHandler)
    TIM2_Init                                0x08004805   Thumb Code   102  timer.o(i.TIM2_Init)
    TIM_ARRPreloadConfig                     0x0800486b   Thumb Code    24  stm32f10x_tim.o(i.TIM_ARRPreloadConfig)
    TIM_ClearITPendingBit                    0x08004883   Thumb Code     6  stm32f10x_tim.o(i.TIM_ClearITPendingBit)
    TIM_Cmd                                  0x08004889   Thumb Code    24  stm32f10x_tim.o(i.TIM_Cmd)
    TIM_GetITStatus                          0x080048a1   Thumb Code    34  stm32f10x_tim.o(i.TIM_GetITStatus)
    TIM_ITConfig                             0x080048c3   Thumb Code    18  stm32f10x_tim.o(i.TIM_ITConfig)
    TIM_TimeBaseInit                         0x080048d5   Thumb Code   122  stm32f10x_tim.o(i.TIM_TimeBaseInit)
    USART1_IRQHandler                        0x08004979   Thumb Code    44  uart.o(i.USART1_IRQHandler)
    USART2_IRQHandler                        0x080049a9   Thumb Code    44  uart.o(i.USART2_IRQHandler)
    USART3_IRQHandler                        0x080049d9   Thumb Code   126  uart.o(i.USART3_IRQHandler)
    USART_ClearITPendingBit                  0x08004a6d   Thumb Code    30  stm32f10x_usart.o(i.USART_ClearITPendingBit)
    USART_Cmd                                0x08004a8b   Thumb Code    24  stm32f10x_usart.o(i.USART_Cmd)
    USART_DMACmd                             0x08004aa3   Thumb Code    18  stm32f10x_usart.o(i.USART_DMACmd)
    USART_DeInit                             0x08004ab5   Thumb Code   134  stm32f10x_usart.o(i.USART_DeInit)
    USART_GetFlagStatus                      0x08004b51   Thumb Code    26  stm32f10x_usart.o(i.USART_GetFlagStatus)
    USART_GetITStatus                        0x08004b6b   Thumb Code    84  stm32f10x_usart.o(i.USART_GetITStatus)
    USART_HalfDuplexCmd                      0x08004bbf   Thumb Code    24  stm32f10x_usart.o(i.USART_HalfDuplexCmd)
    USART_ITConfig                           0x08004bd7   Thumb Code    74  stm32f10x_usart.o(i.USART_ITConfig)
    USART_Init                               0x08004c21   Thumb Code   210  stm32f10x_usart.o(i.USART_Init)
    USART_ReceiveData                        0x08004cf9   Thumb Code    10  stm32f10x_usart.o(i.USART_ReceiveData)
    USART_SendData                           0x08004d03   Thumb Code     8  stm32f10x_usart.o(i.USART_SendData)
    USTimer_Init                             0x08004d0d   Thumb Code    44  ultrasonic.o(i.USTimer_Init)
    US_Init                                  0x08004d3d   Thumb Code    62  ultrasonic.o(i.US_Init)
    Uart1_Init                               0x08004d81   Thumb Code   174  uart.o(i.Uart1_Init)
    Uart1_Print                              0x08004e39   Thumb Code    38  uart.o(i.Uart1_Print)
    Uart2_Init                               0x08004e65   Thumb Code   158  uart.o(i.Uart2_Init)
    Uart3_Init                               0x08004f0d   Thumb Code   248  uart.o(i.Uart3_Init)
    UartAll_Printf                           0x08005015   Thumb Code    48  uart.o(i.UartAll_Printf)
    Uart_DataParse                           0x08005049   Thumb Code   178  uart.o(i.Uart_DataParse)
    Uart_Init                                0x0800510d   Thumb Code    28  application.o(i.Uart_Init)
    Wait_Ack                                 0x08005129   Thumb Code   148  soft_i2c.o(i.Wait_Ack)
    __0printf                                0x080051c1   Thumb Code    22  printfa.o(i.__0printf)
    __1printf                                0x080051c1   Thumb Code     0  printfa.o(i.__0printf)
    __2printf                                0x080051c1   Thumb Code     0  printfa.o(i.__0printf)
    __c89printf                              0x080051c1   Thumb Code     0  printfa.o(i.__0printf)
    printf                                   0x080051c1   Thumb Code     0  printfa.o(i.__0printf)
    __0sprintf                               0x080051e1   Thumb Code    34  printfa.o(i.__0sprintf)
    __1sprintf                               0x080051e1   Thumb Code     0  printfa.o(i.__0sprintf)
    __2sprintf                               0x080051e1   Thumb Code     0  printfa.o(i.__0sprintf)
    __c89sprintf                             0x080051e1   Thumb Code     0  printfa.o(i.__0sprintf)
    sprintf                                  0x080051e1   Thumb Code     0  printfa.o(i.__0sprintf)
    __ARM_fpclassify                         0x08005209   Thumb Code    40  fpclassify.o(i.__ARM_fpclassify)
    __ieee754_rem_pio2                       0x08005231   Thumb Code   828  rred.o(i.__ieee754_rem_pio2)
    __kernel_cos                             0x080055b9   Thumb Code   230  cos_i.o(i.__kernel_cos)
    __kernel_poly                            0x080056b5   Thumb Code   170  poly.o(i.__kernel_poly)
    __kernel_sin                             0x08005761   Thumb Code   224  sin_i.o(i.__kernel_sin)
    __mathlib_dbl_infnan                     0x0800584d   Thumb Code     6  dunder.o(i.__mathlib_dbl_infnan)
    __mathlib_dbl_invalid                    0x08005853   Thumb Code    12  dunder.o(i.__mathlib_dbl_invalid)
    __mathlib_dbl_underflow                  0x08005861   Thumb Code    10  dunder.o(i.__mathlib_dbl_underflow)
    __scatterload_copy                       0x08005871   Thumb Code    14  handlers.o(i.__scatterload_copy)
    __scatterload_null                       0x0800587f   Thumb Code     2  handlers.o(i.__scatterload_null)
    __scatterload_zeroinit                   0x08005881   Thumb Code    14  handlers.o(i.__scatterload_zeroinit)
    __set_errno                              0x08005891   Thumb Code     6  errno.o(i.__set_errno)
    _is_digit                                0x08005a21   Thumb Code    14  scanf_fp.o(i._is_digit)
    abs_float                                0x08006169   Thumb Code    24  global.o(i.abs_float)
    acos                                     0x08006181   Thumb Code   574  acos.o(i.acos)
    atan                                     0x080063fd   Thumb Code   474  atan.o(i.atan)
    cos                                      0x0800661d   Thumb Code   148  cos.o(i.cos)
    fmax                                     0x080066b9   Thumb Code    66  fmax.o(i.fmax)
    fmin                                     0x080066fb   Thumb Code    66  fmin.o(i.fmin)
    fputc                                    0x0800673d   Thumb Code   102  uart.o(i.fputc)
    kinematics_Move                          0x080067b5   Thumb Code   242  kinematics.o(i.kinematics_Move)
    kinematics_analysis                      0x08006935   Thumb Code  1504  kinematics.o(i.kinematics_analysis)
    loop_Joystick_key                        0x08006f41   Thumb Code   214  application.o(i.loop_Joystick_key)
    loop_app                                 0x08007041   Thumb Code    36  application.o(i.loop_app)
    loop_key                                 0x08007065   Thumb Code   174  application.o(i.loop_key)
    loop_oled                                0x08007139   Thumb Code   140  main.o(i.loop_oled)
    main                                     0x08007201   Thumb Code    16  main.o(i.main)
    setup_app                                0x08007211   Thumb Code   128  application.o(i.setup_app)
    setup_run_action                         0x0800729d   Thumb Code    40  application.o(i.setup_run_action)
    sin                                      0x080072cd   Thumb Code   150  sin.o(i.sin)
    sqrt                                     0x0800736d   Thumb Code    76  sqrt.o(i.sqrt)
    F6x8                                     0x0800741c   Data         552  oled.o(.constdata)
    F8X16                                    0x08007644   Data        1520  oled.o(.constdata)
    CN16_Msk                                 0x08007c34   Data         578  oled.o(.constdata)
    __ctype_categories                       0x08008080   Data          64  ctype_c.o(.constdata)
    Region$$Table$$Base                      0x08008428   Number         0  anon$$obj.o(Region$$Table)
    Region$$Table$$Limit                     0x08008448   Number         0  anon$$obj.o(Region$$Table)
    BMP                                      0x20000000   Data        1024  main.o(.data)
    SetMode                                  0x20000408   Data           1  application.o(.data)
    group_do_ok                              0x20000424   Data           1  action.o(.data)
    do_start_index                           0x20000428   Data           4  action.o(.data)
    do_time                                  0x2000042c   Data           4  action.o(.data)
    group_num_start                          0x20000430   Data           4  action.o(.data)
    group_num_end                            0x20000434   Data           4  action.o(.data)
    group_num_times                          0x20000438   Data           4  action.o(.data)
    action_time                              0x2000043c   Data           4  action.o(.data)
    pre_cmd_set_red                          0x20000444   Data          64  app_ps2.o(.data)
    pre_cmd_set_grn                          0x20000484   Data          64  app_ps2.o(.data)
    AI_mode                                  0x200004d2   Data           1  protocol.o(.data)
    fix_raio                                 0x200004f4   Data           4  pwmservo.o(.data)
    SW_Uart                                  0x200004f8   Data           1  uart.o(.data)
    Uart_ReceiveCount                        0x200004fa   Data           2  uart.o(.data)
    Uart_GetOK                               0x200004fc   Data           2  uart.o(.data)
    Uart_Mode                                0x200004fe   Data           1  uart.o(.data)
    GPIO_InitStructure                       0x20000502   Data           4  spi_flash.o(.data)
    SystemCoreClock                          0x20000510   Data           4  system_stm32f10x.o(.data)
    AHBPrescTable                            0x20000514   Data          16  system_stm32f10x.o(.data)
    __stdout                                 0x20000538   Data           4  stdout.o(.data)
    cmd_return                               0x20000540   Data        1024  protocol.o(.bss)
    eeprom_info                              0x20000940   Data         208  protocol.o(.bss)
    kinematics                               0x20000a10   Data          88  kinematics.o(.bss)
    duoji_doing                              0x20000a68   Data         128  pwmservo.o(.bss)
    pid_doing                                0x20000ae8   Data          96  pwmservo.o(.bss)
    Uart_ReceiveBuf                          0x20000b48   Data        1024  uart.o(.bss)
    Uart3_DMA_RX_BUF                         0x20000f48   Data        1024  uart.o(.bss)
    psx_buf                                  0x20001348   Data           9  ps2.o(.bss)
    SPI_InitStructure                        0x20001352   Data          18  spi_flash.o(.bss)
    W25Q_BUF                                 0x20001364   Data        4096  spi_flash.o(.bss)
    __initial_sp                             0x20002768   Data           0  startup_stm32f10x_md.o(STACK)



==============================================================================

Memory Map of the image

  Image Entry point : 0x080000ed

  Load Region LR_IROM1 (Base: 0x08000000, Size: 0x00008988, Max: 0x00010000, ABSOLUTE, COMPRESSED[0x00008598])

    Execution Region ER_IROM1 (Exec base: 0x08000000, Load base: 0x08000000, Size: 0x00008448, Max: 0x00010000, ABSOLUTE)

    Exec Addr    Load Addr    Size         Type   Attr      Idx    E Section Name        Object

    0x08000000   0x08000000   0x000000ec   Data   RO         1304    RESET               startup_stm32f10x_md.o
    0x080000ec   0x080000ec   0x00000000   Code   RO         4358  * .ARM.Collect$$$$00000000  mc_w.l(entry.o)
    0x080000ec   0x080000ec   0x00000004   Code   RO         4708    .ARM.Collect$$$$00000001  mc_w.l(entry2.o)
    0x080000f0   0x080000f0   0x00000004   Code   RO         4711    .ARM.Collect$$$$00000004  mc_w.l(entry5.o)
    0x080000f4   0x080000f4   0x00000000   Code   RO         4713    .ARM.Collect$$$$00000008  mc_w.l(entry7b.o)
    0x080000f4   0x080000f4   0x00000000   Code   RO         4715    .ARM.Collect$$$$0000000A  mc_w.l(entry8b.o)
    0x080000f4   0x080000f4   0x00000008   Code   RO         4716    .ARM.Collect$$$$0000000B  mc_w.l(entry9a.o)
    0x080000fc   0x080000fc   0x00000000   Code   RO         4718    .ARM.Collect$$$$0000000D  mc_w.l(entry10a.o)
    0x080000fc   0x080000fc   0x00000000   Code   RO         4720    .ARM.Collect$$$$0000000F  mc_w.l(entry11a.o)
    0x080000fc   0x080000fc   0x00000004   Code   RO         4709    .ARM.Collect$$$$00002712  mc_w.l(entry2.o)
    0x08000100   0x08000100   0x00000024   Code   RO         1305    .text               startup_stm32f10x_md.o
    0x08000124   0x08000124   0x00000024   Code   RO         4361    .text               mc_w.l(memcpya.o)
    0x08000148   0x08000148   0x00000024   Code   RO         4363    .text               mc_w.l(memseta.o)
    0x0800016c   0x0800016c   0x0000000e   Code   RO         4365    .text               mc_w.l(strlen.o)
    0x0800017a   0x0800017a   0x00000012   Code   RO         4367    .text               mc_w.l(strcpy.o)
    0x0800018c   0x0800018c   0x00000038   Code   RO         4632    .text               mc_w.l(__0sscanf.o)
    0x080001c4   0x080001c4   0x0000014c   Code   RO         4634    .text               mc_w.l(_scanf_int.o)
    0x08000310   0x08000310   0x00000360   Code   RO         4636    .text               mc_w.l(scanf_fp.o)
    0x08000670   0x08000670   0x000000b0   Code   RO         4640    .text               mf_w.l(fadd.o)
    0x08000720   0x08000720   0x00000064   Code   RO         4642    .text               mf_w.l(fmul.o)
    0x08000784   0x08000784   0x0000007c   Code   RO         4644    .text               mf_w.l(fdiv.o)
    0x08000800   0x08000800   0x0000014e   Code   RO         4646    .text               mf_w.l(dadd.o)
    0x0800094e   0x0800094e   0x000000e4   Code   RO         4648    .text               mf_w.l(dmul.o)
    0x08000a32   0x08000a32   0x000000de   Code   RO         4650    .text               mf_w.l(ddiv.o)
    0x08000b10   0x08000b10   0x00000012   Code   RO         4652    .text               mf_w.l(fflti.o)
    0x08000b22   0x08000b22   0x0000000a   Code   RO         4654    .text               mf_w.l(ffltui.o)
    0x08000b2c   0x08000b2c   0x0000001a   Code   RO         4656    .text               mf_w.l(dfltui.o)
    0x08000b46   0x08000b46   0x00000032   Code   RO         4658    .text               mf_w.l(ffixi.o)
    0x08000b78   0x08000b78   0x00000028   Code   RO         4660    .text               mf_w.l(ffixui.o)
    0x08000ba0   0x08000ba0   0x0000003e   Code   RO         4662    .text               mf_w.l(dfixi.o)
    0x08000bde   0x08000bde   0x00000026   Code   RO         4664    .text               mf_w.l(f2d.o)
    0x08000c04   0x08000c04   0x00000030   Code   RO         4666    .text               mf_w.l(cdcmple.o)
    0x08000c34   0x08000c34   0x00000030   Code   RO         4668    .text               mf_w.l(cdrcmple.o)
    0x08000c64   0x08000c64   0x00000038   Code   RO         4670    .text               mf_w.l(d2f.o)
    0x08000c9c   0x08000c9c   0x00000014   Code   RO         4672    .text               mf_w.l(cfcmple.o)
    0x08000cb0   0x08000cb0   0x00000014   Code   RO         4674    .text               mf_w.l(cfrcmple.o)
    0x08000cc4   0x08000cc4   0x0000002c   Code   RO         4723    .text               mc_w.l(uidiv.o)
    0x08000cf0   0x08000cf0   0x00000062   Code   RO         4725    .text               mc_w.l(uldiv.o)
    0x08000d52   0x08000d52   0x0000001e   Code   RO         4727    .text               mc_w.l(llshl.o)
    0x08000d70   0x08000d70   0x00000020   Code   RO         4729    .text               mc_w.l(llushr.o)
    0x08000d90   0x08000d90   0x00000024   Code   RO         4731    .text               mc_w.l(llsshr.o)
    0x08000db4   0x08000db4   0x0000001c   Code   RO         4740    .text               mc_w.l(_chval.o)
    0x08000dd0   0x08000dd0   0x00000028   Code   RO         4742    .text               mc_w.l(scanf_char.o)
    0x08000df8   0x08000df8   0x00000040   Code   RO         4744    .text               mc_w.l(_sgetc.o)
    0x08000e38   0x08000e38   0x00000000   Code   RO         4746    .text               mc_w.l(iusefp.o)
    0x08000e38   0x08000e38   0x0000006e   Code   RO         4747    .text               mf_w.l(fepilogue.o)
    0x08000ea6   0x08000ea6   0x000000ba   Code   RO         4749    .text               mf_w.l(depilogue.o)
    0x08000f60   0x08000f60   0x0000002e   Code   RO         4751    .text               mf_w.l(dscalb.o)
    0x08000f8e   0x08000f8e   0x000000a2   Code   RO         4753    .text               mf_w.l(dsqrt.o)
    0x08001030   0x08001030   0x00000018   Code   RO         4755    .text               mf_w.l(dfltul.o)
    0x08001048   0x08001048   0x00000030   Code   RO         4757    .text               mf_w.l(dfixul.o)
    0x08001078   0x08001078   0x00000060   Code   RO         4759    .text               mf_w.l(dcmp4.o)
    0x080010d8   0x080010d8   0x00000024   Code   RO         4761    .text               mc_w.l(init.o)
    0x080010fc   0x080010fc   0x0000000a   Code   RO         4763    .text               mc_w.l(isspace_c.o)
    0x08001106   0x08001106   0x00000002   PAD
    0x08001108   0x08001108   0x0000032c   Code   RO         4765    .text               mc_w.l(_scanf.o)
    0x08001434   0x08001434   0x00000022   Code   RO         4767    .text               mf_w.l(dflti.o)
    0x08001456   0x08001456   0x00000002   PAD
    0x08001458   0x08001458   0x00000028   Code   RO         4769    .text               mc_w.l(ctype_c.o)
    0x08001480   0x08001480   0x00000056   Code   RO         4780    .text               mc_w.l(__dczerorl2.o)
    0x080014d6   0x080014d6   0x00000016   Code   RO         1385    i.ADC_Cmd           stm32f10x_adc.o
    0x080014ec   0x080014ec   0x00000014   Code   RO         1393    i.ADC_GetCalibrationStatus  stm32f10x_adc.o
    0x08001500   0x08001500   0x00000008   Code   RO         1394    i.ADC_GetConversionValue  stm32f10x_adc.o
    0x08001508   0x08001508   0x00000012   Code   RO         1396    i.ADC_GetFlagStatus  stm32f10x_adc.o
    0x0800151a   0x0800151a   0x00000014   Code   RO         1399    i.ADC_GetResetCalibrationStatus  stm32f10x_adc.o
    0x0800152e   0x0800152e   0x00000002   PAD
    0x08001530   0x08001530   0x00000050   Code   RO         1403    i.ADC_Init          stm32f10x_adc.o
    0x08001580   0x08001580   0x00000098   Code   RO          709    i.ADC_Joystick_Init  joystick.o
    0x08001618   0x08001618   0x000000b8   Code   RO         1407    i.ADC_RegularChannelConfig  stm32f10x_adc.o
    0x080016d0   0x080016d0   0x0000000a   Code   RO         1408    i.ADC_ResetCalibration  stm32f10x_adc.o
    0x080016da   0x080016da   0x00000016   Code   RO         1410    i.ADC_SoftwareStartConvCmd  stm32f10x_adc.o
    0x080016f0   0x080016f0   0x0000000a   Code   RO         1412    i.ADC_StartCalibration  stm32f10x_adc.o
    0x080016fa   0x080016fa   0x00000002   PAD
    0x080016fc   0x080016fc   0x00000060   Code   RO          411    i.AppPs2Run         app_ps2.o
    0x0800175c   0x0800175c   0x00000034   Code   RO          885    i.Buzzer_Init       beep.o
    0x08001790   0x08001790   0x00000034   Code   RO          281    i.Buzzer_times      application.o
    0x080017c4   0x080017c4   0x00000088   Code   RO          550    i.ColorTask         function.o
    0x0800184c   0x0800184c   0x00000018   Code   RO         2070    i.DMA_Cmd           stm32f10x_dma.o
    0x08001864   0x08001864   0x0000014c   Code   RO         2071    i.DMA_DeInit        stm32f10x_dma.o
    0x080019b0   0x080019b0   0x00000008   Code   RO         2072    i.DMA_GetCurrDataCounter  stm32f10x_dma.o
    0x080019b8   0x080019b8   0x0000003c   Code   RO         2076    i.DMA_Init          stm32f10x_dma.o
    0x080019f4   0x080019f4   0x00000004   Code   RO         2077    i.DMA_SetCurrDataCounter  stm32f10x_dma.o
    0x080019f8   0x080019f8   0x00000020   Code   RO         1212    i.Delay_ms          systick.o
    0x08001a18   0x08001a18   0x00000028   Code   RO         1214    i.Delay_us          systick.o
    0x08001a40   0x08001a40   0x00000034   Code   RO          365    i.DoGroup_Once      action.o
    0x08001a74   0x08001a74   0x00000116   Code   RO         2494    i.GPIO_Init         stm32f10x_gpio.o
    0x08001b8a   0x08001b8a   0x00000002   PAD
    0x08001b8c   0x08001b8c   0x00000090   Code   RO         2496    i.GPIO_PinRemapConfig  stm32f10x_gpio.o
    0x08001c1c   0x08001c1c   0x00000012   Code   RO         2498    i.GPIO_ReadInputDataBit  stm32f10x_gpio.o
    0x08001c2e   0x08001c2e   0x00000012   Code   RO         2500    i.GPIO_ReadOutputDataBit  stm32f10x_gpio.o
    0x08001c40   0x08001c40   0x00000004   Code   RO         2501    i.GPIO_ResetBits    stm32f10x_gpio.o
    0x08001c44   0x08001c44   0x00000004   Code   RO         2502    i.GPIO_SetBits      stm32f10x_gpio.o
    0x08001c48   0x08001c48   0x0000000a   Code   RO         2505    i.GPIO_WriteBit     stm32f10x_gpio.o
    0x08001c52   0x08001c52   0x0000001c   Code   RO          691    i.GY33T_Read        gy33t.o
    0x08001c6e   0x08001c6e   0x00000014   Code   RO          692    i.GY33T_Write_Byte  gy33t.o
    0x08001c82   0x08001c82   0x0000005c   Code   RO          366    i.GetMaxTime        action.o
    0x08001cde   0x08001cde   0x00000002   PAD
    0x08001ce0   0x08001ce0   0x0000004c   Code   RO          710    i.Get_Adc_Joystick_Value  joystick.o
    0x08001d2c   0x08001d2c   0x0000004c   Code   RO          711    i.Get_Joystick_Percentage_value  joystick.o
    0x08001d78   0x08001d78   0x0000003e   Code   RO          712    i.JoystickStatus    joystick.o
    0x08001db6   0x08001db6   0x00000002   PAD
    0x08001db8   0x08001db8   0x00000164   Code   RO          551    i.JoystickTask      function.o
    0x08001f1c   0x08001f1c   0x00000028   Code   RO          713    i.Joystick_Key_Init  joystick.o
    0x08001f44   0x08001f44   0x00000038   Code   RO          714    i.Joystick_LED_Init  joystick.o
    0x08001f7c   0x08001f7c   0x00000024   Code   RO          897    i.Key_Init          key.o
    0x08001fa0   0x08001fa0   0x00000038   Code   RO          928    i.LED_Init          led.o
    0x08001fd8   0x08001fd8   0x00000044   Code   RO          282    i.Led_Blink         application.o
    0x0800201c   0x0800201c   0x00000058   Code   RO          283    i.LoopMode          application.o
    0x08002074   0x08002074   0x000000ec   Code   RO          367    i.Loop_Action       action.o
    0x08002160   0x08002160   0x00000060   Code   RO          284    i.Loop_Uart         application.o
    0x080021c0   0x080021c0   0x0000000c   Code   RO         1215    i.Millis            systick.o
    0x080021cc   0x080021cc   0x00000070   Code   RO         1343    i.NVIC_Init         misc.o
    0x0800223c   0x0800223c   0x00000040   Code   RO          577    i.OLED_Clear        oled.o
    0x0800227c   0x0800227c   0x000000e2   Code   RO          582    i.OLED_Init         oled.o
    0x0800235e   0x0800235e   0x00000002   PAD
    0x08002360   0x08002360   0x000000d4   Code   RO          584    i.OLED_Print        oled.o
    0x08002434   0x08002434   0x0000002a   Code   RO          585    i.OLED_SetPos       oled.o
    0x0800245e   0x0800245e   0x00000002   PAD
    0x08002460   0x08002460   0x000000a4   Code   RO          586    i.OLED_ShowChar     oled.o
    0x08002504   0x08002504   0x00000022   Code   RO          589    i.OLED_WRByte       oled.o
    0x08002526   0x08002526   0x00000002   PAD
    0x08002528   0x08002528   0x000000d4   Code   RO          285    i.Parameter_Init    application.o
    0x080025fc   0x080025fc   0x0000025c   Code   RO          412    i.ParsePsx_Buf      app_ps2.o
    0x08002858   0x08002858   0x00000360   Code   RO          450    i.Parse_Action      protocol.o
    0x08002bb8   0x08002bb8   0x000004f4   Code   RO          451    i.Parse_Cmd         protocol.o
    0x080030ac   0x080030ac   0x00000088   Code   RO          452    i.Parse_Group_Cmd   protocol.o
    0x08003134   0x08003134   0x0000003c   Code   RO          493    i.PidInit           servopid.o
    0x08003170   0x08003170   0x00000084   Code   RO          940    i.Ps2_Init          ps2.o
    0x080031f4   0x080031f4   0x00000070   Code   RO          941    i.Ps2_Transfer      ps2.o
    0x08003264   0x08003264   0x0000007c   Code   RO          942    i.Ps2_WriteRead     ps2.o
    0x080032e0   0x080032e0   0x000000d0   Code   RO          751    i.PwmServoInit      pwmservo.o
    0x080033b0   0x080033b0   0x0000005c   Code   RO          752    i.PwmServoStop      pwmservo.o
    0x0800340c   0x0800340c   0x00000100   Code   RO          754    i.PwmServo_DoingSet  pwmservo.o
    0x0800350c   0x0800350c   0x000000b4   Code   RO          755    i.PwmServo_IncOffset  pwmservo.o
    0x080035c0   0x080035c0   0x00000078   Code   RO          756    i.PwmServo_PinSet   pwmservo.o
    0x08003638   0x08003638   0x00000088   Code   RO          757    i.PwmServo_SetAngle  pwmservo.o
    0x080036c0   0x080036c0   0x00000018   Code   RO         2908    i.RCC_ADCCLKConfig  stm32f10x_rcc.o
    0x080036d8   0x080036d8   0x00000020   Code   RO         2909    i.RCC_AHBPeriphClockCmd  stm32f10x_rcc.o
    0x080036f8   0x080036f8   0x00000020   Code   RO         2910    i.RCC_APB1PeriphClockCmd  stm32f10x_rcc.o
    0x08003718   0x08003718   0x00000020   Code   RO         2911    i.RCC_APB1PeriphResetCmd  stm32f10x_rcc.o
    0x08003738   0x08003738   0x00000020   Code   RO         2912    i.RCC_APB2PeriphClockCmd  stm32f10x_rcc.o
    0x08003758   0x08003758   0x00000020   Code   RO         2913    i.RCC_APB2PeriphResetCmd  stm32f10x_rcc.o
    0x08003778   0x08003778   0x0000004c   Code   RO         2919    i.RCC_DeInit        stm32f10x_rcc.o
    0x080037c4   0x080037c4   0x000000d4   Code   RO         2920    i.RCC_GetClocksFreq  stm32f10x_rcc.o
    0x08003898   0x08003898   0x0000003c   Code   RO         2921    i.RCC_GetFlagStatus  stm32f10x_rcc.o
    0x080038d4   0x080038d4   0x00000010   Code   RO         2923    i.RCC_GetSYSCLKSource  stm32f10x_rcc.o
    0x080038e4   0x080038e4   0x00000018   Code   RO         2924    i.RCC_HCLKConfig    stm32f10x_rcc.o
    0x080038fc   0x080038fc   0x0000004c   Code   RO         2925    i.RCC_HSEConfig     stm32f10x_rcc.o
    0x08003948   0x08003948   0x00000018   Code   RO         2931    i.RCC_PCLK1Config   stm32f10x_rcc.o
    0x08003960   0x08003960   0x00000018   Code   RO         2932    i.RCC_PCLK2Config   stm32f10x_rcc.o
    0x08003978   0x08003978   0x0000000c   Code   RO         2933    i.RCC_PLLCmd        stm32f10x_rcc.o
    0x08003984   0x08003984   0x0000001c   Code   RO         2934    i.RCC_PLLConfig     stm32f10x_rcc.o
    0x080039a0   0x080039a0   0x00000018   Code   RO         2937    i.RCC_SYSCLKConfig  stm32f10x_rcc.o
    0x080039b8   0x080039b8   0x00000038   Code   RO         2939    i.RCC_WaitForHSEStartUp  stm32f10x_rcc.o
    0x080039f0   0x080039f0   0x0000005e   Code   RO         1172    i.Rcc_Init          rcc.o
    0x08003a4e   0x08003a4e   0x00000002   PAD
    0x08003a50   0x08003a50   0x0000006c   Code   RO         1106    i.Read              soft_i2c.o
    0x08003abc   0x08003abc   0x00000014   Code   RO          211    i.Replace_Char      global.o
    0x08003ad0   0x08003ad0   0x00000020   Code   RO          453    i.Rewrite_Eeprom    protocol.o
    0x08003af0   0x08003af0   0x00000018   Code   RO         3389    i.SPI_Cmd           stm32f10x_spi.o
    0x08003b08   0x08003b08   0x00000012   Code   RO         3397    i.SPI_I2S_GetFlagStatus  stm32f10x_spi.o
    0x08003b1a   0x08003b1a   0x00000006   Code   RO         3400    i.SPI_I2S_ReceiveData  stm32f10x_spi.o
    0x08003b20   0x08003b20   0x00000004   Code   RO         3401    i.SPI_I2S_SendData  stm32f10x_spi.o
    0x08003b24   0x08003b24   0x0000003c   Code   RO         3402    i.SPI_Init          stm32f10x_spi.o
    0x08003b60   0x08003b60   0x00000018   Code   RO         1185    i.SWJGpio_Init      sys.o
    0x08003b78   0x08003b78   0x00000128   Code   RO          454    i.Save_Action       protocol.o
    0x08003ca0   0x08003ca0   0x00000078   Code   RO         1107    i.Send              soft_i2c.o
    0x08003d18   0x08003d18   0x00000084   Code   RO         1108    i.Send_Ack          soft_i2c.o
    0x08003d9c   0x08003d9c   0x00000060   Code   RO          286    i.ServoState_Init   application.o
    0x08003dfc   0x08003dfc   0x0000000c   Code   RO          806    i.SetPrintfUart     uart.o
    0x08003e08   0x08003e08   0x00000008   Code   RO         1309    i.SetSysClock       system_stm32f10x.o
    0x08003e10   0x08003e10   0x000000e0   Code   RO         1310    i.SetSysClockTo72   system_stm32f10x.o
    0x08003ef0   0x08003ef0   0x00000064   Code   RO         1109    i.SoftI2C_init      soft_i2c.o
    0x08003f54   0x08003f54   0x00000076   Code   RO         1110    i.SoftI2C_read      soft_i2c.o
    0x08003fca   0x08003fca   0x00000058   Code   RO         1111    i.SoftI2C_write     soft_i2c.o
    0x08004022   0x08004022   0x00000002   PAD
    0x08004024   0x08004024   0x00000030   Code   RO         1186    i.Soft_Reset        sys.o
    0x08004054   0x08004054   0x000000dc   Code   RO          552    i.SoundTouchTask    function.o
    0x08004130   0x08004130   0x00000044   Code   RO          899    i.Sound_Touch_Key_Init  key.o
    0x08004174   0x08004174   0x0000004c   Code   RO          971    i.SpiFlash_Erase_Sector  spi_flash.o
    0x080041c0   0x080041c0   0x000000b4   Code   RO          972    i.SpiFlash_Init     spi_flash.o
    0x08004274   0x08004274   0x00000058   Code   RO          974    i.SpiFlash_Read     spi_flash.o
    0x080042cc   0x080042cc   0x00000030   Code   RO          977    i.SpiFlash_Read_SR  spi_flash.o
    0x080042fc   0x080042fc   0x00000012   Code   RO          978    i.SpiFlash_Wait_Busy  spi_flash.o
    0x0800430e   0x0800430e   0x00000002   PAD
    0x08004310   0x08004310   0x00000024   Code   RO          981    i.SpiFlash_Write_Enable  spi_flash.o
    0x08004334   0x08004334   0x00000046   Code   RO          982    i.SpiFlash_Write_No_Check  spi_flash.o
    0x0800437a   0x0800437a   0x00000002   PAD
    0x0800437c   0x0800437c   0x0000006c   Code   RO          983    i.SpiFlash_Write_Page  spi_flash.o
    0x080043e8   0x080043e8   0x000000b4   Code   RO          984    i.SpiFlash_Write_S  spi_flash.o
    0x0800449c   0x0800449c   0x00000024   Code   RO          989    i.Spi_SetSpeed      spi_flash.o
    0x080044c0   0x080044c0   0x00000054   Code   RO          990    i.Spi_WriteRead     spi_flash.o
    0x08004514   0x08004514   0x00000070   Code   RO         1113    i.Start             soft_i2c.o
    0x08004584   0x08004584   0x0000005c   Code   RO         1114    i.Stop              soft_i2c.o
    0x080045e0   0x080045e0   0x0000004a   Code   RO          213    i.Str_Contain_Str   global.o
    0x0800462a   0x0800462a   0x00000002   PAD
    0x0800462c   0x0800462c   0x00000060   Code   RO         1216    i.SysTickInit       systick.o
    0x0800468c   0x0800468c   0x00000010   Code   RO         1217    i.SysTick_Handler   systick.o
    0x0800469c   0x0800469c   0x00000060   Code   RO         1312    i.SystemInit        system_stm32f10x.o
    0x080046fc   0x080046fc   0x00000068   Code   RO         1261    i.TIM1_Init         timer.o
    0x08004764   0x08004764   0x000000a0   Code   RO         1262    i.TIM2_IRQHandler   timer.o
    0x08004804   0x08004804   0x00000066   Code   RO         1263    i.TIM2_Init         timer.o
    0x0800486a   0x0800486a   0x00000018   Code   RO         3532    i.TIM_ARRPreloadConfig  stm32f10x_tim.o
    0x08004882   0x08004882   0x00000006   Code   RO         3539    i.TIM_ClearITPendingBit  stm32f10x_tim.o
    0x08004888   0x08004888   0x00000018   Code   RO         3544    i.TIM_Cmd           stm32f10x_tim.o
    0x080048a0   0x080048a0   0x00000022   Code   RO         3565    i.TIM_GetITStatus   stm32f10x_tim.o
    0x080048c2   0x080048c2   0x00000012   Code   RO         3569    i.TIM_ITConfig      stm32f10x_tim.o
    0x080048d4   0x080048d4   0x000000a4   Code   RO         3615    i.TIM_TimeBaseInit  stm32f10x_tim.o
    0x08004978   0x08004978   0x00000030   Code   RO          807    i.USART1_IRQHandler  uart.o
    0x080049a8   0x080049a8   0x00000030   Code   RO          808    i.USART2_IRQHandler  uart.o
    0x080049d8   0x080049d8   0x00000094   Code   RO          809    i.USART3_IRQHandler  uart.o
    0x08004a6c   0x08004a6c   0x0000001e   Code   RO         4077    i.USART_ClearITPendingBit  stm32f10x_usart.o
    0x08004a8a   0x08004a8a   0x00000018   Code   RO         4080    i.USART_Cmd         stm32f10x_usart.o
    0x08004aa2   0x08004aa2   0x00000012   Code   RO         4081    i.USART_DMACmd      stm32f10x_usart.o
    0x08004ab4   0x08004ab4   0x0000009c   Code   RO         4082    i.USART_DeInit      stm32f10x_usart.o
    0x08004b50   0x08004b50   0x0000001a   Code   RO         4083    i.USART_GetFlagStatus  stm32f10x_usart.o
    0x08004b6a   0x08004b6a   0x00000054   Code   RO         4084    i.USART_GetITStatus  stm32f10x_usart.o
    0x08004bbe   0x08004bbe   0x00000018   Code   RO         4085    i.USART_HalfDuplexCmd  stm32f10x_usart.o
    0x08004bd6   0x08004bd6   0x0000004a   Code   RO         4086    i.USART_ITConfig    stm32f10x_usart.o
    0x08004c20   0x08004c20   0x000000d8   Code   RO         4087    i.USART_Init        stm32f10x_usart.o
    0x08004cf8   0x08004cf8   0x0000000a   Code   RO         4094    i.USART_ReceiveData  stm32f10x_usart.o
    0x08004d02   0x08004d02   0x00000008   Code   RO         4097    i.USART_SendData    stm32f10x_usart.o
    0x08004d0a   0x08004d0a   0x00000002   PAD
    0x08004d0c   0x08004d0c   0x00000030   Code   RO          667    i.USTimer_Init      ultrasonic.o
    0x08004d3c   0x08004d3c   0x00000044   Code   RO          669    i.US_Init           ultrasonic.o
    0x08004d80   0x08004d80   0x000000b8   Code   RO          810    i.Uart1_Init        uart.o
    0x08004e38   0x08004e38   0x0000002c   Code   RO          811    i.Uart1_Print       uart.o
    0x08004e64   0x08004e64   0x000000a8   Code   RO          812    i.Uart2_Init        uart.o
    0x08004f0c   0x08004f0c   0x00000108   Code   RO          813    i.Uart3_Init        uart.o
    0x08005014   0x08005014   0x00000034   Code   RO          814    i.UartAll_Printf    uart.o
    0x08005048   0x08005048   0x000000c4   Code   RO          815    i.Uart_DataParse    uart.o
    0x0800510c   0x0800510c   0x0000001c   Code   RO          287    i.Uart_Init         application.o
    0x08005128   0x08005128   0x00000098   Code   RO         1115    i.Wait_Ack          soft_i2c.o
    0x080051c0   0x080051c0   0x00000020   Code   RO         4604    i.__0printf         mc_w.l(printfa.o)
    0x080051e0   0x080051e0   0x00000028   Code   RO         4606    i.__0sprintf        mc_w.l(printfa.o)
    0x08005208   0x08005208   0x00000028   Code   RO         4693    i.__ARM_fpclassify  m_ws.l(fpclassify.o)
    0x08005230   0x08005230   0x00000388   Code   RO         4697    i.__ieee754_rem_pio2  m_ws.l(rred.o)
    0x080055b8   0x080055b8   0x000000fc   Code   RO         4676    i.__kernel_cos      m_ws.l(cos_i.o)
    0x080056b4   0x080056b4   0x000000aa   Code   RO         4695    i.__kernel_poly     m_ws.l(poly.o)
    0x0800575e   0x0800575e   0x00000002   PAD
    0x08005760   0x08005760   0x000000ec   Code   RO         4702    i.__kernel_sin      m_ws.l(sin_i.o)
    0x0800584c   0x0800584c   0x00000006   Code   RO         4680    i.__mathlib_dbl_infnan  m_ws.l(dunder.o)
    0x08005852   0x08005852   0x0000000c   Code   RO         4682    i.__mathlib_dbl_invalid  m_ws.l(dunder.o)
    0x0800585e   0x0800585e   0x00000002   PAD
    0x08005860   0x08005860   0x00000010   Code   RO         4685    i.__mathlib_dbl_underflow  m_ws.l(dunder.o)
    0x08005870   0x08005870   0x0000000e   Code   RO         4774    i.__scatterload_copy  mc_w.l(handlers.o)
    0x0800587e   0x0800587e   0x00000002   Code   RO         4775    i.__scatterload_null  mc_w.l(handlers.o)
    0x08005880   0x08005880   0x0000000e   Code   RO         4776    i.__scatterload_zeroinit  mc_w.l(handlers.o)
    0x0800588e   0x0800588e   0x00000002   PAD
    0x08005890   0x08005890   0x0000000c   Code   RO         4735    i.__set_errno       mc_w.l(errno.o)
    0x0800589c   0x0800589c   0x00000184   Code   RO         4611    i._fp_digits        mc_w.l(printfa.o)
    0x08005a20   0x08005a20   0x0000000e   Code   RO         4638    i._is_digit         mc_w.l(scanf_fp.o)
    0x08005a2e   0x08005a2e   0x00000002   PAD
    0x08005a30   0x08005a30   0x000006dc   Code   RO         4612    i._printf_core      mc_w.l(printfa.o)
    0x0800610c   0x0800610c   0x00000024   Code   RO         4613    i._printf_post_padding  mc_w.l(printfa.o)
    0x08006130   0x08006130   0x0000002e   Code   RO         4614    i._printf_pre_padding  mc_w.l(printfa.o)
    0x0800615e   0x0800615e   0x0000000a   Code   RO         4616    i._sputc            mc_w.l(printfa.o)
    0x08006168   0x08006168   0x00000018   Code   RO          214    i.abs_float         global.o
    0x08006180   0x08006180   0x0000027c   Code   RO         4311    i.acos              m_ws.l(acos.o)
    0x080063fc   0x080063fc   0x00000220   Code   RO         4321    i.atan              m_ws.l(atan.o)
    0x0800661c   0x0800661c   0x0000009c   Code   RO         4331    i.cos               m_ws.l(cos.o)
    0x080066b8   0x080066b8   0x00000042   Code   RO         4338    i.fmax              m_ws.l(fmax.o)
    0x080066fa   0x080066fa   0x00000042   Code   RO         4356    i.fmin              m_ws.l(fmin.o)
    0x0800673c   0x0800673c   0x00000078   Code   RO          816    i.fputc             uart.o
    0x080067b4   0x080067b4   0x00000180   Code   RO          520    i.kinematics_Move   kinematics.o
    0x08006934   0x08006934   0x0000060c   Code   RO          521    i.kinematics_analysis  kinematics.o
    0x08006f40   0x08006f40   0x00000100   Code   RO          288    i.loop_Joystick_key  application.o
    0x08007040   0x08007040   0x00000024   Code   RO          289    i.loop_app          application.o
    0x08007064   0x08007064   0x000000d4   Code   RO          290    i.loop_key          application.o
    0x08007138   0x08007138   0x000000c8   Code   RO            1    i.loop_oled         main.o
    0x08007200   0x08007200   0x00000010   Code   RO            2    i.main              main.o
    0x08007210   0x08007210   0x0000008c   Code   RO          291    i.setup_app         application.o
    0x0800729c   0x0800729c   0x00000030   Code   RO          292    i.setup_run_action  application.o
    0x080072cc   0x080072cc   0x000000a0   Code   RO         4341    i.sin               m_ws.l(sin.o)
    0x0800736c   0x0800736c   0x0000004c   Code   RO         4349    i.sqrt              m_ws.l(sqrt.o)
    0x080073b8   0x080073b8   0x00000063   Data   RO          553    .constdata          function.o
    0x0800741b   0x0800741b   0x00000001   PAD
    0x0800741c   0x0800741c   0x00000a5a   Data   RO          590    .constdata          oled.o
    0x08007e76   0x08007e76   0x00000002   PAD
    0x08007e78   0x08007e78   0x00000050   Data   RO         4312    .constdata          m_ws.l(acos.o)
    0x08007ec8   0x08007ec8   0x00000098   Data   RO         4322    .constdata          m_ws.l(atan.o)
    0x08007f60   0x08007f60   0x00000030   Data   RO         4677    .constdata          m_ws.l(cos_i.o)
    0x08007f90   0x08007f90   0x000000c8   Data   RO         4699    .constdata          m_ws.l(rred.o)
    0x08008058   0x08008058   0x00000028   Data   RO         4703    .constdata          m_ws.l(sin_i.o)
    0x08008080   0x08008080   0x00000040   Data   RO         4770    .constdata          mc_w.l(ctype_c.o)
    0x080080c0   0x080080c0   0x00000366   Data   RO          413    .conststring        app_ps2.o
    0x08008426   0x08008426   0x00000002   PAD
    0x08008428   0x08008428   0x00000020   Data   RO         4772    Region$$Table       anon$$obj.o


    Execution Region RW_IRAM1 (Exec base: 0x20000000, Load base: 0x08008448, Size: 0x00002768, Max: 0x00005000, ABSOLUTE, COMPRESSED[0x00000150])

    Exec Addr    Load Addr    Size         Type   Attr      Idx    E Section Name        Object

    0x20000000   COMPRESSED   0x00000405   Data   RW            3    .data               main.o
    0x20000405   COMPRESSED   0x00000003   PAD
    0x20000408   COMPRESSED   0x0000001c   Data   RW          293    .data               application.o
    0x20000424   COMPRESSED   0x00000020   Data   RW          368    .data               action.o
    0x20000444   COMPRESSED   0x0000008e   Data   RW          414    .data               app_ps2.o
    0x200004d2   COMPRESSED   0x00000001   Data   RW          456    .data               protocol.o
    0x200004d3   COMPRESSED   0x00000001   PAD
    0x200004d4   COMPRESSED   0x0000001e   Data   RW          554    .data               function.o
    0x200004f2   COMPRESSED   0x00000002   PAD
    0x200004f4   COMPRESSED   0x00000004   Data   RW          759    .data               pwmservo.o
    0x200004f8   COMPRESSED   0x0000000a   Data   RW          818    .data               uart.o
    0x20000502   COMPRESSED   0x00000005   Data   RW          992    .data               spi_flash.o
    0x20000507   COMPRESSED   0x00000001   PAD
    0x20000508   COMPRESSED   0x00000004   Data   RW         1218    .data               systick.o
    0x2000050c   COMPRESSED   0x00000003   Data   RW         1264    .data               timer.o
    0x2000050f   COMPRESSED   0x00000001   PAD
    0x20000510   COMPRESSED   0x00000014   Data   RW         1313    .data               system_stm32f10x.o
    0x20000524   COMPRESSED   0x00000014   Data   RW         2940    .data               stm32f10x_rcc.o
    0x20000538   COMPRESSED   0x00000004   Data   RW         4722    .data               mc_w.l(stdout.o)
    0x2000053c   COMPRESSED   0x00000004   Data   RW         4736    .data               mc_w.l(errno.o)
    0x20000540        -       0x000004d0   Zero   RW          455    .bss                protocol.o
    0x20000a10        -       0x00000058   Zero   RW          523    .bss                kinematics.o
    0x20000a68        -       0x000000e0   Zero   RW          758    .bss                pwmservo.o
    0x20000b48        -       0x00000800   Zero   RW          817    .bss                uart.o
    0x20001348        -       0x00000009   Zero   RW          943    .bss                ps2.o
    0x20001351   COMPRESSED   0x00000001   PAD
    0x20001352        -       0x00001012   Zero   RW          991    .bss                spi_flash.o
    0x20002364   COMPRESSED   0x00000004   PAD
    0x20002368        -       0x00000400   Zero   RW         1302    STACK               startup_stm32f10x_md.o


==============================================================================

Image component sizes


      Code (inc. data)   RO Data    RW Data    ZI Data      Debug   Object Name

       380         52          0         32          0       2289   action.o
       700         66        870        142          0       2313   app_ps2.o
      1332        194          0         28          0       7188   application.o
        52          6          0          0          0        514   beep.o
         0          0          0          0          0         32   core_cm3.o
       712        116         99         30          0       2844   function.o
       118          0          0          0          0     203661   global.o
        48          0          0          0          0       1604   gy33t.o
       462         36          0          0          0       4094   joystick.o
       104          8          0          0          0       1038   key.o
      1932        210          0          0         88       3557   kinematics.o
        56          6          0          0          0        503   led.o
       216         66          0       1029          0     283340   main.o
       112         12          0          0          0       1012   misc.o
       742         16       2650          0          0       4616   oled.o
      2596        670          0          1       1232       4985   protocol.o
       368         28          0          0          9       2288   ps2.o
       992         64          0          4        224       6382   pwmservo.o
        94          0          0          0          0        539   rcc.o
        60          8          0          0          0        474   servopid.o
      1022         34          0          0          0       6249   soft_i2c.o
       924         60          0          5       4114       8247   spi_flash.o
        36          8        236          0       1024        828   startup_stm32f10x_md.o
       394         10          0          0          0       8057   stm32f10x_adc.o
       428          8          0          0          0       4548   stm32f10x_dma.o
       476          6          0          0          0       5711   stm32f10x_gpio.o
       816        116          0         20          0      12847   stm32f10x_rcc.o
       112          0          0          0          0       3842   stm32f10x_spi.o
       270         42          0          0          0       4113   stm32f10x_tim.o
       670         28          0          0          0       8595   stm32f10x_usart.o
        72         14          0          0          0      16179   sys.o
       328         28          0         20          0       2381   system_stm32f10x.o
       196         22          0          4          0      18118   systick.o
       366         18          0          3          0       2404   timer.o
      1284        118          0         10       2048       7761   uart.o
       116         10          0          0          0       1041   ultrasonic.o

    ----------------------------------------------------------------------
     18614       2080       3892       1336       8744     644194   Object Totals
         0          0         32          0          0          0   (incl. Generated)
        28          0          5          8          5          0   (incl. Padding)

    ----------------------------------------------------------------------

      Code (inc. data)   RO Data    RW Data    ZI Data      Debug   Library Member Name

       636         62         80          0          0        188   acos.o
       544         70        152          0          0        124   atan.o
       156          8          0          0          0        104   cos.o
       252         22         48          0          0        124   cos_i.o
        34          6          0          0          0        204   dunder.o
        66          0          0          0          0         84   fmax.o
        66          0          0          0          0         84   fmin.o
        40          0          0          0          0         68   fpclassify.o
       170          0          0          0          0         96   poly.o
       904         76        200          0          0        140   rred.o
       160         10          0          0          0        108   sin.o
       236         12         40          0          0        128   sin_i.o
        76          0          0          0          0         84   sqrt.o
        56          8          0          0          0         84   __0sscanf.o
        86          0          0          0          0          0   __dczerorl2.o
        28          0          0          0          0         68   _chval.o
       812          4          0          0          0        112   _scanf.o
       332          0          0          0          0         96   _scanf_int.o
        64          0          0          0          0         84   _sgetc.o
        40          6         64          0          0         68   ctype_c.o
         0          0          0          0          0          0   entry.o
         0          0          0          0          0          0   entry10a.o
         0          0          0          0          0          0   entry11a.o
         8          4          0          0          0          0   entry2.o
         4          0          0          0          0          0   entry5.o
         0          0          0          0          0          0   entry7b.o
         0          0          0          0          0          0   entry8b.o
         8          4          0          0          0          0   entry9a.o
        12          6          0          4          0         68   errno.o
        30          0          0          0          0          0   handlers.o
        36          8          0          0          0         68   init.o
        10          0          0          0          0         68   isspace_c.o
         0          0          0          0          0          0   iusefp.o
        30          0          0          0          0         68   llshl.o
        36          0          0          0          0         68   llsshr.o
        32          0          0          0          0         68   llushr.o
        36          0          0          0          0         68   memcpya.o
        36          0          0          0          0        108   memseta.o
      2308         96          0          0          0        604   printfa.o
        40          8          0          0          0         84   scanf_char.o
       878         12          0          0          0        216   scanf_fp.o
         0          0          0          4          0          0   stdout.o
        18          0          0          0          0         68   strcpy.o
        14          0          0          0          0         68   strlen.o
        44          0          0          0          0         80   uidiv.o
        98          0          0          0          0         92   uldiv.o
        48          0          0          0          0         68   cdcmple.o
        48          0          0          0          0         68   cdrcmple.o
        20          0          0          0          0         68   cfcmple.o
        20          0          0          0          0         68   cfrcmple.o
        56          0          0          0          0         88   d2f.o
       334          0          0          0          0        148   dadd.o
        96          0          0          0          0         80   dcmp4.o
       222          0          0          0          0        100   ddiv.o
       186          0          0          0          0        176   depilogue.o
        62          0          0          0          0         80   dfixi.o
        48          0          0          0          0         68   dfixul.o
        34          0          0          0          0         76   dflti.o
        26          0          0          0          0         76   dfltui.o
        24          0          0          0          0         76   dfltul.o
       228          0          0          0          0         96   dmul.o
        46          0          0          0          0         80   dscalb.o
       162          0          0          0          0        100   dsqrt.o
        38          0          0          0          0         68   f2d.o
       176          0          0          0          0        140   fadd.o
       124          0          0          0          0         88   fdiv.o
       110          0          0          0          0        168   fepilogue.o
        50          0          0          0          0         68   ffixi.o
        40          0          0          0          0         68   ffixui.o
        18          0          0          0          0         68   fflti.o
        10          0          0          0          0         68   ffltui.o
       100          0          0          0          0         76   fmul.o

    ----------------------------------------------------------------------
     10774        422        584          8          0       6172   Library Totals
        12          0          0          0          0          0   (incl. Padding)

    ----------------------------------------------------------------------

      Code (inc. data)   RO Data    RW Data    ZI Data      Debug   Library Name

      3340        266        520          0          0       1536   m_ws.l
      5096        156         64          8          0       2308   mc_w.l
      2326          0          0          0          0       2328   mf_w.l

    ----------------------------------------------------------------------
     10774        422        584          8          0       6172   Library Totals

    ----------------------------------------------------------------------

==============================================================================


      Code (inc. data)   RO Data    RW Data    ZI Data      Debug   

     29388       2502       4476       1344       8744     638482   Grand Totals
     29388       2502       4476        336       8744     638482   ELF Image Totals (compressed)
     29388       2502       4476        336          0          0   ROM Totals

==============================================================================

    Total RO  Size (Code + RO Data)                33864 (  33.07kB)
    Total RW  Size (RW Data + ZI Data)             10088 (   9.85kB)
    Total ROM Size (Code + RO Data + RW Data)      34200 (  33.40kB)

==============================================================================

