<html>
<body>
<pre>
<h1>礦ision Build Log</h1>
<h2>Tool Versions:</h2>
IDE-Version: μVision V5.41.0.0
Copyright (C) 2024 ARM Ltd and ARM Germany GmbH. All rights reserved.
License Information: W WenUNxiN, W, LIC=CZLZX-HLQWN-NNWAF-6FWDP-6IJF8-7D5FJ
 
Tool Versions:
Toolchain:       MDK-ARM Plus  Version: 5.41.0.0
Toolchain Path:  C:\Keil_v5\ARM\ARMCC\Bin
C Compiler:      Armcc.exe V5.06 update 7 (build 960)
Assembler:       Armasm.exe V5.06 update 7 (build 960)
Linker/Locator:  ArmLink.exe V5.06 update 7 (build 960)
Library Manager: ArmAr.exe V5.06 update 7 (build 960)
Hex Converter:   FromElf.exe V5.06 update 7 (build 960)
CPU DLL:         SARMCM3.DLL V5.41.0.0
Dialog DLL:      DCM.DLL V1.17.5.0
Target DLL:      STLink\ST-LINKIII-KEIL_SWO.dll V3.3.0.0
Dialog DLL:      TCM.DLL V1.56.4.0
 
<h2>Project:</h2>
D:\Company_Project\课程资料\ControlBoard_F103\Routine\15-综合示例\Project\Project.uvprojx
Project File Date:  08/16/2025

<h2>Output:</h2>
*** Using Compiler 'V5.06 update 7 (build 960)', folder: 'C:\Keil_v5\ARM\ARMCC\Bin'
Rebuild target 'Target 1'
compiling main.c...
compiling Application.c...
compiling Protocol.c...
compiling Beep.c...
compiling ServoPID.c...
compiling Global.c...
compiling Kinematics.c...
compiling Key.c...
compiling PwmServo.c...
compiling Action.c...
compiling App_Ps2.c...
compiling Ultrasonic.c...
compiling OLED.c...
..\BSP\OLEDFont.h(215): warning:  #2548-D: multicharacter character literal (potential portability problem)
  '艾',
..\BSP\OLEDFont.h(218): warning:  #2548-D: multicharacter character literal (potential portability problem)
  '米',
..\BSP\OLEDFont.h(221): warning:  #2548-D: multicharacter character literal (potential portability problem)
  '思',
..\BSP\OLEDFont.h(224): warning:  #2548-D: multicharacter character literal (potential portability problem)
  '悠',
..\BSP\OLED.c: 4 warnings, 0 errors
compiling Uart.c...
compiling Led.c...
compiling Ps2.c...
compiling SPI_Flash.c...
compiling Soft_I2C.c...
assembling startup_stm32f10x_md.s...
compiling rcc.c...
compiling sys.c...
compiling Timer.c...
compiling SysTick.c...
compiling core_cm3.c...
compiling system_stm32f10x.c...
compiling misc.c...
compiling stm32f10x_adc.c...
compiling stm32f10x_bkp.c...
compiling stm32f10x_dac.c...
compiling stm32f10x_crc.c...
compiling stm32f10x_cec.c...
compiling stm32f10x_dbgmcu.c...
compiling stm32f10x_exti.c...
compiling stm32f10x_can.c...
compiling stm32f10x_dma.c...
compiling stm32f10x_flash.c...
compiling stm32f10x_gpio.c...
compiling stm32f10x_iwdg.c...
compiling stm32f10x_i2c.c...
compiling stm32f10x_fsmc.c...
compiling stm32f10x_pwr.c...
compiling stm32f10x_rtc.c...
compiling stm32f10x_rcc.c...
compiling stm32f10x_usart.c...
compiling stm32f10x_spi.c...
compiling stm32f10x_sdio.c...
compiling stm32f10x_wwdg.c...
compiling stm32f10x_tim.c...
linking...
Program Size: Code=27940 RO-data=1692 RW-data=1284 ZI-data=9732  
FromELF: creating hex file...
After Build - User command #1: D:\Company_Project\课程资料\ControlBoard_F103\Routine\16-综合示例-动作组\Project\keil5_disp_size_bar.exe
ram:
  RW_IRAM1 :0x20000000
   20.00 KB :|■■■■■■■■■___________|   48.83 % (    9.77 KB /    20.00 KB) [10480 B]
flash:
  ER_IROM1 :0x8000000
   64.00 KB :|■■■■■■■■■___________|   45.28 % (   28.98 KB /    64.00 KB) [35864 B]
"..\Objects\Project.axf" - 0 Error(s), 4 Warning(s).

<h2>Software Packages used:</h2>

Package Vendor: Keil
                https://www.keil.com/pack/Keil.STM32F1xx_DFP.2.4.1.pack
                Keil::STM32F1xx_DFP@2.4.1
                STMicroelectronics STM32F1 Series Device Support, Drivers and Examples

<h2>Collection of Component include folders:</h2>
  C:/Keil_v5/Pack/Keil/STM32F1xx_DFP/2.4.1/Device/Include

<h2>Collection of Component Files used:</h2>
Build Time Elapsed:  00:00:04
</pre>
</body>
</html>
